Component: ARM Compiler 5.06 update 6 (build 750) Tool: armlink [4d35ed]

==============================================================================

Section Cross References

    gd32f30x_it.o(i.EXTI10_15_IRQHandler) refers to gd32f30x_exti.o(i.exti_interrupt_flag_get) for exti_interrupt_flag_get
    gd32f30x_it.o(i.EXTI10_15_IRQHandler) refers to gd32f30x_exti.o(i.exti_interrupt_flag_clear) for exti_interrupt_flag_clear
    gd32f30x_it.o(i.EXTI10_15_IRQHandler) refers to main.o(.data) for tof_data_ready
    gd32f30x_it.o(i.USART1_IRQHandler) refers to hf_uart.o(i.uart_query) for uart_query
    gd32f30x_it.o(i.USART1_IRQHandler) refers to main.o(i.ai_wb2_01s_ch9143_rx_byte) for ai_wb2_01s_ch9143_rx_byte
    main.o(i.EXTI5_9_IRQHandler) refers to gd32f30x_exti.o(i.exti_interrupt_flag_get) for exti_interrupt_flag_get
    main.o(i.EXTI5_9_IRQHandler) refers to gd32f30x_exti.o(i.exti_interrupt_flag_clear) for exti_interrupt_flag_clear
    main.o(i.EXTI5_9_IRQHandler) refers to gd32f30x_exti.o(i.exti_interrupt_disable) for exti_interrupt_disable
    main.o(i.EXTI5_9_IRQHandler) refers to main.o(.data) for reed_last_state
    main.o(i.EXTI5_9_IRQHandler) refers to hf_systick.o(.data) for g_millis
    main.o(i.TIMER3_IRQHandler) refers to gd32f30x_timer.o(i.timer_interrupt_flag_get) for timer_interrupt_flag_get
    main.o(i.TIMER3_IRQHandler) refers to gd32f30x_timer.o(i.timer_interrupt_flag_clear) for timer_interrupt_flag_clear
    main.o(i.TIMER3_IRQHandler) refers to main.o(.data) for control_10ms_pending
    main.o(i.ai_wb2_01s_ble_recv_data) refers to memseta.o(.text) for __aeabi_memclr
    main.o(i.ai_wb2_01s_ble_recv_data) refers to main.o(.data) for ch9143_packet_ready
    main.o(i.ai_wb2_01s_ble_recv_data) refers to main.o(.bss) for ch9143_rx_buffer
    main.o(i.ai_wb2_01s_ch9143_rx_byte) refers to memseta.o(.text) for __aeabi_memclr
    main.o(i.ai_wb2_01s_ch9143_rx_byte) refers to main.o(.data) for ch9143_packet_ready
    main.o(i.ai_wb2_01s_ch9143_rx_byte) refers to main.o(.bss) for ch9143_rx_buffer
    main.o(i.avoid_obs) refers to dmx_tof400c.o(i.Get_Distance_TOF400C) for Get_Distance_TOF400C
    main.o(i.avoid_obs) refers to main.o(.data) for avoid_cnt
    main.o(i.avoid_obs) refers to flash.o(.data) for ble_avoid_distance_mm
    main.o(i.ble_recv_is_avoid_cmd) refers to strstr.o(.text) for strstr
    main.o(i.ble_recv_task) refers to main.o(i.ai_wb2_01s_ble_recv_data) for ai_wb2_01s_ble_recv_data
    main.o(i.ble_recv_task) refers to main.o(i.ble_recv_is_parking_cmd) for ble_recv_is_parking_cmd
    main.o(i.ble_recv_task) refers to memseta.o(.text) for __aeabi_memclr
    main.o(i.ble_recv_task) refers to main.o(i.ble_recv_is_avoid_cmd) for ble_recv_is_avoid_cmd
    main.o(i.ble_recv_task) refers to main.o(.bss) for recv_buffer
    main.o(i.ble_recv_task) refers to main.o(.data) for recv_data_flag
    main.o(i.ch9143_ble_init) refers to hf_uart.o(i.uart_init) for uart_init
    main.o(i.ch9143_ble_init) refers to hf_uart.o(i.uart_interrupt_init) for uart_interrupt_init
    main.o(i.check_bridge_trigger) refers to car_light.o(i.car_rgb_set_both) for car_rgb_set_both
    main.o(i.check_bridge_trigger) refers to main.o(.data) for avoid_cnt
    main.o(i.check_obstacle_trigger) refers to main.o(.data) for start_avoid_flag
    main.o(i.check_parking_trigger) refers to car_light.o(i.car_rgb_set_both) for car_rgb_set_both
    main.o(i.check_parking_trigger) refers to main.o(.data) for avoid_cnt
    main.o(i.check_parking_trigger) refers to hf_systick.o(.data) for g_millis
    main.o(i.check_parking_trigger) refers to flash.o(.data) for t_parking_1
    main.o(i.check_roundabout_trigger) refers to car_light.o(i.car_rgb_set_both) for car_rgb_set_both
    main.o(i.check_roundabout_trigger) refers to main.o(.data) for has_round_flag
    main.o(i.check_roundabout_trigger) refers to xunxian.o(.bss) for adc_value
    main.o(i.check_roundabout_trigger) refers to flash.o(.data) for round_adc_threshold
    main.o(i.check_roundabout_trigger) refers to hf_systick.o(.data) for g_millis
    main.o(i.control_10ms_task) refers to car_light.o(i.car_rgb_set_both) for car_rgb_set_both
    main.o(i.control_10ms_task) refers to xunxian.o(i.adc_getdata) for adc_getdata
    main.o(i.control_10ms_task) refers to xunxian.o(i.cal_err) for cal_err
    main.o(i.control_10ms_task) refers to xunxian.o(i.positional_PD_track) for positional_PD_track
    main.o(i.control_10ms_task) refers to main.o(.data) for avoid_cnt
    main.o(i.control_10ms_task) refers to hf_systick.o(.data) for g_millis
    main.o(i.control_10ms_task) refers to flash.o(.data) for used_speed_duty
    main.o(i.control_10ms_task) refers to xunxian.o(.bss) for track_PID
    main.o(i.control_10ms_task) refers to main.o(i.track_pid_reset_output) for track_pid_reset_output
    main.o(i.control_10ms_task) refers to hf_double_dc_motor.o(i.motor_forward) for motor_forward
    main.o(i.control_10ms_task) refers to main.o(i.motor_apply_track_pwm) for motor_apply_track_pwm
[...]
    i.uart_init                              0x0800546c   Section        0  hf_uart.o(i.uart_init)
    i.uart_interrupt_init                    0x08005620   Section        0  hf_uart.o(i.uart_interrupt_init)
    i.uart_query                             0x0800564e   Section        0  hf_uart.o(i.uart_query)
    i.ui_adjust_float                        0x0800566e   Section        0  ui.o(i.ui_adjust_float)
    ui_adjust_float                          0x0800566f   Thumb Code    42  ui.o(i.ui_adjust_float)
    i.ui_adjust_int                          0x08005698   Section        0  ui.o(i.ui_adjust_int)
    ui_adjust_int                            0x08005699   Thumb Code    20  ui.o(i.ui_adjust_int)
    i.ui_adjust_u16                          0x080056ac   Section        0  ui.o(i.ui_adjust_u16)
    ui_adjust_u16                            0x080056ad   Thumb Code    24  ui.o(i.ui_adjust_u16)
    i.ui_adjust_u32                          0x080056c4   Section        0  ui.o(i.ui_adjust_u32)
    ui_adjust_u32                            0x080056c5   Thumb Code    20  ui.o(i.ui_adjust_u32)
    i.ui_init                                0x080056d8   Section        0  ui.o(i.ui_init)
    i.ui_read_key_once                       0x0800570c   Section        0  ui.o(i.ui_read_key_once)
    ui_read_key_once                         0x0800570d   Thumb Code     8  ui.o(i.ui_read_key_once)
    i.ui_save_and_return                     0x08005714   Section        0  ui.o(i.ui_save_and_return)
    ui_save_and_return                       0x08005715   Thumb Code    96  ui.o(i.ui_save_and_return)
    i.ui_show_string                         0x0800579c   Section        0  ui.o(i.ui_show_string)
    ui_show_string                           0x0800579d   Thumb Code    28  ui.o(i.ui_show_string)
    i.ui_task                                0x080057b8   Section        0  ui.o(i.ui_task)
    i.ultra_init                             0x080067f4   Section        0  hf_hc-sr04.o(i.ultra_init)
    i.usart_baudrate_set                     0x08006828   Section        0  gd32f30x_usart.o(i.usart_baudrate_set)
    i.usart_data_receive                     0x080068b8   Section        0  gd32f30x_usart.o(i.usart_data_receive)
    i.usart_data_transmit                    0x080068c2   Section        0  gd32f30x_usart.o(i.usart_data_transmit)
    i.usart_deinit                           0x080068cc   Section        0  gd32f30x_usart.o(i.usart_deinit)
    i.usart_enable                           0x0800695c   Section        0  gd32f30x_usart.o(i.usart_enable)
    i.usart_flag_get                         0x08006966   Section        0  gd32f30x_usart.o(i.usart_flag_get)
    i.usart_interrupt_disable                0x08006984   Section        0  gd32f30x_usart.o(i.usart_interrupt_disable)
    i.usart_interrupt_enable                 0x0800699e   Section        0  gd32f30x_usart.o(i.usart_interrupt_enable)
    i.usart_receive_config                   0x080069b8   Section        0  gd32f30x_usart.o(i.usart_receive_config)
    i.usart_transmit_config                  0x080069c8   Section        0  gd32f30x_usart.o(i.usart_transmit_config)
    i.ws2812b_init                           0x080069d8   Section        0  hf_ws2812b.o(i.ws2812b_init)
    i.ws2812b_write                          0x08006a10   Section        0  hf_ws2812b.o(i.ws2812b_write)
    .constdata                               0x08006a8c   Section     2072  car_oled.o(.constdata)
    .constdata                               0x080072a4   Section        8  encoder.o(.constdata)
    .data                                    0x20000000   Section      252  main.o(.data)
    rgb_off                                  0x20000000   Data           3  main.o(.data)
    rgb_blue                                 0x20000003   Data           3  main.o(.data)
    rgb_green                                0x20000006   Data           3  main.o(.data)
    rgb_cyan                                 0x20000009   Data           3  main.o(.data)
    rgb_red                                  0x2000000c   Data           3  main.o(.data)
    rgb_purple                               0x2000000f   Data           3  main.o(.data)
    rgb_yellow                               0x20000012   Data           3  main.o(.data)
    rgb_white                                0x20000015   Data           3  main.o(.data)
    rgb_user_define                          0x20000018   Data           3  main.o(.data)
    ch9143_rx_len                            0x200000bb   Data           1  main.o(.data)
    ch9143_packet_ready                      0x200000bc   Data           1  main.o(.data)
    ble_avoid_armed                          0x200000bd   Data           1  main.o(.data)
    ble_parking_cmd_pending                  0x200000be   Data           1  main.o(.data)
    control_10ms_pending                     0x200000bf   Data           1  main.o(.data)
    round_out_wait_start                     0x200000c0   Data           4  main.o(.data)
    avoid_start_ms                           0x200000c4   Data           4  main.o(.data)
    last_avoid_cnt                           0x200000c8   Data           1  main.o(.data)
    park_start_ms                            0x200000cc   Data           4  main.o(.data)
    last_parking_cnt                         0x200000d0   Data           1  main.o(.data)
    bridge_start_ms                          0x200000d4   Data           4  main.o(.data)
    last_bridge_state                        0x200000d8   Data           1  main.o(.data)
    round_start_ms                           0x200000dc   Data           4  main.o(.data)
    last_round_state                         0x200000e0   Data           1  main.o(.data)
    park_trig_start                          0x200000e4   Data           4  main.o(.data)
    is_parking_triggering                    0x200000e8   Data           1  main.o(.data)
    round_trig_start                         0x200000ec   Data           4  main.o(.data)
    is_round_triggering                      0x200000f0   Data           1  main.o(.data)
    bridge_start_ms                          0x200000f4   Data           4  main.o(.data)
    round_start_ms                           0x200000f8   Data           4  main.o(.data)
    .data                                    0x20000100   Section       42  car_light.o(.data)
    rgb_off                                  0x20000100   Data           3  car_light.o(.data)
    rgb_blue                                 0x20000103   Data           3  car_light.o(.data)
    rgb_green                                0x20000106   Data           3  car_light.o(.data)
    rgb_cyan                                 0x20000109   Data           3  car_light.o(.data)
    rgb_red                                  0x2000010c   Data           3  car_light.o(.data)
    rgb_purple                               0x2000010f   Data           3  car_light.o(.data)
    rgb_yellow                               0x20000112   Data           3  car_light.o(.data)
    rgb_white                                0x20000115   Data           3  car_light.o(.data)
    rgb_user_define                          0x20000118   Data           3  car_light.o(.data)
    rgb_auto_off_enabled                     0x2000011b   Data           1  car_light.o(.data)
    rgb_auto_off_time_us                     0x20000120   Data           8  car_light.o(.data)
    rgb_both_cached_valid                    0x20000128   Data           1  car_light.o(.data)
    rgb_both_cached_color                    0x20000129   Data           1  car_light.o(.data)
    .data                                    0x2000012c   Section      124  car_6keys.o(.data)
    rgb_off                                  0x2000012c   Data           3  car_6keys.o(.data)
    rgb_blue                                 0x2000012f   Data           3  car_6keys.o(.data)
    rgb_green                                0x20000132   Data           3  car_6keys.o(.data)
    rgb_cyan                                 0x20000135   Data           3  car_6keys.o(.data)
    rgb_red                                  0x20000138   Data           3  car_6keys.o(.data)
    rgb_purple                               0x2000013b   Data           3  car_6keys.o(.data)
    rgb_yellow                               0x2000013e   Data           3  car_6keys.o(.data)
    rgb_white                                0x20000141   Data           3  car_6keys.o(.data)
    rgb_user_define                          0x20000144   Data           3  car_6keys.o(.data)
    key_table                                0x20000148   Data          96  car_6keys.o(.data)
    .data                                    0x200001a8   Section       76  flash.o(.data)
    rgb_off                                  0x200001a8   Data           3  flash.o(.data)
    rgb_blue                                 0x200001ab   Data           3  flash.o(.data)
    rgb_green                                0x200001ae   Data           3  flash.o(.data)
    rgb_cyan                                 0x200001b1   Data           3  flash.o(.data)
    rgb_red                                  0x200001b4   Data           3  flash.o(.data)
    rgb_purple                               0x200001b7   Data           3  flash.o(.data)
    rgb_yellow                               0x200001ba   Data           3  flash.o(.data)
    rgb_white                                0x200001bd   Data           3  flash.o(.data)
    rgb_user_define                          0x200001c0   Data           3  flash.o(.data)
    .data                                    0x200001f4   Section       41  ui.o(.data)
    rgb_off                                  0x200001f4   Data           3  ui.o(.data)
    rgb_blue                                 0x200001f7   Data           3  ui.o(.data)
    rgb_green                                0x200001fa   Data           3  ui.o(.data)
    rgb_cyan                                 0x200001fd   Data           3  ui.o(.data)
    rgb_red                                  0x20000200   Data           3  ui.o(.data)
    rgb_purple                               0x20000203   Data           3  ui.o(.data)
    rgb_yellow                               0x20000206   Data           3  ui.o(.data)
    rgb_white                                0x20000209   Data           3  ui.o(.data)
    rgb_user_define                          0x2000020c   Data           3  ui.o(.data)
    ui_page                                  0x2000020f   Data           1  ui.o(.data)
    ui_cursor                                0x20000210   Data           1  ui.o(.data)
    scroll_top                               0x20000211   Data           1  ui.o(.data)
    req                                      0x20000218   Data           4  ui.o(.data)
    sensor_tick                              0x2000021c   Data           1  ui.o(.data)
    .data                                    0x20000220   Section        4  system_gd32f30x.o(.data)
    .data                                    0x20000224   Section       48  hf_systick.o(.data)
    rgb_off                                  0x20000224   Data           3  hf_systick.o(.data)
    rgb_blue                                 0x20000227   Data           3  hf_systick.o(.data)
    rgb_green                                0x2000022a   Data           3  hf_systick.o(.data)
    rgb_cyan                                 0x2000022d   Data           3  hf_systick.o(.data)
    rgb_red                                  0x20000230   Data           3  hf_systick.o(.data)
    rgb_purple                               0x20000233   Data           3  hf_systick.o(.data)
    rgb_yellow                               0x20000236   Data           3  hf_systick.o(.data)
    rgb_white                                0x20000239   Data           3  hf_systick.o(.data)
    rgb_user_define                          0x2000023c   Data           3  hf_systick.o(.data)
    sysTick_clk                              0x20000248   Data           4  hf_systick.o(.data)
    ticks_per_us                             0x2000024c   Data           4  hf_systick.o(.data)
    ticks_per_us_frac                        0x20000250   Data           4  hf_systick.o(.data)
    .data                                    0x20000254   Section      162  dmx_tof400c.o(.data)
    rgb_off                                  0x20000254   Data           3  dmx_tof400c.o(.data)
    rgb_blue                                 0x20000257   Data           3  dmx_tof400c.o(.data)
    rgb_green                                0x2000025a   Data           3  dmx_tof400c.o(.data)
    rgb_cyan                                 0x2000025d   Data           3  dmx_tof400c.o(.data)
    rgb_red                                  0x20000260   Data           3  dmx_tof400c.o(.data)
    rgb_purple                               0x20000263   Data           3  dmx_tof400c.o(.data)
    rgb_yellow                               0x20000266   Data           3  dmx_tof400c.o(.data)
    rgb_white                                0x20000269   Data           3  dmx_tof400c.o(.data)
    rgb_user_define                          0x2000026c   Data           3  dmx_tof400c.o(.data)
    .data                                    0x200002f8   Section        4  stdout.o(.data)
    .bss                                     0x200002fc   Section      192  main.o(.bss)
    ch9143_rx_buffer                         0x2000037c   Data          64  main.o(.bss)
    .bss                                     0x200003bc   Section     1024  car_oled.o(.bss)
    .bss                                     0x200007bc   Section       94  xunxian.o(.bss)
    .bss                                     0x2000081c   Section       48  encoder.o(.bss)
    .bss                                     0x2000084c   Section       72  flash.o(.bss)
    flash_box                                0x2000084c   Data          72  flash.o(.bss)
    .bss                                     0x20000894   Section       12  hf_pwm.o(.bss)
    STACK                                    0x200008a0   Section     1024  startup_gd32f30x_hd.o(STACK)

    Global Symbols

    Symbol Name                              Value     Ov Type        Size  Object(Section)

    BuildAttributes$$THM_ISAv4$E$P$D$K$B$S$7EM$VFPi3$EXTD16$VFPS$VFMA$PE$A:L22UL41UL21$X:L11$S22US41US21$IEEE1$IW$USESV6$~STKCKD$USESV7$~SHL$OTIME$ROPI$IEEEJ$EBA8$MICROLIB$REQ8$PRES8$EABIv2 0x00000000   Number         0  anon$$obj.o ABSOLUTE
    __ARM_use_no_argv                        0x00000000   Number         0  main.o ABSOLUTE
    _printf_a                                0x00000000   Number         0  stubs.o ABSOLUTE
    _printf_c                                0x00000000   Number         0  stubs.o ABSOLUTE
    _printf_charcount                        0x00000000   Number         0  stubs.o ABSOLUTE
    _printf_d                                0x00000000   Number         0  stubs.o ABSOLUTE
    _printf_e                                0x00000000   Number         0  stubs.o ABSOLUTE
    _printf_f                                0x00000000   Number         0  stubs.o ABSOLUTE
    _printf_flags                            0x00000000   Number         0  stubs.o ABSOLUTE
    _printf_fp_dec                           0x00000000   Number         0  stubs.o ABSOLUTE
    _printf_fp_hex                           0x00000000   Number         0  stubs.o ABSOLUTE
    _printf_g                                0x00000000   Number         0  stubs.o ABSOLUTE
    _printf_i                                0x00000000   Number         0  stubs.o ABSOLUTE
    _printf_int_dec                          0x00000000   Number         0  stubs.o ABSOLUTE
    _printf_l                                0x00000000   Number         0  stubs.o ABSOLUTE
    _printf_lc                               0x00000000   Number         0  stubs.o ABSOLUTE
    _printf_ll                               0x00000000   Number         0  stubs.o ABSOLUTE
    _printf_lld                              0x00000000   Number         0  stubs.o ABSOLUTE
    _printf_lli                              0x00000000   Number         0  stubs.o ABSOLUTE
    _printf_llo                              0x00000000   Number         0  stubs.o ABSOLUTE
    _printf_llu                              0x00000000   Number         0  stubs.o ABSOLUTE
    _printf_llx                              0x00000000   Number         0  stubs.o ABSOLUTE
    _printf_longlong_dec                     0x00000000   Number         0  stubs.o ABSOLUTE
    _printf_longlong_hex                     0x00000000   Number         0  stubs.o ABSOLUTE
    _printf_longlong_oct                     0x00000000   Number         0  stubs.o ABSOLUTE
    _printf_ls                               0x00000000   Number         0  stubs.o ABSOLUTE
    _printf_mbtowc                           0x00000000   Number         0  stubs.o ABSOLUTE
    _printf_n                                0x00000000   Number         0  stubs.o ABSOLUTE
    _printf_o                                0x00000000   Number         0  stubs.o ABSOLUTE
    _printf_p                                0x00000000   Number         0  stubs.o ABSOLUTE
    _printf_percent                          0x00000000   Number         0  stubs.o ABSOLUTE
    _printf_pre_padding                      0x00000000   Number         0  stubs.o ABSOLUTE
    _printf_return_value                     0x00000000   Number         0  stubs.o ABSOLUTE
    _printf_s                                0x00000000   Number         0  stubs.o ABSOLUTE
    _printf_sizespec                         0x00000000   Number         0  stubs.o ABSOLUTE
    _printf_str                              0x00000000   Number         0  stubs.o ABSOLUTE
    _printf_truncate_signed                  0x00000000   Number         0  stubs.o ABSOLUTE
    _printf_truncate_unsigned                0x00000000   Number         0  stubs.o ABSOLUTE
    _printf_u                                0x00000000   Number         0  stubs.o ABSOLUTE
    _printf_wc                               0x00000000   Number         0  stubs.o ABSOLUTE
    _printf_wctomb                           0x00000000   Number         0  stubs.o ABSOLUTE
    _printf_widthprec                        0x00000000   Number         0  stubs.o ABSOLUTE
    _printf_x                                0x00000000   Number         0  stubs.o ABSOLUTE
    __cpp_initialize__aeabi_                  - Undefined Weak Reference
    __cxa_finalize                            - Undefined Weak Reference
    _clock_init                               - Undefined Weak Reference
    _microlib_exit                            - Undefined Weak Reference
    __Vectors_Size                           0x00000130   Number         0  startup_gd32f30x_hd.o ABSOLUTE
    __Vectors                                0x08000000   Data           4  startup_gd32f30x_hd.o(RESET)
    __Vectors_End                            0x08000130   Data           0  startup_gd32f30x_hd.o(RESET)
    __main                                   0x08000131   Thumb Code     0  entry.o(.ARM.Collect$$$$00000000)
    _main_stk                                0x08000131   Thumb Code     0  entry2.o(.ARM.Collect$$$$00000001)
    _main_scatterload                        0x08000135   Thumb Code     0  entry5.o(.ARM.Collect$$$$00000004)
    __main_after_scatterload                 0x08000139   Thumb Code     0  entry5.o(.ARM.Collect$$$$00000004)
    _main_clock                              0x08000139   Thumb Code     0  entry7b.o(.ARM.Collect$$$$00000008)
    _main_cpp_init                           0x08000139   Thumb Code     0  entry8b.o(.ARM.Collect$$$$0000000A)
    _main_init                               0x08000139   Thumb Code     0  entry9a.o(.ARM.Collect$$$$0000000B)
    __rt_final_cpp                           0x08000141   Thumb Code     0  entry10a.o(.ARM.Collect$$$$0000000D)
    __rt_final_exit                          0x08000141   Thumb Code     0  entry11a.o(.ARM.Collect$$$$0000000F)
    Reset_Handler                            0x08000145   Thumb Code     8  startup_gd32f30x_hd.o(.text)
    ADC0_1_IRQHandler                        0x0800015f   Thumb Code     0  startup_gd32f30x_hd.o(.text)
    ADC2_IRQHandler                          0x0800015f   Thumb Code     0  startup_gd32f30x_hd.o(.text)
    CAN0_EWMC_IRQHandler                     0x0800015f   Thumb Code     0  startup_gd32f30x_hd.o(.text)
    CAN0_RX1_IRQHandler                      0x0800015f   Thumb Code     0  startup_gd32f30x_hd.o(.text)
    DMA0_Channel0_IRQHandler                 0x0800015f   Thumb Code     0  startup_gd32f30x_hd.o(.text)
    DMA0_Channel1_IRQHandler                 0x0800015f   Thumb Code     0  startup_gd32f30x_hd.o(.text)
    DMA0_Channel2_IRQHandler                 0x0800015f   Thumb Code     0  startup_gd32f30x_hd.o(.text)
    DMA0_Channel3_IRQHandler                 0x0800015f   Thumb Code     0  startup_gd32f30x_hd.o(.text)
    DMA0_Channel4_IRQHandler                 0x0800015f   Thumb Code     0  startup_gd32f30x_hd.o(.text)
    DMA0_Channel5_IRQHandler                 0x0800015f   Thumb Code     0  startup_gd32f30x_hd.o(.text)
    DMA0_Channel6_IRQHandler                 0x0800015f   Thumb Code     0  startup_gd32f30x_hd.o(.text)
    DMA1_Channel0_IRQHandler                 0x0800015f   Thumb Code     0  startup_gd32f30x_hd.o(.text)
    DMA1_Channel1_IRQHandler                 0x0800015f   Thumb Code     0  startup_gd32f30x_hd.o(.text)
    DMA1_Channel2_IRQHandler                 0x0800015f   Thumb Code     0  startup_gd32f30x_hd.o(.text)
    DMA1_Channel3_4_IRQHandler               0x0800015f   Thumb Code     0  startup_gd32f30x_hd.o(.text)
    EXMC_IRQHandler                          0x0800015f   Thumb Code     0  startup_gd32f30x_hd.o(.text)
    FMC_IRQHandler                           0x0800015f   Thumb Code     0  startup_gd32f30x_hd.o(.text)
    I2C0_ER_IRQHandler                       0x0800015f   Thumb Code     0  startup_gd32f30x_hd.o(.text)
    I2C1_ER_IRQHandler                       0x0800015f   Thumb Code     0  startup_gd32f30x_hd.o(.text)
    LVD_IRQHandler                           0x0800015f   Thumb Code     0  startup_gd32f30x_hd.o(.text)
    RCU_CTC_IRQHandler                       0x0800015f   Thumb Code     0  startup_gd32f30x_hd.o(.text)
    RTC_Alarm_IRQHandler                     0x0800015f   Thumb Code     0  startup_gd32f30x_hd.o(.text)
    RTC_IRQHandler                           0x0800015f   Thumb Code     0  startup_gd32f30x_hd.o(.text)
    SDIO_IRQHandler                          0x0800015f   Thumb Code     0  startup_gd32f30x_hd.o(.text)
    TAMPER_IRQHandler                        0x0800015f   Thumb Code     0  startup_gd32f30x_hd.o(.text)
    TIMER0_BRK_IRQHandler                    0x0800015f   Thumb Code     0  startup_gd32f30x_hd.o(.text)
    TIMER0_Channel_IRQHandler                0x0800015f   Thumb Code     0  startup_gd32f30x_hd.o(.text)
    TIMER0_TRG_CMT_IRQHandler                0x0800015f   Thumb Code     0  startup_gd32f30x_hd.o(.text)
    TIMER0_UP_IRQHandler                     0x0800015f   Thumb Code     0  startup_gd32f30x_hd.o(.text)
    TIMER4_IRQHandler                        0x0800015f   Thumb Code     0  startup_gd32f30x_hd.o(.text)
    TIMER7_BRK_IRQHandler                    0x0800015f   Thumb Code     0  startup_gd32f30x_hd.o(.text)
    TIMER7_TRG_CMT_IRQHandler                0x0800015f   Thumb Code     0  startup_gd32f30x_hd.o(.text)
    TIMER7_UP_IRQHandler                     0x0800015f   Thumb Code     0  startup_gd32f30x_hd.o(.text)
    USBD_HP_CAN0_TX_IRQHandler               0x0800015f   Thumb Code     0  startup_gd32f30x_hd.o(.text)
    USBD_LP_CAN0_RX0_IRQHandler              0x0800015f   Thumb Code     0  startup_gd32f30x_hd.o(.text)
    USBD_WKUP_IRQHandler                     0x0800015f   Thumb Code     0  startup_gd32f30x_hd.o(.text)
    WWDGT_IRQHandler                         0x0800015f   Thumb Code     0  startup_gd32f30x_hd.o(.text)
    __aeabi_uldivmod                         0x08000169   Thumb Code    98  uldiv.o(.text)
    __aeabi_memset                           0x080001cb   Thumb Code    14  memseta.o(.text)
    __aeabi_memset4                          0x080001cb   Thumb Code     0  memseta.o(.text)
    __aeabi_memset8                          0x080001cb   Thumb Code     0  memseta.o(.text)
    __aeabi_memclr                           0x080001d9   Thumb Code     4  memseta.o(.text)
    __aeabi_memclr4                          0x080001d9   Thumb Code     0  memseta.o(.text)
    __aeabi_memclr8                          0x080001d9   Thumb Code     0  memseta.o(.text)
    _memset$wrapper                          0x080001dd   Thumb Code    18  memseta.o(.text)
    strstr                                   0x080001ef   Thumb Code    36  strstr.o(.text)
    memcmp                                   0x08000213   Thumb Code    26  memcmp.o(.text)
    __aeabi_dmul                             0x0800022d   Thumb Code   228  dmul.o(.text)
    __aeabi_f2d                              0x08000311   Thumb Code    38  f2d.o(.text)
    __aeabi_cdrcmple                         0x08000339   Thumb Code    48  cdrcmple.o(.text)
    __aeabi_uidiv                            0x08000369   Thumb Code     0  uidiv.o(.text)
    __aeabi_uidivmod                         0x08000369   Thumb Code    44  uidiv.o(.text)
    __aeabi_llsl                             0x08000395   Thumb Code    30  llshl.o(.text)
    _ll_shift_l                              0x08000395   Thumb Code     0  llshl.o(.text)
    __aeabi_llsr                             0x080003b3   Thumb Code    32  llushr.o(.text)
    _ll_ushift_r                             0x080003b3   Thumb Code     0  llushr.o(.text)
    __I$use$fp                               0x080003d3   Thumb Code     0  iusefp.o(.text)
    _double_round                            0x080003d3   Thumb Code    30  depilogue.o(.text)
    _double_epilogue                         0x080003f1   Thumb Code   156  depilogue.o(.text)
    __aeabi_dadd                             0x0800048d   Thumb Code   322  dadd.o(.text)
    __aeabi_dsub                             0x080005cf   Thumb Code     6  dadd.o(.text)
    __aeabi_drsub                            0x080005d5   Thumb Code     6  dadd.o(.text)
    __aeabi_ddiv                             0x080005db   Thumb Code   222  ddiv.o(.text)
    __aeabi_d2ulz                            0x080006b9   Thumb Code    48  dfixul.o(.text)
    __scatterload                            0x080006e9   Thumb Code    28  init.o(.text)
    __scatterload_rt2                        0x080006e9   Thumb Code     0  init.o(.text)
    __aeabi_lasr                             0x0800070d   Thumb Code    36  llsshr.o(.text)
    _ll_sshift_r                             0x0800070d   Thumb Code     0  llsshr.o(.text)
    __decompress                             0x08000731   Thumb Code     0  __dczerorl2.o(.text)
    __decompress1                            0x08000731   Thumb Code    86  __dczerorl2.o(.text)
    BusFault_Handler                         0x08000787   Thumb Code     4  gd32f30x_it.o(i.BusFault_Handler)
    DebugMon_Handler                         0x080007b5   Thumb Code     2  gd32f30x_it.o(i.DebugMon_Handler)
    EXTI0_IRQHandler                         0x080007b7   Thumb Code     2  gd32f30x_it.o(i.EXTI0_IRQHandler)
    EXTI10_15_IRQHandler                     0x080007b9   Thumb Code    28  gd32f30x_it.o(i.EXTI10_15_IRQHandler)
    EXTI1_IRQHandler                         0x080007d9   Thumb Code     2  gd32f30x_it.o(i.EXTI1_IRQHandler)
    EXTI2_IRQHandler                         0x080007db   Thumb Code     2  gd32f30x_it.o(i.EXTI2_IRQHandler)
    EXTI3_IRQHandler                         0x080007dd   Thumb Code     2  gd32f30x_it.o(i.EXTI3_IRQHandler)
    EXTI4_IRQHandler                         0x080007df   Thumb Code     2  gd32f30x_it.o(i.EXTI4_IRQHandler)
    EXTI5_9_IRQHandler                       0x080007e1   Thumb Code    50  main.o(i.EXTI5_9_IRQHandler)
    Get_Distance_TOF400C                     0x08000825   Thumb Code    76  dmx_tof400c.o(i.Get_Distance_TOF400C)
    HardFault_Handler                        0x08000899   Thumb Code     4  gd32f30x_it.o(i.HardFault_Handler)
    I2C0_EV_IRQHandler                       0x0800089d   Thumb Code     2  gd32f30x_it.o(i.I2C0_EV_IRQHandler)
    I2C1_EV_IRQHandler                       0x0800089f   Thumb Code     2  gd32f30x_it.o(i.I2C1_EV_IRQHandler)
    Init_TOF400C                             0x080008a1   Thumb Code   356  dmx_tof400c.o(i.Init_TOF400C)
    MemManage_Handler                        0x08000a41   Thumb Code     4  gd32f30x_it.o(i.MemManage_Handler)
    Motor_PID_Init                           0x08000a45   Thumb Code    48  encoder.o(i.Motor_PID_Init)
    NMI_Handler                              0x08000a8d   Thumb Code     2  gd32f30x_it.o(i.NMI_Handler)
    PID_Init                                 0x08000ab9   Thumb Code    34  encoder.o(i.PID_Init)
    PendSV_Handler                           0x08000ae1   Thumb Code     2  gd32f30x_it.o(i.PendSV_Handler)
    SPI0_IRQHandler                          0x08000ae3   Thumb Code     2  gd32f30x_it.o(i.SPI0_IRQHandler)
    SPI1_IRQHandler                          0x08000ae5   Thumb Code     2  gd32f30x_it.o(i.SPI1_IRQHandler)
    SPI2_IRQHandler                          0x08000ae7   Thumb Code     2  gd32f30x_it.o(i.SPI2_IRQHandler)
    SVC_Handler                              0x08000ae9   Thumb Code     2  gd32f30x_it.o(i.SVC_Handler)
    SysTick_Handler                          0x08000aed   Thumb Code    30  hf_systick.o(i.SysTick_Handler)
    SystemInit                               0x08000b2d   Thumb Code   156  system_gd32f30x.o(i.SystemInit)
    TIMER1_IRQHandler                        0x08000bd5   Thumb Code     2  gd32f30x_it.o(i.TIMER1_IRQHandler)
    TIMER2_IRQHandler                        0x08000bd7   Thumb Code     2  gd32f30x_it.o(i.TIMER2_IRQHandler)
    TIMER3_IRQHandler                        0x08000bd9   Thumb Code    30  main.o(i.TIMER3_IRQHandler)
    TIMER5_IRQHandler                        0x08000c01   Thumb Code     2  gd32f30x_it.o(i.TIMER5_IRQHandler)
    TIMER6_IRQHandler                        0x08000c03   Thumb Code     2  gd32f30x_it.o(i.TIMER6_IRQHandler)
    TIMER7_Channel_IRQHandler                0x08000c05   Thumb Code     2  gd32f30x_it.o(i.TIMER7_Channel_IRQHandler)
    UART3_IRQHandler                         0x08000f0b   Thumb Code     2  gd32f30x_it.o(i.UART3_IRQHandler)
    UART4_IRQHandler                         0x08000f0d   Thumb Code     2  gd32f30x_it.o(i.UART4_IRQHandler)
    USART0_IRQHandler                        0x08000f0f   Thumb Code     2  gd32f30x_it.o(i.USART0_IRQHandler)
    USART1_IRQHandler                        0x08000f11   Thumb Code    24  gd32f30x_it.o(i.USART1_IRQHandler)
    USART2_IRQHandler                        0x08000f2d   Thumb Code     2  gd32f30x_it.o(i.USART2_IRQHandler)
    UsageFault_Handler                       0x08000f2f   Thumb Code     4  gd32f30x_it.o(i.UsageFault_Handler)
    __0printf                                0x08000f35   Thumb Code    22  printfa.o(i.__0printf)
    __1printf                                0x08000f35   Thumb Code     0  printfa.o(i.__0printf)
    __2printf                                0x08000f35   Thumb Code     0  printfa.o(i.__0printf)
    __c89printf                              0x08000f35   Thumb Code     0  printfa.o(i.__0printf)
    printf                                   0x08000f35   Thumb Code     0  printfa.o(i.__0printf)
    __0sprintf                               0x08000f55   Thumb Code    34  printfa.o(i.__0sprintf)
    __1sprintf                               0x08000f55   Thumb Code     0  printfa.o(i.__0sprintf)
    __2sprintf                               0x08000f55   Thumb Code     0  printfa.o(i.__0sprintf)
    __c89sprintf                             0x08000f55   Thumb Code     0  printfa.o(i.__0sprintf)
    sprintf                                  0x08000f55   Thumb Code     0  printfa.o(i.__0sprintf)
    __scatterload_copy                       0x08000f7d   Thumb Code    14  handlers.o(i.__scatterload_copy)
    __scatterload_null                       0x08000f8b   Thumb Code     2  handlers.o(i.__scatterload_null)
    __scatterload_zeroinit                   0x08000f8d   Thumb Code    14  handlers.o(i.__scatterload_zeroinit)
    adc_calibration_enable                   0x08001859   Thumb Code    42  gd32f30x_adc.o(i.adc_calibration_enable)
    adc_channel_init                         0x08001883   Thumb Code    16  car_adc.o(i.adc_channel_init)
    adc_convert                              0x08001893   Thumb Code    56  hf_adc.o(i.adc_convert)
    adc_data_alignment_config                0x080018cb   Thumb Code    22  gd32f30x_adc.o(i.adc_data_alignment_config)
    adc_deinit                               0x080018e1   Thumb Code    84  gd32f30x_adc.o(i.adc_deinit)
    adc_enable                               0x08001939   Thumb Code    18  gd32f30x_adc.o(i.adc_enable)
    adc_external_trigger_config              0x0800194b   Thumb Code    62  gd32f30x_adc.o(i.adc_external_trigger_config)
    adc_external_trigger_source_config       0x08001989   Thumb Code    48  gd32f30x_adc.o(i.adc_external_trigger_source_config)
    adc_flag_clear                           0x080019b9   Thumb Code     8  gd32f30x_adc.o(i.adc_flag_clear)
    adc_flag_get                             0x080019c1   Thumb Code    14  gd32f30x_adc.o(i.adc_flag_get)
    adc_get                                  0x080019cf   Thumb Code    20  car_adc.o(i.adc_get)
    adc_getdata                              0x080019e5   Thumb Code    64  xunxian.o(i.adc_getdata)
    adc_init                                 0x08001a2d   Thumb Code   522  hf_adc.o(i.adc_init)
    adc_regular_channel_config               0x08001c51   Thumb Code   172  gd32f30x_adc.o(i.adc_regular_channel_config)
    adc_regular_data_read                    0x08001cfd   Thumb Code     8  gd32f30x_adc.o(i.adc_regular_data_read)
    adc_software_trigger_enable              0x08001d05   Thumb Code    30  gd32f30x_adc.o(i.adc_software_trigger_enable)
    adc_special_function_config              0x08001d23   Thumb Code    90  gd32f30x_adc.o(i.adc_special_function_config)
    ai_wb2_01s_ch9143_rx_byte                0x08001dcd   Thumb Code   158  main.o(i.ai_wb2_01s_ch9143_rx_byte)
    avoid_obs                                0x08001e79   Thumb Code    92  main.o(i.avoid_obs)
    board_led_init                           0x08002011   Thumb Code    54  board.o(i.board_led_init)
    cal_err                                  0x0800204d   Thumb Code    90  xunxian.o(i.cal_err)
    car_both_rgb_off                         0x080020c9   Thumb Code    30  car_light.o(i.car_both_rgb_off)
    car_init                                 0x080020f9   Thumb Code   166  car_init.o(i.car_init)
    car_rgb_set_both                         0x08002205   Thumb Code    68  car_light.o(i.car_rgb_set_both)
    check_bridge_trigger                     0x08002299   Thumb Code    64  main.o(i.check_bridge_trigger)
    check_obstacle_trigger                   0x080022fd   Thumb Code    36  main.o(i.check_obstacle_trigger)
    check_parking_trigger                    0x08002331   Thumb Code   116  main.o(i.check_parking_trigger)
    check_roundabout_trigger                 0x080023d1   Thumb Code   150  main.o(i.check_roundabout_trigger)
    delay_1ms                                0x08002a29   Thumb Code    24  hf_systick.o(i.delay_1ms)
    delay_1us                                0x08002a45   Thumb Code    80  hf_systick.o(i.delay_1us)
    encoder_timer_config                     0x08002aa1   Thumb Code   184  encoder.o(i.encoder_timer_config)
    exti_enable                              0x08002b65   Thumb Code   502  hf_exti.o(i.exti_enable)
    exti_init                                0x08002d79   Thumb Code   178  gd32f30x_exti.o(i.exti_init)
    exti_interrupt_disable                   0x08002e31   Thumb Code    12  gd32f30x_exti.o(i.exti_interrupt_disable)
    exti_interrupt_enable                    0x08002e41   Thumb Code    12  gd32f30x_exti.o(i.exti_interrupt_enable)
    exti_interrupt_flag_clear                0x08002e51   Thumb Code     6  gd32f30x_exti.o(i.exti_interrupt_flag_clear)
    exti_interrupt_flag_get                  0x08002e5d   Thumb Code    32  gd32f30x_exti.o(i.exti_interrupt_flag_get)
    flash_ReadPage_uint32_t                  0x08002e81   Thumb Code    82  hf_flash.o(i.flash_ReadPage_uint32_t)
    flash_WritePage_uint32_t                 0x08002ed3   Thumb Code   106  hf_flash.o(i.flash_WritePage_uint32_t)
    flash_init_and_load                      0x08002f3d   Thumb Code   316  flash.o(i.flash_init_and_load)
    flash_save_params                        0x0800320d   Thumb Code   278  flash.o(i.flash_save_params)
    fmc_bank0_ready_wait                     0x0800338d   Thumb Code    34  gd32f30x_fmc.o(i.fmc_bank0_ready_wait)
    fmc_bank0_state_get                      0x080033b1   Thumb Code    44  gd32f30x_fmc.o(i.fmc_bank0_state_get)
    fmc_bank1_ready_wait                     0x080033e1   Thumb Code    34  gd32f30x_fmc.o(i.fmc_bank1_ready_wait)
    fmc_bank1_state_get                      0x08003405   Thumb Code    44  gd32f30x_fmc.o(i.fmc_bank1_state_get)
    fmc_flag_clear                           0x08003435   Thumb Code    28  gd32f30x_fmc.o(i.fmc_flag_clear)
    fmc_flag_get                             0x08003455   Thumb Code    30  gd32f30x_fmc.o(i.fmc_flag_get)
    fmc_lock                                 0x08003479   Thumb Code    34  gd32f30x_fmc.o(i.fmc_lock)
    fmc_page_erase                           0x080034a5   Thumb Code   210  gd32f30x_fmc.o(i.fmc_page_erase)
    fmc_unlock                               0x08003589   Thumb Code    52  gd32f30x_fmc.o(i.fmc_unlock)
    fmc_word_program                         0x080035cd   Thumb Code   166  gd32f30x_fmc.o(i.fmc_word_program)
    fputc                                    0x08003685   Thumb Code    32  hf_uart.o(i.fputc)
    gpio_bit_output                          0x080036a9   Thumb Code    30  hf_gpio.o(i.gpio_bit_output)
    gpio_bit_reset                           0x080036c7   Thumb Code     4  gd32f30x_gpio.o(i.gpio_bit_reset)
    gpio_bit_set                             0x080036cb   Thumb Code     4  gd32f30x_gpio.o(i.gpio_bit_set)
    gpio_exti_source_select                  0x080036d1   Thumb Code   146  gd32f30x_gpio.o(i.gpio_exti_source_select)
    gpio_get_input                           0x08003769   Thumb Code    24  hf_gpio.o(i.gpio_get_input)
    gpio_init                                0x08003781   Thumb Code   188  gd32f30x_gpio.o(i.gpio_init)
    gpio_input_bit_get                       0x0800383d   Thumb Code    16  gd32f30x_gpio.o(i.gpio_input_bit_get)
    gpio_pin_init                            0x0800384d   Thumb Code   260  hf_gpio.o(i.gpio_pin_init)
    i2c_ack_config                           0x0800396d   Thumb Code    16  gd32f30x_i2c.o(i.i2c_ack_config)
    i2c_clock_config                         0x0800397d   Thumb Code   306  gd32f30x_i2c.o(i.i2c_clock_config)
    i2c_data_transmit                        0x08003abd   Thumb Code     6  gd32f30x_i2c.o(i.i2c_data_transmit)
    i2c_enable                               0x08003ac3   Thumb Code    10  gd32f30x_i2c.o(i.i2c_enable)
    i2c_flag_clear                           0x08003acd   Thumb Code    40  gd32f30x_i2c.o(i.i2c_flag_clear)
    i2c_flag_get                             0x08003af5   Thumb Code    30  gd32f30x_i2c.o(i.i2c_flag_get)
    i2c_master_addressing                    0x08003b13   Thumb Code    20  gd32f30x_i2c.o(i.i2c_master_addressing)
    i2c_mode_addr_config                     0x08003b27   Thumb Code    28  gd32f30x_i2c.o(i.i2c_mode_addr_config)
    i2c_start_on_bus                         0x08003b43   Thumb Code    10  gd32f30x_i2c.o(i.i2c_start_on_bus)
    i2c_stop_on_bus                          0x08003b4d   Thumb Code    10  gd32f30x_i2c.o(i.i2c_stop_on_bus)
    int_init                                 0x08003b59   Thumb Code   126  car_init.o(i.int_init)
    key_check                                0x08003be1   Thumb Code    96  car_6keys.o(i.key_check)
    key_init                                 0x08003c45   Thumb Code    90  car_6keys.o(i.key_init)
    main                                     0x08003cbd   Thumb Code   432  main.o(i.main)
    motor_backward                           0x08003fa5   Thumb Code    70  hf_double_dc_motor.o(i.motor_backward)
    motor_forward                            0x08003ff1   Thumb Code    70  hf_double_dc_motor.o(i.motor_forward)
    motor_init                               0x0800403d   Thumb Code   140  hf_double_dc_motor.o(i.motor_init)
    motor_set_pwm                            0x080040d5   Thumb Code   116  hf_double_dc_motor.o(i.motor_set_pwm)
    nvic_irq_enable                          0x08004149   Thumb Code   186  gd32f30x_misc.o(i.nvic_irq_enable)
    nvic_priority_group_set                  0x0800420d   Thumb Code    10  gd32f30x_misc.o(i.nvic_priority_group_set)
    oled_clear                               0x08004221   Thumb Code    42  car_oled.o(i.oled_clear)
    oled_display_on                          0x08004251   Thumb Code    28  car_oled.o(i.oled_display_on)
    oled_init                                0x0800426d   Thumb Code   276  hf_oled.o(i.oled_init)
    oled_refresh_gram                        0x0800438d   Thumb Code    70  car_oled.o(i.oled_refresh_gram)
    oled_set_pos                             0x080043d9   Thumb Code    42  hf_oled.o(i.oled_set_pos)
    oled_show_char                           0x08004405   Thumb Code   154  car_oled.o(i.oled_show_char)
    oled_show_string                         0x080044a9   Thumb Code    58  car_oled.o(i.oled_show_string)
    oled_write                               0x080044e5   Thumb Code   146  hf_oled.o(i.oled_write)
    oled_write_byte                          0x0800457d   Thumb Code    52  hf_oled.o(i.oled_write_byte)
    positional_PD_track                      0x080045b1   Thumb Code   106  xunxian.o(i.positional_PD_track)
    pwm_duty                                 0x08004621   Thumb Code   104  hf_pwm.o(i.pwm_duty)
    pwm_init                                 0x080046c5   Thumb Code   304  hf_pwm.o(i.pwm_init)
    rcu_adc_clock_config                     0x0800480d   Thumb Code    98  gd32f30x_rcu.o(i.rcu_adc_clock_config)
    rcu_clock_freq_get                       0x08004879   Thumb Code   310  gd32f30x_rcu.o(i.rcu_clock_freq_get)
    rcu_periph_clock_enable                  0x080049d1   Thumb Code    28  gd32f30x_rcu.o(i.rcu_periph_clock_enable)
    rcu_periph_reset_disable                 0x080049f1   Thumb Code    28  gd32f30x_rcu.o(i.rcu_periph_reset_disable)
    rcu_periph_reset_enable                  0x08004a11   Thumb Code    28  gd32f30x_rcu.o(i.rcu_periph_reset_enable)
    reed_check                               0x08004a31   Thumb Code    20  car_reed.o(i.reed_check)
    reed_init                                0x08004a49   Thumb Code    14  car_reed.o(i.reed_init)
    systick_config                           0x08004b79   Thumb Code   130  hf_systick.o(i.systick_config)
    timer_auto_reload_shadow_enable          0x08004c41   Thumb Code    10  gd32f30x_timer.o(i.timer_auto_reload_shadow_enable)
    timer_channel_input_capture_prescaler_config 0x08004c4b   Thumb Code    90  gd32f30x_timer.o(i.timer_channel_input_capture_prescaler_config)
    timer_channel_output_config              0x08004ca5   Thumb Code   484  gd32f30x_timer.o(i.timer_channel_output_config)
    timer_channel_output_mode_config         0x08004e91   Thumb Code    90  gd32f30x_timer.o(i.timer_channel_output_mode_config)
    timer_channel_output_pulse_value_config  0x08004eeb   Thumb Code    38  gd32f30x_timer.o(i.timer_channel_output_pulse_value_config)
    timer_channel_output_shadow_config       0x08004f11   Thumb Code    90  gd32f30x_timer.o(i.timer_channel_output_shadow_config)
    timer_deinit                             0x08004f6d   Thumb Code   210  gd32f30x_timer.o(i.timer_deinit)
    timer_disable                            0x08005049   Thumb Code    10  gd32f30x_timer.o(i.timer_disable)
    timer_enable                             0x08005053   Thumb Code    10  gd32f30x_timer.o(i.timer_enable)
    timer_flag_clear                         0x0800505d   Thumb Code     6  gd32f30x_timer.o(i.timer_flag_clear)
    timer_flag_get                           0x08005063   Thumb Code    16  gd32f30x_timer.o(i.timer_flag_get)
    timer_init                               0x08005075   Thumb Code   122  gd32f30x_timer.o(i.timer_init)
    timer_input_capture_config               0x0800510d   Thumb Code   326  gd32f30x_timer.o(i.timer_input_capture_config)
    timer_interrupt_enable                   0x08005253   Thumb Code     8  gd32f30x_timer.o(i.timer_interrupt_enable)
    timer_interrupt_flag_clear               0x0800525b   Thumb Code     6  gd32f30x_timer.o(i.timer_interrupt_flag_clear)
    timer_interrupt_flag_get                 0x08005261   Thumb Code    24  gd32f30x_timer.o(i.timer_interrupt_flag_get)
    timer_pit_close                          0x08005279   Thumb Code    12  hf_pit.o(i.timer_pit_close)
    timer_pit_interrupt_ms                   0x08005285   Thumb Code   236  hf_pit.o(i.timer_pit_interrupt_ms)
    timer_primary_output_config              0x08005385   Thumb Code    24  gd32f30x_timer.o(i.timer_primary_output_config)
    timer_quadrature_decoder_mode_config     0x0800539d   Thumb Code    64  gd32f30x_timer.o(i.timer_quadrature_decoder_mode_config)
    timer_struct_para_init                   0x080053dd   Thumb Code    22  gd32f30x_timer.o(i.timer_struct_para_init)
    track_para_init                          0x080053f5   Thumb Code    50  xunxian.o(i.track_para_init)
    uart0_init                               0x0800544d   Thumb Code    28  car_uart.o(i.uart0_init)
    uart_init                                0x0800546d   Thumb Code   386  hf_uart.o(i.uart_init)
    uart_interrupt_init                      0x08005621   Thumb Code    46  hf_uart.o(i.uart_interrupt_init)
    uart_query                               0x0800564f   Thumb Code    32  hf_uart.o(i.uart_query)
    ui_init                                  0x080056d9   Thumb Code    36  ui.o(i.ui_init)
    ui_task                                  0x080057b9   Thumb Code  4138  ui.o(i.ui_task)
    ultra_init                               0x080067f5   Thumb Code    48  hf_hc-sr04.o(i.ultra_init)
    usart_baudrate_set                       0x08006829   Thumb Code   136  gd32f30x_usart.o(i.usart_baudrate_set)
    usart_data_receive                       0x080068b9   Thumb Code    10  gd32f30x_usart.o(i.usart_data_receive)
    usart_data_transmit                      0x080068c3   Thumb Code     8  gd32f30x_usart.o(i.usart_data_transmit)
    usart_deinit                             0x080068cd   Thumb Code   136  gd32f30x_usart.o(i.usart_deinit)
    usart_enable                             0x0800695d   Thumb Code    10  gd32f30x_usart.o(i.usart_enable)
    usart_flag_get                           0x08006967   Thumb Code    30  gd32f30x_usart.o(i.usart_flag_get)
    usart_interrupt_disable                  0x08006985   Thumb Code    26  gd32f30x_usart.o(i.usart_interrupt_disable)
    usart_interrupt_enable                   0x0800699f   Thumb Code    26  gd32f30x_usart.o(i.usart_interrupt_enable)
    usart_receive_config                     0x080069b9   Thumb Code    16  gd32f30x_usart.o(i.usart_receive_config)
    usart_transmit_config                    0x080069c9   Thumb Code    16  gd32f30x_usart.o(i.usart_transmit_config)
    ws2812b_init                             0x080069d9   Thumb Code    48  hf_ws2812b.o(i.ws2812b_init)
    ws2812b_write                            0x08006a11   Thumb Code   118  hf_ws2812b.o(i.ws2812b_write)
    F6x8                                     0x08006a8c   Data         552  car_oled.o(.constdata)
    F8X16                                    0x08006cb4   Data        1520  car_oled.o(.constdata)
    Region$$Table$$Base                      0x080072ac   Number         0  anon$$obj.o(Region$$Table)
    Region$$Table$$Limit                     0x080072cc   Number         0  anon$$obj.o(Region$$Table)
    real_error                               0x2000001c   Data           4  main.o(.data)
    base_pwm                                 0x20000020   Data           4  main.o(.data)
    g_round_state                            0x20000024   Data           1  main.o(.data)
    g_bridge_state                           0x20000025   Data           1  main.o(.data)
    g_parking_state                          0x20000026   Data           1  main.o(.data)
    avoid_cnt                                0x20000027   Data           1  main.o(.data)
    track_cnt                                0x20000028   Data           1  main.o(.data)
    parking_cnt                              0x20000029   Data           1  main.o(.data)
    g_mag_cnt                                0x2000002a   Data           1  main.o(.data)
    g_round_pulse                            0x2000002c   Data           4  main.o(.data)
    g_park_pulse                             0x20000030   Data           4  main.o(.data)
    g_bridge_pulse                           0x20000034   Data           4  main.o(.data)
    g_avoid_pulse                            0x20000038   Data           4  main.o(.data)
    g_parking_pulse                          0x2000003c   Data           4  main.o(.data)
    g_avoid_haas_pulse                       0x20000040   Data           4  main.o(.data)
    g_msec_count                             0x20000044   Data           4  main.o(.data)
    last_mag_time                            0x20000048   Data           4  main.o(.data)
    reed_pending                             0x2000004c   Data           1  main.o(.data)
    reed_trigger_time                        0x20000050   Data           4  main.o(.data)
    reed_last_state                          0x20000054   Data           1  main.o(.data)
    reed_print_time                          0x20000058   Data           4  main.o(.data)
    rgb_request                              0x2000005c   Data           1  main.o(.data)
    rgb_last                                 0x2000005d   Data           1  main.o(.data)
    ble_send_timer                           0x20000060   Data           4  main.o(.data)
    tof_data_ready                           0x20000064   Data           1  main.o(.data)
    round_cnt                                0x20000068   Data           4  main.o(.data)
    park_cnt                                 0x2000006c   Data           4  main.o(.data)
    wait_time                                0x20000070   Data           4  main.o(.data)
    left_pwm                                 0x20000074   Data           2  main.o(.data)
    right_pwm                                0x20000076   Data           2  main.o(.data)
    g_total_distance                         0x20000078   Data           4  main.o(.data)
    g_stop_count                             0x2000007c   Data           4  main.o(.data)
    obs_confirm_cnt                          0x20000080   Data           1  main.o(.data)
    avoid_step_ticks                         0x20000082   Data           2  main.o(.data)
    has_avoided_obs                          0x20000084   Data           1  main.o(.data)
    has_bridge                               0x20000085   Data           1  main.o(.data)
    has_parked                               0x20000086   Data           1  main.o(.data)
    has_roundabout                           0x20000087   Data           1  main.o(.data)
    bridge_target_error                      0x20000088   Data           4  main.o(.data)
    avoid_target_error                       0x2000008c   Data           4  main.o(.data)
    g_pulse_init                             0x20000090   Data           4  main.o(.data)
    g_flag_cnt                               0x20000094   Data           6  main.o(.data)
    is_checking_round                        0x2000009c   Data           4  main.o(.data)
    is_checking_bridge                       0x200000a0   Data           4  main.o(.data)
    is_checking_obs                          0x200000a4   Data           4  main.o(.data)
    is_checking_parking                      0x200000a8   Data           4  main.o(.data)
    start_round                              0x200000ac   Data           4  main.o(.data)
    current_mag_cnt                          0x200000b0   Data           4  main.o(.data)
    g_check_diff                             0x200000b4   Data           1  main.o(.data)
    start_avoid_flag                         0x200000b5   Data           1  main.o(.data)
    recv_data_flag                           0x200000b6   Data           2  main.o(.data)
    flag                                     0x200000b8   Data           1  main.o(.data)
    set_off                                  0x200000b9   Data           1  main.o(.data)
    has_round_flag                           0x200000ba   Data           1  main.o(.data)
    a_avoid_1                                0x200001c4   Data           2  flash.o(.data)
    a_avoid_2                                0x200001c6   Data           2  flash.o(.data)
    a_avoid_3                                0x200001c8   Data           2  flash.o(.data)
    t_parking_1                              0x200001ca   Data           2  flash.o(.data)
    t_parking_2                              0x200001cc   Data           2  flash.o(.data)
    t_parking_3                              0x200001ce   Data           2  flash.o(.data)
    t_parking_4                              0x200001d0   Data           2  flash.o(.data)
    t_parking_5                              0x200001d2   Data           2  flash.o(.data)
    a_parking_1                              0x200001d4   Data           2  flash.o(.data)
    a_parking_2                              0x200001d6   Data           2  flash.o(.data)
    a_parking_4                              0x200001d8   Data           2  flash.o(.data)
    a_parking_5                              0x200001da   Data           2  flash.o(.data)
    t_avoid_1                                0x200001dc   Data           2  flash.o(.data)
    t_avoid_2                                0x200001de   Data           2  flash.o(.data)
    t_avoid_3                                0x200001e0   Data           2  flash.o(.data)
    t_round                                  0x200001e2   Data           2  flash.o(.data)
    round_check_delay_ms                     0x200001e4   Data           2  flash.o(.data)
    ble_avoid_distance_mm                    0x200001e6   Data           2  flash.o(.data)
    round_adc_threshold                      0x200001e8   Data           2  flash.o(.data)
    bridge_keep_time_ms                      0x200001ea   Data           2  flash.o(.data)
    used_speed_duty                          0x200001ec   Data           4  flash.o(.data)
    target_speed_duty                        0x200001f0   Data           4  flash.o(.data)
    g_car_role                               0x20000212   Data           1  ui.o(.data)
    set_off_count                            0x20000214   Data           4  ui.o(.data)
    SystemCoreClock                          0x20000220   Data           4  system_gd32f30x.o(.data)
    g_millis                                 0x20000240   Data           4  hf_systick.o(.data)
    g_micros                                 0x20000244   Data           4  hf_systick.o(.data)
    VL51L1X_CONFIGURATION                    0x2000026f   Data         135  dmx_tof400c.o(.data)
    __stdout                                 0x200002f8   Data           4  stdout.o(.data)
    send_buffer                              0x200002fc   Data          64  main.o(.bss)
    recv_buffer                              0x2000033c   Data          64  main.o(.bss)
    OLED_GRAM                                0x200003bc   Data        1024  car_oled.o(.bss)
    track_PID                                0x200007bc   Data          28  xunxian.o(.bss)
    speed_PID_L                              0x200007d8   Data          28  xunxian.o(.bss)
    speed_PID_R                              0x200007f4   Data          28  xunxian.o(.bss)
    adc_value                                0x20000810   Data          10  xunxian.o(.bss)
    pid_left                                 0x2000081c   Data          24  encoder.o(.bss)
    pid_right                                0x20000834   Data          24  encoder.o(.bss)
    period                                   0x20000894   Data          12  hf_pwm.o(.bss)
    __initial_sp                             0x20000ca0   Data           0  startup_gd32f30x_hd.o(STACK)



==============================================================================

Memory Map of the image

  Image Entry point : 0x08000131

  Load Region LR_IROM1 (Base: 0x08000000, Size: 0x000075c8, Max: 0x00040000, ABSOLUTE, COMPRESSED[0x000073e4])

    Execution Region ER_IROM1 (Exec base: 0x08000000, Load base: 0x08000000, Size: 0x000072cc, Max: 0x00040000, ABSOLUTE)

    Exec Addr    Load Addr    Size         Type   Attr      Idx    E Section Name        Object

    0x08000000   0x08000000   0x00000130   Data   RO         1570    RESET               startup_gd32f30x_hd.o
    0x08000130   0x08000130   0x00000000   Code   RO         6270  * .ARM.Collect$$$$00000000  mc_w.l(entry.o)
    0x08000130   0x08000130   0x00000004   Code   RO         6554    .ARM.Collect$$$$00000001  mc_w.l(entry2.o)
    0x08000134   0x08000134   0x00000004   Code   RO         6557    .ARM.Collect$$$$00000004  mc_w.l(entry5.o)
    0x08000138   0x08000138   0x00000000   Code   RO         6559    .ARM.Collect$$$$00000008  mc_w.l(entry7b.o)
    0x08000138   0x08000138   0x00000000   Code   RO         6561    .ARM.Collect$$$$0000000A  mc_w.l(entry8b.o)
    0x08000138   0x08000138   0x00000008   Code   RO         6562    .ARM.Collect$$$$0000000B  mc_w.l(entry9a.o)
    0x08000140   0x08000140   0x00000000   Code   RO         6564    .ARM.Collect$$$$0000000D  mc_w.l(entry10a.o)
    0x08000140   0x08000140   0x00000000   Code   RO         6566    .ARM.Collect$$$$0000000F  mc_w.l(entry11a.o)
    0x08000140   0x08000140   0x00000004   Code   RO         6555    .ARM.Collect$$$$00002712  mc_w.l(entry2.o)
    0x08000144   0x08000144   0x00000024   Code   RO         1571    .text               startup_gd32f30x_hd.o
    0x08000168   0x08000168   0x00000062   Code   RO         6273    .text               mc_w.l(uldiv.o)
    0x080001ca   0x080001ca   0x00000024   Code   RO         6275    .text               mc_w.l(memseta.o)
    0x080001ee   0x080001ee   0x00000024   Code   RO         6277    .text               mc_w.l(strstr.o)
    0x08000212   0x08000212   0x0000001a   Code   RO         6279    .text               mc_w.l(memcmp.o)
    0x0800022c   0x0800022c   0x000000e4   Code   RO         6542    .text               mf_w.l(dmul.o)
    0x08000310   0x08000310   0x00000026   Code   RO         6546    .text               mf_w.l(f2d.o)
    0x08000336   0x08000336   0x00000002   PAD
    0x08000338   0x08000338   0x00000030   Code   RO         6550    .text               mf_w.l(cdrcmple.o)
    0x08000368   0x08000368   0x0000002c   Code   RO         6569    .text               mc_w.l(uidiv.o)
    0x08000394   0x08000394   0x0000001e   Code   RO         6571    .text               mc_w.l(llshl.o)
    0x080003b2   0x080003b2   0x00000020   Code   RO         6573    .text               mc_w.l(llushr.o)
    0x080003d2   0x080003d2   0x00000000   Code   RO         6575    .text               mc_w.l(iusefp.o)
    0x080003d2   0x080003d2   0x000000ba   Code   RO         6578    .text               mf_w.l(depilogue.o)
    0x0800048c   0x0800048c   0x0000014e   Code   RO         6580    .text               mf_w.l(dadd.o)
    0x080005da   0x080005da   0x000000de   Code   RO         6582    .text               mf_w.l(ddiv.o)
    0x080006b8   0x080006b8   0x00000030   Code   RO         6584    .text               mf_w.l(dfixul.o)
    0x080006e8   0x080006e8   0x00000024   Code   RO         6586    .text               mc_w.l(init.o)
    0x0800070c   0x0800070c   0x00000024   Code   RO         6588    .text               mc_w.l(llsshr.o)
    0x08000730   0x08000730   0x00000056   Code   RO         6598    .text               mc_w.l(__dczerorl2.o)
    0x08000786   0x08000786   0x00000004   Code   RO            3    i.BusFault_Handler  gd32f30x_it.o
    0x0800078a   0x0800078a   0x0000002a   Code   RO         2270    i.Check_TOF400C     dmx_tof400c.o
    0x080007b4   0x080007b4   0x00000002   Code   RO            4    i.DebugMon_Handler  gd32f30x_it.o
    0x080007b6   0x080007b6   0x00000002   Code   RO            5    i.EXTI0_IRQHandler  gd32f30x_it.o
    0x080007b8   0x080007b8   0x00000020   Code   RO            6    i.EXTI10_15_IRQHandler  gd32f30x_it.o
    0x080007d8   0x080007d8   0x00000002   Code   RO            7    i.EXTI1_IRQHandler  gd32f30x_it.o
    0x080007da   0x080007da   0x00000002   Code   RO            8    i.EXTI2_IRQHandler  gd32f30x_it.o
    0x080007dc   0x080007dc   0x00000002   Code   RO            9    i.EXTI3_IRQHandler  gd32f30x_it.o
    0x080007de   0x080007de   0x00000002   Code   RO           10    i.EXTI4_IRQHandler  gd32f30x_it.o
    0x080007e0   0x080007e0   0x00000044   Code   RO          421    i.EXTI5_9_IRQHandler  main.o
    0x08000824   0x08000824   0x0000004c   Code   RO         2271    i.Get_Distance_TOF400C  dmx_tof400c.o
    0x08000870   0x08000870   0x00000028   Code   RO         2272    i.Get_IntPol_TOF400C  dmx_tof400c.o
    0x08000898   0x08000898   0x00000004   Code   RO           11    i.HardFault_Handler  gd32f30x_it.o
    0x0800089c   0x0800089c   0x00000002   Code   RO           12    i.I2C0_EV_IRQHandler  gd32f30x_it.o
    0x0800089e   0x0800089e   0x00000002   Code   RO           13    i.I2C1_EV_IRQHandler  gd32f30x_it.o
    0x080008a0   0x080008a0   0x000001a0   Code   RO         2273    i.Init_TOF400C      dmx_tof400c.o
    0x08000a40   0x08000a40   0x00000004   Code   RO           14    i.MemManage_Handler  gd32f30x_it.o
    0x08000a44   0x08000a44   0x00000048   Code   RO         1307    i.Motor_PID_Init    encoder.o
    0x08000a8c   0x08000a8c   0x00000002   Code   RO           15    i.NMI_Handler       gd32f30x_it.o
    0x08000a8e   0x08000a8e   0x00000002   PAD
    0x08000a90   0x08000a90   0x00000028   Code   RO         1996    i.NVIC_SetPriority  hf_systick.o
    0x08000ab8   0x08000ab8   0x00000028   Code   RO         1311    i.PID_Init          encoder.o
    0x08000ae0   0x08000ae0   0x00000002   Code   RO           16    i.PendSV_Handler    gd32f30x_it.o
    0x08000ae2   0x08000ae2   0x00000002   Code   RO           17    i.SPI0_IRQHandler   gd32f30x_it.o
    0x08000ae4   0x08000ae4   0x00000002   Code   RO           18    i.SPI1_IRQHandler   gd32f30x_it.o
    0x08000ae6   0x08000ae6   0x00000002   Code   RO           19    i.SPI2_IRQHandler   gd32f30x_it.o
    0x08000ae8   0x08000ae8   0x00000002   Code   RO           20    i.SVC_Handler       gd32f30x_it.o
    0x08000aea   0x08000aea   0x00000002   PAD
    0x08000aec   0x08000aec   0x00000040   Code   RO         1997    i.SysTick_Handler   hf_systick.o
    0x08000b2c   0x08000b2c   0x000000a8   Code   RO         1529    i.SystemInit        system_gd32f30x.o
    0x08000bd4   0x08000bd4   0x00000002   Code   RO           21    i.TIMER1_IRQHandler  gd32f30x_it.o
    0x08000bd6   0x08000bd6   0x00000002   Code   RO           22    i.TIMER2_IRQHandler  gd32f30x_it.o
    0x08000bd8   0x08000bd8   0x00000028   Code   RO          422    i.TIMER3_IRQHandler  main.o
    0x08000c00   0x08000c00   0x00000002   Code   RO           23    i.TIMER5_IRQHandler  gd32f30x_it.o
    0x08000c02   0x08000c02   0x00000002   Code   RO           24    i.TIMER6_IRQHandler  gd32f30x_it.o
    0x08000c04   0x08000c04   0x00000002   Code   RO           25    i.TIMER7_Channel_IRQHandler  gd32f30x_it.o
    0x08000c06   0x08000c06   0x00000002   PAD
    0x08000c08   0x08000c08   0x00000084   Code   RO         2274    i.TOF400C_Read_Char  dmx_tof400c.o
    0x08000c8c   0x08000c8c   0x00000012   Code   RO         2275    i.TOF400C_Read_Data  dmx_tof400c.o
    0x08000c9e   0x08000c9e   0x0000005a   Code   RO         2276    i.TOF400C_Read_Datas  dmx_tof400c.o
    0x08000cf8   0x08000cf8   0x00000024   Code   RO         2277    i.TOF400C_Read_Word_Data  dmx_tof400c.o
    0x08000d1c   0x08000d1c   0x00000054   Code   RO         2278    i.TOF400C_Sendack   dmx_tof400c.o
    0x08000d70   0x08000d70   0x0000003c   Code   RO         2279    i.TOF400C_Start     dmx_tof400c.o
    0x08000dac   0x08000dac   0x00000044   Code   RO         2280    i.TOF400C_Stop      dmx_tof400c.o
    0x08000df0   0x08000df0   0x00000058   Code   RO         2281    i.TOF400C_Waitack   dmx_tof400c.o
    0x08000e48   0x08000e48   0x0000005c   Code   RO         2282    i.TOF400C_Write_Char  dmx_tof400c.o
    0x08000ea4   0x08000ea4   0x00000010   Code   RO         2283    i.TOF400C_Write_Data  dmx_tof400c.o
    0x08000eb4   0x08000eb4   0x00000038   Code   RO         2284    i.TOF400C_Write_Datas  dmx_tof400c.o
    0x08000eec   0x08000eec   0x0000001e   Code   RO         2285    i.TOF400C_Write_Word_Data  dmx_tof400c.o
    0x08000f0a   0x08000f0a   0x00000002   Code   RO           26    i.UART3_IRQHandler  gd32f30x_it.o
    0x08000f0c   0x08000f0c   0x00000002   Code   RO           27    i.UART4_IRQHandler  gd32f30x_it.o
    0x08000f0e   0x08000f0e   0x00000002   Code   RO           28    i.USART0_IRQHandler  gd32f30x_it.o
    0x08000f10   0x08000f10   0x0000001c   Code   RO           29    i.USART1_IRQHandler  gd32f30x_it.o
    0x08000f2c   0x08000f2c   0x00000002   Code   RO           30    i.USART2_IRQHandler  gd32f30x_it.o
    0x08000f2e   0x08000f2e   0x00000004   Code   RO           31    i.UsageFault_Handler  gd32f30x_it.o
    0x08000f32   0x08000f32   0x00000002   PAD
    0x08000f34   0x08000f34   0x00000020   Code   RO         6514    i.__0printf         mc_w.l(printfa.o)
    0x08000f54   0x08000f54   0x00000028   Code   RO         6516    i.__0sprintf        mc_w.l(printfa.o)
    0x08000f7c   0x08000f7c   0x0000000e   Code   RO         6592    i.__scatterload_copy  mc_w.l(handlers.o)
    0x08000f8a   0x08000f8a   0x00000002   Code   RO         6593    i.__scatterload_null  mc_w.l(handlers.o)
    0x08000f8c   0x08000f8c   0x0000000e   Code   RO         6594    i.__scatterload_zeroinit  mc_w.l(handlers.o)
    0x08000f9a   0x08000f9a   0x00000002   PAD
    0x08000f9c   0x08000f9c   0x00000184   Code   RO         6521    i._fp_digits        mc_w.l(printfa.o)
    0x08001120   0x08001120   0x000006dc   Code   RO         6522    i._printf_core      mc_w.l(printfa.o)
    0x080017fc   0x080017fc   0x00000024   Code   RO         6523    i._printf_post_padding  mc_w.l(printfa.o)
    0x08001820   0x08001820   0x0000002e   Code   RO         6524    i._printf_pre_padding  mc_w.l(printfa.o)
    0x0800184e   0x0800184e   0x0000000a   Code   RO         6526    i._sputc            mc_w.l(printfa.o)
    0x08001858   0x08001858   0x0000002a   Code   RO         2369    i.adc_calibration_enable  gd32f30x_adc.o
    0x08001882   0x08001882   0x00000010   Code   RO         1100    i.adc_channel_init  car_adc.o
    0x08001892   0x08001892   0x00000038   Code   RO         1577    i.adc_convert       hf_adc.o
    0x080018ca   0x080018ca   0x00000016   Code   RO         2371    i.adc_data_alignment_config  gd32f30x_adc.o
    0x080018e0   0x080018e0   0x00000058   Code   RO         2372    i.adc_deinit        gd32f30x_adc.o
    0x08001938   0x08001938   0x00000012   Code   RO         2377    i.adc_enable        gd32f30x_adc.o
    0x0800194a   0x0800194a   0x0000003e   Code   RO         2378    i.adc_external_trigger_config  gd32f30x_adc.o
    0x08001988   0x08001988   0x00000030   Code   RO         2379    i.adc_external_trigger_source_config  gd32f30x_adc.o
    0x080019b8   0x080019b8   0x00000008   Code   RO         2380    i.adc_flag_clear    gd32f30x_adc.o
    0x080019c0   0x080019c0   0x0000000e   Code   RO         2381    i.adc_flag_get      gd32f30x_adc.o
    0x080019ce   0x080019ce   0x00000014   Code   RO         1101    i.adc_get           car_adc.o
    0x080019e2   0x080019e2   0x00000002   PAD
    0x080019e4   0x080019e4   0x00000048   Code   RO         1254    i.adc_getdata       xunxian.o
    0x08001a2c   0x08001a2c   0x00000224   Code   RO         1578    i.adc_init          hf_adc.o
    0x08001c50   0x08001c50   0x000000ac   Code   RO         2393    i.adc_regular_channel_config  gd32f30x_adc.o
    0x08001cfc   0x08001cfc   0x00000008   Code   RO         2394    i.adc_regular_data_read  gd32f30x_adc.o
    0x08001d04   0x08001d04   0x0000001e   Code   RO         2396    i.adc_software_trigger_enable  gd32f30x_adc.o
    0x08001d22   0x08001d22   0x0000005a   Code   RO         2397    i.adc_special_function_config  gd32f30x_adc.o
    0x08001d7c   0x08001d7c   0x00000050   Code   RO          423    i.ai_wb2_01s_ble_recv_data  main.o
    0x08001dcc   0x08001dcc   0x000000ac   Code   RO          424    i.ai_wb2_01s_ch9143_rx_byte  main.o
    0x08001e78   0x08001e78   0x00000080   Code   RO          425    i.avoid_obs         main.o
    0x08001ef8   0x08001ef8   0x0000003c   Code   RO          426    i.ble_recv_is_avoid_cmd  main.o
    0x08001f34   0x08001f34   0x0000004e   Code   RO          427    i.ble_recv_is_parking_cmd  main.o
    0x08001f82   0x08001f82   0x00000002   PAD
    0x08001f84   0x08001f84   0x0000008c   Code   RO          428    i.ble_recv_task     main.o
    0x08002010   0x08002010   0x0000003c   Code   RO          601    i.board_led_init    board.o
    0x0800204c   0x0800204c   0x00000060   Code   RO         1255    i.cal_err           xunxian.o
    0x080020ac   0x080020ac   0x0000001c   Code   RO         1419    i.calculate_checksum  flash.o
    0x080020c8   0x080020c8   0x00000030   Code   RO          954    i.car_both_rgb_off  car_light.o
    0x080020f8   0x080020f8   0x000000b0   Code   RO          879    i.car_init          car_init.o
    0x080021a8   0x080021a8   0x0000005c   Code   RO          957    i.car_rgb_color_data  car_light.o
    0x08002204   0x08002204   0x00000050   Code   RO          958    i.car_rgb_set_both  car_light.o
    0x08002254   0x08002254   0x00000014   Code   RO          960    i.car_rgb_write_pair  car_light.o
    0x08002268   0x08002268   0x00000030   Code   RO          429    i.ch9143_ble_init   main.o
    0x08002298   0x08002298   0x00000064   Code   RO          430    i.check_bridge_trigger  main.o
    0x080022fc   0x080022fc   0x00000034   Code   RO          431    i.check_obstacle_trigger  main.o
    0x08002330   0x08002330   0x000000a0   Code   RO          432    i.check_parking_trigger  main.o
    0x080023d0   0x080023d0   0x000000cc   Code   RO          433    i.check_roundabout_trigger  main.o
    0x0800249c   0x0800249c   0x0000058c   Code   RO          434    i.control_10ms_task  main.o
    0x08002a28   0x08002a28   0x0000001c   Code   RO         1998    i.delay_1ms         hf_systick.o
    0x08002a44   0x08002a44   0x0000005c   Code   RO         1999    i.delay_1us         hf_systick.o
    0x08002aa0   0x08002aa0   0x000000c4   Code   RO         1313    i.encoder_timer_config  encoder.o
    0x08002b64   0x08002b64   0x00000214   Code   RO         1618    i.exti_enable       hf_exti.o
    0x08002d78   0x08002d78   0x000000b8   Code   RO         3686    i.exti_init         gd32f30x_exti.o
    0x08002e30   0x08002e30   0x00000010   Code   RO         3687    i.exti_interrupt_disable  gd32f30x_exti.o
    0x08002e40   0x08002e40   0x00000010   Code   RO         3688    i.exti_interrupt_enable  gd32f30x_exti.o
    0x08002e50   0x08002e50   0x0000000c   Code   RO         3689    i.exti_interrupt_flag_clear  gd32f30x_exti.o
    0x08002e5c   0x08002e5c   0x00000024   Code   RO         3690    i.exti_interrupt_flag_get  gd32f30x_exti.o
    0x08002e80   0x08002e80   0x00000052   Code   RO         1645    i.flash_ReadPage_uint32_t  hf_flash.o
    0x08002ed2   0x08002ed2   0x0000006a   Code   RO         1646    i.flash_WritePage_uint32_t  hf_flash.o
    0x08002f3c   0x08002f3c   0x000001a4   Code   RO         1420    i.flash_init_and_load  flash.o
    0x080030e0   0x080030e0   0x0000012c   Code   RO         1421    i.flash_load_defaults  flash.o
    0x0800320c   0x0800320c   0x00000180   Code   RO         1422    i.flash_save_params  flash.o
    0x0800338c   0x0800338c   0x00000022   Code   RO         3769    i.fmc_bank0_ready_wait  gd32f30x_fmc.o
    0x080033ae   0x080033ae   0x00000002   PAD
    0x080033b0   0x080033b0   0x00000030   Code   RO         3770    i.fmc_bank0_state_get  gd32f30x_fmc.o
    0x080033e0   0x080033e0   0x00000022   Code   RO         3774    i.fmc_bank1_ready_wait  gd32f30x_fmc.o
    0x08003402   0x08003402   0x00000002   PAD
    0x08003404   0x08003404   0x00000030   Code   RO         3775    i.fmc_bank1_state_get  gd32f30x_fmc.o
    0x08003434   0x08003434   0x00000020   Code   RO         3777    i.fmc_flag_clear    gd32f30x_fmc.o
    0x08003454   0x08003454   0x00000024   Code   RO         3778    i.fmc_flag_get      gd32f30x_fmc.o
    0x08003478   0x08003478   0x0000002c   Code   RO         3784    i.fmc_lock          gd32f30x_fmc.o
    0x080034a4   0x080034a4   0x000000e4   Code   RO         3786    i.fmc_page_erase    gd32f30x_fmc.o
    0x08003588   0x08003588   0x00000044   Code   RO         3787    i.fmc_unlock        gd32f30x_fmc.o
    0x080035cc   0x080035cc   0x000000b8   Code   RO         3788    i.fmc_word_program  gd32f30x_fmc.o
    0x08003684   0x08003684   0x00000024   Code   RO         2052    i.fputc             hf_uart.o
    0x080036a8   0x080036a8   0x0000001e   Code   RO         1673    i.gpio_bit_output   hf_gpio.o
    0x080036c6   0x080036c6   0x00000004   Code   RO         4054    i.gpio_bit_reset    gd32f30x_gpio.o
    0x080036ca   0x080036ca   0x00000004   Code   RO         4055    i.gpio_bit_set      gd32f30x_gpio.o
    0x080036ce   0x080036ce   0x00000002   PAD
    0x080036d0   0x080036d0   0x00000098   Code   RO         4063    i.gpio_exti_source_select  gd32f30x_gpio.o
    0x08003768   0x08003768   0x00000018   Code   RO         1674    i.gpio_get_input    hf_gpio.o
    0x08003780   0x08003780   0x000000bc   Code   RO         4064    i.gpio_init         gd32f30x_gpio.o
    0x0800383c   0x0800383c   0x00000010   Code   RO         4065    i.gpio_input_bit_get  gd32f30x_gpio.o
    0x0800384c   0x0800384c   0x00000120   Code   RO         1676    i.gpio_pin_init     hf_gpio.o
    0x0800396c   0x0800396c   0x00000010   Code   RO         4181    i.i2c_ack_config    gd32f30x_i2c.o
    0x0800397c   0x0800397c   0x00000140   Code   RO         4183    i.i2c_clock_config  gd32f30x_i2c.o
    0x08003abc   0x08003abc   0x00000006   Code   RO         4185    i.i2c_data_transmit  gd32f30x_i2c.o
    0x08003ac2   0x08003ac2   0x0000000a   Code   RO         4192    i.i2c_enable        gd32f30x_i2c.o
    0x08003acc   0x08003acc   0x00000028   Code   RO         4193    i.i2c_flag_clear    gd32f30x_i2c.o
    0x08003af4   0x08003af4   0x0000001e   Code   RO         4194    i.i2c_flag_get      gd32f30x_i2c.o
    0x08003b12   0x08003b12   0x00000014   Code   RO         4199    i.i2c_master_addressing  gd32f30x_i2c.o
    0x08003b26   0x08003b26   0x0000001c   Code   RO         4200    i.i2c_mode_addr_config  gd32f30x_i2c.o
    0x08003b42   0x08003b42   0x0000000a   Code   RO         4209    i.i2c_start_on_bus  gd32f30x_i2c.o
    0x08003b4c   0x08003b4c   0x0000000a   Code   RO         4210    i.i2c_stop_on_bus   gd32f30x_i2c.o
    0x08003b56   0x08003b56   0x00000002   PAD
    0x08003b58   0x08003b58   0x00000088   Code   RO          880    i.int_init          car_init.o
    0x08003be0   0x08003be0   0x00000064   Code   RO         1067    i.key_check         car_6keys.o
    0x08003c44   0x08003c44   0x00000060   Code   RO         1068    i.key_init          car_6keys.o
    0x08003ca4   0x08003ca4   0x00000018   Code   RO         1069    i.key_read_level    car_6keys.o
    0x08003cbc   0x08003cbc   0x00000204   Code   RO          437    i.main              main.o
    0x08003ec0   0x08003ec0   0x000000e4   Code   RO          438    i.motor_apply_track_pwm  main.o
    0x08003fa4   0x08003fa4   0x0000004c   Code   RO         2224    i.motor_backward    hf_double_dc_motor.o
    0x08003ff0   0x08003ff0   0x0000004c   Code   RO         2225    i.motor_forward     hf_double_dc_motor.o
    0x0800403c   0x0800403c   0x00000098   Code   RO         2226    i.motor_init        hf_double_dc_motor.o
    0x080040d4   0x080040d4   0x00000074   Code   RO         2228    i.motor_set_pwm     hf_double_dc_motor.o
    0x08004148   0x08004148   0x000000c4   Code   RO         4382    i.nvic_irq_enable   gd32f30x_misc.o
    0x0800420c   0x0800420c   0x00000014   Code   RO         4383    i.nvic_priority_group_set  gd32f30x_misc.o
    0x08004220   0x08004220   0x00000030   Code   RO         1178    i.oled_clear        car_oled.o
    0x08004250   0x08004250   0x0000001c   Code   RO         1180    i.oled_display_on   car_oled.o
    0x0800426c   0x0800426c   0x00000120   Code   RO         2179    i.oled_init         hf_oled.o
    0x0800438c   0x0800438c   0x0000004c   Code   RO         1182    i.oled_refresh_gram  car_oled.o
    0x080043d8   0x080043d8   0x0000002a   Code   RO         2180    i.oled_set_pos      hf_oled.o
    0x08004402   0x08004402   0x00000002   PAD
    0x08004404   0x08004404   0x000000a4   Code   RO         1184    i.oled_show_char    car_oled.o
    0x080044a8   0x080044a8   0x0000003a   Code   RO         1186    i.oled_show_string  car_oled.o
    0x080044e2   0x080044e2   0x00000002   PAD
    0x080044e4   0x080044e4   0x00000098   Code   RO         2181    i.oled_write        hf_oled.o
    0x0800457c   0x0800457c   0x00000034   Code   RO         2182    i.oled_write_byte   hf_oled.o
    0x080045b0   0x080045b0   0x00000070   Code   RO         1257    i.positional_PD_track  xunxian.o
    0x08004620   0x08004620   0x00000080   Code   RO         1893    i.pwm_duty          hf_pwm.o
    0x080046a0   0x080046a0   0x00000022   Code   RO         1894    i.pwm_duty_to_pulse  hf_pwm.o
    0x080046c2   0x080046c2   0x00000002   PAD
    0x080046c4   0x080046c4   0x00000148   Code   RO         1896    i.pwm_init          hf_pwm.o
    0x0800480c   0x0800480c   0x0000006c   Code   RO         4572    i.rcu_adc_clock_config  gd32f30x_rcu.o
    0x08004878   0x08004878   0x00000158   Code   RO         4581    i.rcu_clock_freq_get  gd32f30x_rcu.o
    0x080049d0   0x080049d0   0x00000020   Code   RO         4599    i.rcu_periph_clock_enable  gd32f30x_rcu.o
    0x080049f0   0x080049f0   0x00000020   Code   RO         4602    i.rcu_periph_reset_disable  gd32f30x_rcu.o
    0x08004a10   0x08004a10   0x00000020   Code   RO         4603    i.rcu_periph_reset_enable  gd32f30x_rcu.o
    0x08004a30   0x08004a30   0x00000018   Code   RO         1128    i.reed_check        car_reed.o
    0x08004a48   0x08004a48   0x00000014   Code   RO         1129    i.reed_init         car_reed.o
    0x08004a5c   0x08004a5c   0x00000114   Code   RO         1530    i.system_clock_120m_hxtal  system_gd32f30x.o
    0x08004b70   0x08004b70   0x00000008   Code   RO         1531    i.system_clock_config  system_gd32f30x.o
    0x08004b78   0x08004b78   0x000000c8   Code   RO         2001    i.systick_config    hf_systick.o
    0x08004c40   0x08004c40   0x0000000a   Code   RO         5457    i.timer_auto_reload_shadow_enable  gd32f30x_timer.o
    0x08004c4a   0x08004c4a   0x0000005a   Code   RO         5471    i.timer_channel_input_capture_prescaler_config  gd32f30x_timer.o
    0x08004ca4   0x08004ca4   0x000001ec   Code   RO         5474    i.timer_channel_output_config  gd32f30x_timer.o
    0x08004e90   0x08004e90   0x0000005a   Code   RO         5476    i.timer_channel_output_mode_config  gd32f30x_timer.o
    0x08004eea   0x08004eea   0x00000026   Code   RO         5478    i.timer_channel_output_pulse_value_config  gd32f30x_timer.o
    0x08004f10   0x08004f10   0x0000005a   Code   RO         5479    i.timer_channel_output_shadow_config  gd32f30x_timer.o
    0x08004f6a   0x08004f6a   0x00000002   PAD
    0x08004f6c   0x08004f6c   0x000000dc   Code   RO         5487    i.timer_deinit      gd32f30x_timer.o
    0x08005048   0x08005048   0x0000000a   Code   RO         5488    i.timer_disable     gd32f30x_timer.o
    0x08005052   0x08005052   0x0000000a   Code   RO         5492    i.timer_enable      gd32f30x_timer.o
    0x0800505c   0x0800505c   0x00000006   Code   RO         5499    i.timer_flag_clear  gd32f30x_timer.o
    0x08005062   0x08005062   0x00000010   Code   RO         5500    i.timer_flag_get    gd32f30x_timer.o
    0x08005072   0x08005072   0x00000002   PAD
    0x08005074   0x08005074   0x00000098   Code   RO         5502    i.timer_init        gd32f30x_timer.o
    0x0800510c   0x0800510c   0x00000146   Code   RO         5503    i.timer_input_capture_config  gd32f30x_timer.o
    0x08005252   0x08005252   0x00000008   Code   RO         5509    i.timer_interrupt_enable  gd32f30x_timer.o
    0x0800525a   0x0800525a   0x00000006   Code   RO         5510    i.timer_interrupt_flag_clear  gd32f30x_timer.o
    0x08005260   0x08005260   0x00000018   Code   RO         5511    i.timer_interrupt_flag_get  gd32f30x_timer.o
    0x08005278   0x08005278   0x0000000c   Code   RO         1859    i.timer_pit_close   hf_pit.o
    0x08005284   0x08005284   0x00000100   Code   RO         1860    i.timer_pit_interrupt_ms  hf_pit.o
    0x08005384   0x08005384   0x00000018   Code   RO         5517    i.timer_primary_output_config  gd32f30x_timer.o
    0x0800539c   0x0800539c   0x00000040   Code   RO         5518    i.timer_quadrature_decoder_mode_config  gd32f30x_timer.o
    0x080053dc   0x080053dc   0x00000016   Code   RO         5522    i.timer_struct_para_init  gd32f30x_timer.o
    0x080053f2   0x080053f2   0x00000002   PAD
    0x080053f4   0x080053f4   0x00000048   Code   RO         1258    i.track_para_init   xunxian.o
    0x0800543c   0x0800543c   0x00000010   Code   RO          439    i.track_pid_reset_output  main.o
    0x0800544c   0x0800544c   0x00000020   Code   RO         1021    i.uart0_init        car_uart.o
    0x0800546c   0x0800546c   0x000001b4   Code   RO         2055    i.uart_init         hf_uart.o
    0x08005620   0x08005620   0x0000002e   Code   RO         2056    i.uart_interrupt_init  hf_uart.o
    0x0800564e   0x0800564e   0x00000020   Code   RO         2060    i.uart_query        hf_uart.o
    0x0800566e   0x0800566e   0x0000002a   Code   RO         1460    i.ui_adjust_float   ui.o
    0x08005698   0x08005698   0x00000014   Code   RO         1461    i.ui_adjust_int     ui.o
    0x080056ac   0x080056ac   0x00000018   Code   RO         1462    i.ui_adjust_u16     ui.o
    0x080056c4   0x080056c4   0x00000014   Code   RO         1463    i.ui_adjust_u32     ui.o
    0x080056d8   0x080056d8   0x00000034   Code   RO         1464    i.ui_init           ui.o
    0x0800570c   0x0800570c   0x00000008   Code   RO         1465    i.ui_read_key_once  ui.o
    0x08005714   0x08005714   0x00000088   Code   RO         1466    i.ui_save_and_return  ui.o
    0x0800579c   0x0800579c   0x0000001c   Code   RO         1467    i.ui_show_string    ui.o
    0x080057b8   0x080057b8   0x0000103c   Code   RO         1468    i.ui_task           ui.o
    0x080067f4   0x080067f4   0x00000034   Code   RO         2151    i.ultra_init        hf_hc-sr04.o
    0x08006828   0x08006828   0x00000090   Code   RO         5897    i.usart_baudrate_set  gd32f30x_usart.o
    0x080068b8   0x080068b8   0x0000000a   Code   RO         5900    i.usart_data_receive  gd32f30x_usart.o
    0x080068c2   0x080068c2   0x00000008   Code   RO         5901    i.usart_data_transmit  gd32f30x_usart.o
    0x080068ca   0x080068ca   0x00000002   PAD
    0x080068cc   0x080068cc   0x00000090   Code   RO         5902    i.usart_deinit      gd32f30x_usart.o
    0x0800695c   0x0800695c   0x0000000a   Code   RO         5906    i.usart_enable      gd32f30x_usart.o
    0x08006966   0x08006966   0x0000001e   Code   RO         5908    i.usart_flag_get    gd32f30x_usart.o
    0x08006984   0x08006984   0x0000001a   Code   RO         5914    i.usart_interrupt_disable  gd32f30x_usart.o
    0x0800699e   0x0800699e   0x0000001a   Code   RO         5915    i.usart_interrupt_enable  gd32f30x_usart.o
    0x080069b8   0x080069b8   0x00000010   Code   RO         5930    i.usart_receive_config  gd32f30x_usart.o
    0x080069c8   0x080069c8   0x00000010   Code   RO         5944    i.usart_transmit_config  gd32f30x_usart.o
    0x080069d8   0x080069d8   0x00000038   Code   RO         2122    i.ws2812b_init      hf_ws2812b.o
    0x08006a10   0x08006a10   0x0000007c   Code   RO         2123    i.ws2812b_write     hf_ws2812b.o
    0x08006a8c   0x08006a8c   0x00000818   Data   RO         1188    .constdata          car_oled.o
    0x080072a4   0x080072a4   0x00000008   Data   RO         1316    .constdata          encoder.o
    0x080072ac   0x080072ac   0x00000020   Data   RO         6590    Region$$Table       anon$$obj.o


    Execution Region RW_IRAM1 (Exec base: 0x20000000, Load base: 0x080072cc, Size: 0x00000ca0, Max: 0x0000c000, ABSOLUTE, COMPRESSED[0x00000118])

    Exec Addr    Load Addr    Size         Type   Attr      Idx    E Section Name        Object

    0x20000000   COMPRESSED   0x000000fc   Data   RW          441    .data               main.o
    0x200000fc   COMPRESSED   0x00000004   PAD
    0x20000100   COMPRESSED   0x0000002a   Data   RW          962    .data               car_light.o
    0x2000012a   COMPRESSED   0x00000002   PAD
    0x2000012c   COMPRESSED   0x0000007c   Data   RW         1070    .data               car_6keys.o
    0x200001a8   COMPRESSED   0x0000004c   Data   RW         1424    .data               flash.o
    0x200001f4   COMPRESSED   0x00000029   Data   RW         1469    .data               ui.o
    0x2000021d   COMPRESSED   0x00000003   PAD
    0x20000220   COMPRESSED   0x00000004   Data   RW         1532    .data               system_gd32f30x.o
    0x20000224   COMPRESSED   0x00000030   Data   RW         2002    .data               hf_systick.o
    0x20000254   COMPRESSED   0x000000a2   Data   RW         2286    .data               dmx_tof400c.o
    0x200002f6   COMPRESSED   0x00000002   PAD
    0x200002f8   COMPRESSED   0x00000004   Data   RW         6568    .data               mc_w.l(stdout.o)
    0x200002fc        -       0x000000c0   Zero   RW          440    .bss                main.o
    0x200003bc        -       0x00000400   Zero   RW         1187    .bss                car_oled.o
    0x200007bc        -       0x0000005e   Zero   RW         1259    .bss                xunxian.o
    0x2000081a   COMPRESSED   0x00000002   PAD
    0x2000081c        -       0x00000030   Zero   RW         1315    .bss                encoder.o
    0x2000084c        -       0x00000048   Zero   RW         1423    .bss                flash.o
    0x20000894        -       0x0000000c   Zero   RW         1898    .bss                hf_pwm.o
    0x200008a0        -       0x00000400   Zero   RW         1568    STACK               startup_gd32f30x_hd.o


==============================================================================

Image component sizes


      Code (inc. data)   RO Data    RW Data    ZI Data      Debug   Object Name

        60          6          0          0          0        561   board.o
       220         10          0        124          0       2803   car_6keys.o
        36          0          0          0          0       1193   car_adc.o
       312         20          0          0          0       1110   car_init.o
       240         76          0         42          0       2686   car_light.o
       374         22       2072          0       1024       4274   car_oled.o
        44         10          0          0          0        981   car_reed.o
        32          4          0          0          0        533   car_uart.o
      1344         90          0        162          0      11118   dmx_tof400c.o
       308         42          8          0         48       3564   encoder.o
      1132        316          0         76         72       4565   flash.o
       602          4          0          0          0       8735   gd32f30x_adc.o
       264         24          0          0          0       3471   gd32f30x_exti.o
       756         80          0          0          0       6982   gd32f30x_fmc.o
       364          6          0          0          0       3795   gd32f30x_gpio.o
       490         14          0          0          0       7365   gd32f30x_i2c.o
       122          8          0          0          0      83369   gd32f30x_it.o
       216         20          0          0          0       1588   gd32f30x_misc.o
       548         68          0          0          0       4011   gd32f30x_rcu.o
      1698         48          0          0          0      14688   gd32f30x_timer.o
       430         16          0          0          0       7109   gd32f30x_usart.o
       604         26          0          0          0       1653   hf_adc.o
       420         24          0          0          0       2774   hf_double_dc_motor.o
       532         30          0          0          0       1146   hf_exti.o
       188          0          0          0          0       2289   hf_flash.o
       342         28          0          0          0       2207   hf_gpio.o
        52          4          0          0          0        529   hf_hc-sr04.o
       534         18          0          0          0       3086   hf_oled.o
       268         20          0          0          0       1375   hf_pit.o
       490         48          0          0         12       3135   hf_pwm.o
       424        128          0         48          0      30458   hf_systick.o
       550         54          0          0          0       3447   hf_uart.o
       180         14          0          0          0       1283   hf_ws2812b.o
      3510        628          0        252        192      15531   main.o
        36          8        304          0       1024        908   startup_gd32f30x_hd.o
       452         30          0          4          0       2915   system_gd32f30x.o
      4486        960          0         41          0       9135   ui.o
       352         42          0          0         94       3633   xunxian.o

    ----------------------------------------------------------------------
     23046       2946       2416        760       2468     260005   Object Totals
         0          0         32          0          0          0   (incl. Generated)
        34          0          0         11          2          0   (incl. Padding)

    ----------------------------------------------------------------------

      Code (inc. data)   RO Data    RW Data    ZI Data      Debug   Library Member Name

        86          0          0          0          0          0   __dczerorl2.o
         0          0          0          0          0          0   entry.o
         0          0          0          0          0          0   entry10a.o
         0          0          0          0          0          0   entry11a.o
         8          4          0          0          0          0   entry2.o
         4          0          0          0          0          0   entry5.o
         0          0          0          0          0          0   entry7b.o
         0          0          0          0          0          0   entry8b.o
         8          4          0          0          0          0   entry9a.o
        30          0          0          0          0          0   handlers.o
        36          8          0          0          0         68   init.o
         0          0          0          0          0          0   iusefp.o
        30          0          0          0          0         68   llshl.o
        36          0          0          0          0         68   llsshr.o
        32          0          0          0          0         68   llushr.o
        26          0          0          0          0         80   memcmp.o
        36          0          0          0          0        108   memseta.o
      2308         96          0          0          0        604   printfa.o
         0          0          0          4          0          0   stdout.o
        36          0          0          0          0         80   strstr.o
        44          0          0          0          0         80   uidiv.o
        98          0          0          0          0         92   uldiv.o
        48          0          0          0          0         68   cdrcmple.o
       334          0          0          0          0        148   dadd.o
       222          0          0          0          0        100   ddiv.o
       186          0          0          0          0        176   depilogue.o
        48          0          0          0          0         68   dfixul.o
       228          0          0          0          0         96   dmul.o
        38          0          0          0          0         68   f2d.o

    ----------------------------------------------------------------------
      3926        112          0          4          0       2040   Library Totals
         4          0          0          0          0          0   (incl. Padding)

    ----------------------------------------------------------------------

      Code (inc. data)   RO Data    RW Data    ZI Data      Debug   Library Name

      2818        112          0          4          0       1316   mc_w.l
      1104          0          0          0          0        724   mf_w.l

    ----------------------------------------------------------------------
      3926        112          0          4          0       2040   Library Totals

    ----------------------------------------------------------------------

==============================================================================


      Code (inc. data)   RO Data    RW Data    ZI Data      Debug   

     26972       3058       2416        764       2468     240489   Grand Totals
     26972       3058       2416        280       2468     240489   ELF Image Totals (compressed)
     26972       3058       2416        280          0          0   ROM Totals

==============================================================================

    Total RO  Size (Code + RO Data)                29388 (  28.70kB)
    Total RW  Size (RW Data + ZI Data)              3232 (   3.16kB)
    Total ROM Size (Code + RO Data + RW Data)      29668 (  28.97kB)

==============================================================================

