Component: ARM Compiler 5.06 update 6 (build 750) Tool: armlink [4d35ed]

==============================================================================

Section Cross References

    main.o(i.EXTI5_9_IRQHandler) refers to gd32f30x_exti.o(i.exti_interrupt_flag_get) for exti_interrupt_flag_get
    main.o(i.EXTI5_9_IRQHandler) refers to gd32f30x_exti.o(i.exti_interrupt_flag_clear) for exti_interrupt_flag_clear
    main.o(i.EXTI5_9_IRQHandler) refers to gd32f30x_exti.o(i.exti_interrupt_disable) for exti_interrupt_disable
    main.o(i.EXTI5_9_IRQHandler) refers to main.o(.data) for reed_last_state
    main.o(i.EXTI5_9_IRQHandler) refers to hf_systick.o(.data) for g_millis
    main.o(i.TIMER3_IRQHandler) refers to gd32f30x_timer.o(i.timer_interrupt_flag_get) for timer_interrupt_flag_get
    main.o(i.TIMER3_IRQHandler) refers to gd32f30x_timer.o(i.timer_interrupt_flag_clear) for timer_interrupt_flag_clear
    main.o(i.TIMER3_IRQHandler) refers to car_light.o(i.car_rgb_set_both) for car_rgb_set_both
    main.o(i.TIMER3_IRQHandler) refers to xunxian.o(i.adc_getdata) for adc_getdata
    main.o(i.TIMER3_IRQHandler) refers to xunxian.o(i.cal_err) for cal_err
    main.o(i.TIMER3_IRQHandler) refers to xunxian.o(i.positional_PD_track) for positional_PD_track
    main.o(i.TIMER3_IRQHandler) refers to hf_double_dc_motor.o(i.motor_forward) for motor_forward
    main.o(i.TIMER3_IRQHandler) refers to hf_double_dc_motor.o(i.motor_set_pwm) for motor_set_pwm
    main.o(i.TIMER3_IRQHandler) refers to main.o(.data) for g_round_state
    main.o(i.TIMER3_IRQHandler) refers to xunxian.o(.bss) for track_PID
    main.o(i.TIMER3_IRQHandler) refers to hf_systick.o(.data) for g_millis
    main.o(i.TIMER4_IRQHandler) refers to gd32f30x_timer.o(i.timer_interrupt_flag_get) for timer_interrupt_flag_get
    main.o(i.TIMER4_IRQHandler) refers to gd32f30x_timer.o(i.timer_interrupt_flag_clear) for timer_interrupt_flag_clear
    main.o(i.TIMER4_IRQHandler) refers to main.o(.data) for start_avoid_flag
    main.o(i.avoid_obs) refers to hf_hc-sr04.o(i.ultra_get_distance) for ultra_get_distance
    main.o(i.avoid_obs) refers to strcpy.o(.text) for strcpy
    main.o(i.avoid_obs) refers to main.o(.data) for avoid_cnt
    main.o(i.avoid_obs) refers to main.o(.bss) for send_buffer
    main.o(i.avoid_obs) refers to hf_systick.o(.data) for g_millis
    main.o(i.check_bridge_trigger) refers to car_light.o(i.car_rgb_set_both) for car_rgb_set_both
    main.o(i.check_bridge_trigger) refers to main.o(.data) for avoid_cnt
    main.o(i.check_obstacle_trigger) refers to main.o(.data) for start_avoid_flag
    main.o(i.check_parking_trigger) refers to hf_double_dc_motor.o(i.motor_forward) for motor_forward
    main.o(i.check_parking_trigger) refers to gd32f30x_timer.o(i.timer_disable) for timer_disable
    main.o(i.check_parking_trigger) refers to car_light.o(i.car_rgb_set_both) for car_rgb_set_both
    main.o(i.check_parking_trigger) refers to main.o(.data) for avoid_cnt
    main.o(i.check_parking_trigger) refers to hf_systick.o(.data) for g_millis
    main.o(i.check_parking_trigger) refers to xunxian.o(.bss) for track_PID
    main.o(i.check_roundabout_trigger) refers to car_light.o(i.car_rgb_set_both) for car_rgb_set_both
    main.o(i.check_roundabout_trigger) refers to main.o(.data) for start_round
    main.o(i.check_roundabout_trigger) refers to xunxian.o(.bss) for adc_value
    main.o(i.check_roundabout_trigger) refers to hf_systick.o(.data) for g_millis
    main.o(i.cross_bridge) refers to main.o(.data) for g_bridge_state
    main.o(i.cross_bridge) refers to hf_systick.o(.data) for g_millis
    main.o(i.handle_roundabout) refers to main.o(.data) for has_round_flag
    main.o(i.handle_roundabout) refers to hf_systick.o(.data) for g_millis
    main.o(i.main) refers to car_init.o(i.car_init) for car_init
    main.o(i.main) refers to flash.o(i.flash_init_and_load) for flash_init_and_load
    main.o(i.main) refers to ui.o(i.ui_init) for ui_init
    main.o(i.main) refers to hf_pit.o(i.timer_pit_interrupt_ms) for timer_pit_interrupt_ms
    main.o(i.main) refers to gd32f30x_misc.o(i.nvic_irq_enable) for nvic_irq_enable
    main.o(i.main) refers to ui.o(i.ui_task) for ui_task
    main.o(i.main) refers to car_reed.o(i.reed_check) for reed_check
    main.o(i.main) refers to gd32f30x_exti.o(i.exti_interrupt_flag_clear) for exti_interrupt_flag_clear
    main.o(i.main) refers to gd32f30x_exti.o(i.exti_interrupt_enable) for exti_interrupt_enable
    main.o(i.main) refers to main.o(i.check_obstacle_trigger) for check_obstacle_trigger
    main.o(i.main) refers to main.o(i.check_bridge_trigger) for check_bridge_trigger
    main.o(i.main) refers to main.o(i.check_parking_trigger) for check_parking_trigger
    main.o(i.main) refers to main.o(i.check_roundabout_trigger) for check_roundabout_trigger
    main.o(i.main) refers to main.o(i.handle_roundabout) for handle_roundabout
    main.o(i.main) refers to car_light.o(i.car_rgb_set_both) for car_rgb_set_both
[...]
    i.i2c_start_on_bus                       0x08003656   Section        0  gd32f30x_i2c.o(i.i2c_start_on_bus)
    i.i2c_stop_on_bus                        0x08003660   Section        0  gd32f30x_i2c.o(i.i2c_stop_on_bus)
    i.int_init                               0x0800366c   Section        0  car_init.o(i.int_init)
    i.key_check                              0x08003694   Section        0  car_6keys.o(i.key_check)
    i.key_init                               0x080036f8   Section        0  car_6keys.o(i.key_init)
    i.key_read_level                         0x08003758   Section        0  car_6keys.o(i.key_read_level)
    key_read_level                           0x08003759   Thumb Code    24  car_6keys.o(i.key_read_level)
    i.main                                   0x08003770   Section        0  main.o(i.main)
    i.motor_backward                         0x08003a24   Section        0  hf_double_dc_motor.o(i.motor_backward)
    i.motor_forward                          0x08003a70   Section        0  hf_double_dc_motor.o(i.motor_forward)
    i.motor_init                             0x08003abc   Section        0  hf_double_dc_motor.o(i.motor_init)
    i.motor_set_pwm                          0x08003b54   Section        0  hf_double_dc_motor.o(i.motor_set_pwm)
    i.nvic_irq_enable                        0x08003bc8   Section        0  gd32f30x_misc.o(i.nvic_irq_enable)
    i.nvic_priority_group_set                0x08003c8c   Section        0  gd32f30x_misc.o(i.nvic_priority_group_set)
    i.oled_clear                             0x08003ca0   Section        0  car_oled.o(i.oled_clear)
    i.oled_display_on                        0x08003cd0   Section        0  car_oled.o(i.oled_display_on)
    i.oled_init                              0x08003cec   Section        0  hf_oled.o(i.oled_init)
    i.oled_refresh_gram                      0x08003e0c   Section        0  car_oled.o(i.oled_refresh_gram)
    i.oled_set_pos                           0x08003e58   Section        0  hf_oled.o(i.oled_set_pos)
    i.oled_show_char                         0x08003e84   Section        0  car_oled.o(i.oled_show_char)
    i.oled_show_string                       0x08003f28   Section        0  car_oled.o(i.oled_show_string)
    i.oled_write                             0x08003f64   Section        0  hf_oled.o(i.oled_write)
    i.oled_write_byte                        0x08003ffc   Section        0  hf_oled.o(i.oled_write_byte)
    i.positional_PD_track                    0x08004030   Section        0  xunxian.o(i.positional_PD_track)
    i.pwm_duty                               0x080040a0   Section        0  hf_pwm.o(i.pwm_duty)
    i.pwm_duty_to_pulse                      0x08004120   Section        0  hf_pwm.o(i.pwm_duty_to_pulse)
    pwm_duty_to_pulse                        0x08004121   Thumb Code    34  hf_pwm.o(i.pwm_duty_to_pulse)
    i.pwm_init                               0x08004144   Section        0  hf_pwm.o(i.pwm_init)
    i.rcu_adc_clock_config                   0x0800428c   Section        0  gd32f30x_rcu.o(i.rcu_adc_clock_config)
    i.rcu_clock_freq_get                     0x080042f8   Section        0  gd32f30x_rcu.o(i.rcu_clock_freq_get)
    i.rcu_periph_clock_enable                0x08004450   Section        0  gd32f30x_rcu.o(i.rcu_periph_clock_enable)
    i.rcu_periph_reset_disable               0x08004470   Section        0  gd32f30x_rcu.o(i.rcu_periph_reset_disable)
    i.rcu_periph_reset_enable                0x08004490   Section        0  gd32f30x_rcu.o(i.rcu_periph_reset_enable)
    i.reed_check                             0x080044b0   Section        0  car_reed.o(i.reed_check)
    i.reed_init                              0x080044c8   Section        0  car_reed.o(i.reed_init)
    i.system_clock_120m_hxtal                0x080044dc   Section        0  system_gd32f30x.o(i.system_clock_120m_hxtal)
    system_clock_120m_hxtal                  0x080044dd   Thumb Code   258  system_gd32f30x.o(i.system_clock_120m_hxtal)
    i.system_clock_config                    0x080045f0   Section        0  system_gd32f30x.o(i.system_clock_config)
    system_clock_config                      0x080045f1   Thumb Code     8  system_gd32f30x.o(i.system_clock_config)
    i.systick_config                         0x080045f8   Section        0  hf_systick.o(i.systick_config)
    i.timer_auto_reload_shadow_enable        0x080046c0   Section        0  gd32f30x_timer.o(i.timer_auto_reload_shadow_enable)
    i.timer_channel_output_config            0x080046cc   Section        0  gd32f30x_timer.o(i.timer_channel_output_config)
    i.timer_channel_output_mode_config       0x080048b8   Section        0  gd32f30x_timer.o(i.timer_channel_output_mode_config)
    i.timer_channel_output_pulse_value_config 0x08004912   Section        0  gd32f30x_timer.o(i.timer_channel_output_pulse_value_config)
    i.timer_channel_output_shadow_config     0x08004938   Section        0  gd32f30x_timer.o(i.timer_channel_output_shadow_config)
    i.timer_deinit                           0x08004994   Section        0  gd32f30x_timer.o(i.timer_deinit)
    i.timer_disable                          0x08004a70   Section        0  gd32f30x_timer.o(i.timer_disable)
    i.timer_enable                           0x08004a7a   Section        0  gd32f30x_timer.o(i.timer_enable)
    i.timer_flag_clear                       0x08004a84   Section        0  gd32f30x_timer.o(i.timer_flag_clear)
    i.timer_flag_get                         0x08004a8a   Section        0  gd32f30x_timer.o(i.timer_flag_get)
    i.timer_init                             0x08004a9c   Section        0  gd32f30x_timer.o(i.timer_init)
    i.timer_interrupt_enable                 0x08004b34   Section        0  gd32f30x_timer.o(i.timer_interrupt_enable)
    i.timer_interrupt_flag_clear             0x08004b3c   Section        0  gd32f30x_timer.o(i.timer_interrupt_flag_clear)
    i.timer_interrupt_flag_get               0x08004b42   Section        0  gd32f30x_timer.o(i.timer_interrupt_flag_get)
    i.timer_pit_close                        0x08004b5a   Section        0  hf_pit.o(i.timer_pit_close)
    i.timer_pit_interrupt_ms                 0x08004b68   Section        0  hf_pit.o(i.timer_pit_interrupt_ms)
    i.timer_primary_output_config            0x08004c68   Section        0  gd32f30x_timer.o(i.timer_primary_output_config)
    i.track_para_init                        0x08004c80   Section        0  xunxian.o(i.track_para_init)
    i.uart0_init                             0x08004cc4   Section        0  car_uart.o(i.uart0_init)
    i.uart_init                              0x08004ce4   Section        0  hf_uart.o(i.uart_init)
    i.ui_adjust_float                        0x08004e98   Section        0  ui.o(i.ui_adjust_float)
    ui_adjust_float                          0x08004e99   Thumb Code    42  ui.o(i.ui_adjust_float)
    i.ui_adjust_int                          0x08004ec2   Section        0  ui.o(i.ui_adjust_int)
    ui_adjust_int                            0x08004ec3   Thumb Code    20  ui.o(i.ui_adjust_int)
    i.ui_adjust_u16                          0x08004ed6   Section        0  ui.o(i.ui_adjust_u16)
    ui_adjust_u16                            0x08004ed7   Thumb Code    24  ui.o(i.ui_adjust_u16)
    i.ui_init                                0x08004ef0   Section        0  ui.o(i.ui_init)
    i.ui_read_key_once                       0x08004f30   Section        0  ui.o(i.ui_read_key_once)
    ui_read_key_once                         0x08004f31   Thumb Code     8  ui.o(i.ui_read_key_once)
    i.ui_save_and_return                     0x08004f38   Section        0  ui.o(i.ui_save_and_return)
    ui_save_and_return                       0x08004f39   Thumb Code   102  ui.o(i.ui_save_and_return)
    i.ui_show_string                         0x08004fcc   Section        0  ui.o(i.ui_show_string)
    ui_show_string                           0x08004fcd   Thumb Code    28  ui.o(i.ui_show_string)
    i.ui_task                                0x08004fe8   Section        0  ui.o(i.ui_task)
    i.ultra_get_distance                     0x08005dfc   Section        0  hf_hc-sr04.o(i.ultra_get_distance)
    i.ultra_init                             0x08005e98   Section        0  hf_hc-sr04.o(i.ultra_init)
    i.usart_baudrate_set                     0x08005ecc   Section        0  gd32f30x_usart.o(i.usart_baudrate_set)
    i.usart_data_transmit                    0x08005f5c   Section        0  gd32f30x_usart.o(i.usart_data_transmit)
    i.usart_deinit                           0x08005f64   Section        0  gd32f30x_usart.o(i.usart_deinit)
    i.usart_enable                           0x08005ff4   Section        0  gd32f30x_usart.o(i.usart_enable)
    i.usart_flag_get                         0x08005ffe   Section        0  gd32f30x_usart.o(i.usart_flag_get)
    i.usart_receive_config                   0x0800601c   Section        0  gd32f30x_usart.o(i.usart_receive_config)
    i.usart_transmit_config                  0x0800602c   Section        0  gd32f30x_usart.o(i.usart_transmit_config)
    i.ws2812b_init                           0x0800603c   Section        0  hf_ws2812b.o(i.ws2812b_init)
    i.ws2812b_write                          0x08006074   Section        0  hf_ws2812b.o(i.ws2812b_write)
    .constdata                               0x080060f0   Section     2072  car_oled.o(.constdata)
    .data                                    0x20000000   Section      209  main.o(.data)
    rgb_off                                  0x20000000   Data           3  main.o(.data)
    rgb_blue                                 0x20000003   Data           3  main.o(.data)
    rgb_green                                0x20000006   Data           3  main.o(.data)
    rgb_cyan                                 0x20000009   Data           3  main.o(.data)
    rgb_red                                  0x2000000c   Data           3  main.o(.data)
    rgb_purple                               0x2000000f   Data           3  main.o(.data)
    rgb_yellow                               0x20000012   Data           3  main.o(.data)
    rgb_white                                0x20000015   Data           3  main.o(.data)
    rgb_user_define                          0x20000018   Data           3  main.o(.data)
    keep_start_time                          0x200000c0   Data           4  main.o(.data)
    flag_start_time                          0x200000c4   Data           4  main.o(.data)
    avoid_wait_start                         0x200000c8   Data           4  main.o(.data)
    trigger_start_time                       0x200000cc   Data           4  main.o(.data)
    is_triggering                            0x200000d0   Data           1  main.o(.data)
    .data                                    0x200000d8   Section       40  car_light.o(.data)
    rgb_off                                  0x200000d8   Data           3  car_light.o(.data)
    rgb_blue                                 0x200000db   Data           3  car_light.o(.data)
    rgb_green                                0x200000de   Data           3  car_light.o(.data)
    rgb_cyan                                 0x200000e1   Data           3  car_light.o(.data)
    rgb_red                                  0x200000e4   Data           3  car_light.o(.data)
    rgb_purple                               0x200000e7   Data           3  car_light.o(.data)
    rgb_yellow                               0x200000ea   Data           3  car_light.o(.data)
    rgb_white                                0x200000ed   Data           3  car_light.o(.data)
    rgb_user_define                          0x200000f0   Data           3  car_light.o(.data)
    rgb_auto_off_enabled                     0x200000f3   Data           1  car_light.o(.data)
    rgb_auto_off_time_us                     0x200000f8   Data           8  car_light.o(.data)
    .data                                    0x20000100   Section      124  car_6keys.o(.data)
    rgb_off                                  0x20000100   Data           3  car_6keys.o(.data)
    rgb_blue                                 0x20000103   Data           3  car_6keys.o(.data)
    rgb_green                                0x20000106   Data           3  car_6keys.o(.data)
    rgb_cyan                                 0x20000109   Data           3  car_6keys.o(.data)
    rgb_red                                  0x2000010c   Data           3  car_6keys.o(.data)
    rgb_purple                               0x2000010f   Data           3  car_6keys.o(.data)
    rgb_yellow                               0x20000112   Data           3  car_6keys.o(.data)
    rgb_white                                0x20000115   Data           3  car_6keys.o(.data)
    rgb_user_define                          0x20000118   Data           3  car_6keys.o(.data)
    key_table                                0x2000011c   Data          96  car_6keys.o(.data)
    .data                                    0x2000017c   Section       66  flash.o(.data)
    rgb_off                                  0x2000017c   Data           3  flash.o(.data)
    rgb_blue                                 0x2000017f   Data           3  flash.o(.data)
    rgb_green                                0x20000182   Data           3  flash.o(.data)
    rgb_cyan                                 0x20000185   Data           3  flash.o(.data)
    rgb_red                                  0x20000188   Data           3  flash.o(.data)
    rgb_purple                               0x2000018b   Data           3  flash.o(.data)
    rgb_yellow                               0x2000018e   Data           3  flash.o(.data)
    rgb_white                                0x20000191   Data           3  flash.o(.data)
    rgb_user_define                          0x20000194   Data           3  flash.o(.data)
    .data                                    0x200001be   Section       37  ui.o(.data)
    rgb_off                                  0x200001be   Data           3  ui.o(.data)
    rgb_blue                                 0x200001c1   Data           3  ui.o(.data)
    rgb_green                                0x200001c4   Data           3  ui.o(.data)
    rgb_cyan                                 0x200001c7   Data           3  ui.o(.data)
    rgb_red                                  0x200001ca   Data           3  ui.o(.data)
    rgb_purple                               0x200001cd   Data           3  ui.o(.data)
    rgb_yellow                               0x200001d0   Data           3  ui.o(.data)
    rgb_white                                0x200001d3   Data           3  ui.o(.data)
    rgb_user_define                          0x200001d6   Data           3  ui.o(.data)
    ui_page                                  0x200001d9   Data           1  ui.o(.data)
    ui_cursor                                0x200001da   Data           1  ui.o(.data)
    scroll_top                               0x200001db   Data           1  ui.o(.data)
    req                                      0x200001dd   Data           4  ui.o(.data)
    last_screen_row                          0x200001e1   Data           1  ui.o(.data)
    sensor_tick                              0x200001e2   Data           1  ui.o(.data)
    .data                                    0x200001e4   Section        4  system_gd32f30x.o(.data)
    .data                                    0x200001e8   Section       48  hf_systick.o(.data)
    rgb_off                                  0x200001e8   Data           3  hf_systick.o(.data)
    rgb_blue                                 0x200001eb   Data           3  hf_systick.o(.data)
    rgb_green                                0x200001ee   Data           3  hf_systick.o(.data)
    rgb_cyan                                 0x200001f1   Data           3  hf_systick.o(.data)
    rgb_red                                  0x200001f4   Data           3  hf_systick.o(.data)
    rgb_purple                               0x200001f7   Data           3  hf_systick.o(.data)
    rgb_yellow                               0x200001fa   Data           3  hf_systick.o(.data)
    rgb_white                                0x200001fd   Data           3  hf_systick.o(.data)
    rgb_user_define                          0x20000200   Data           3  hf_systick.o(.data)
    sysTick_clk                              0x2000020c   Data           4  hf_systick.o(.data)
    ticks_per_us                             0x20000210   Data           4  hf_systick.o(.data)
    ticks_per_us_frac                        0x20000214   Data           4  hf_systick.o(.data)
    .data                                    0x20000218   Section      162  dmx_tof400c.o(.data)
    rgb_off                                  0x20000218   Data           3  dmx_tof400c.o(.data)
    rgb_blue                                 0x2000021b   Data           3  dmx_tof400c.o(.data)
    rgb_green                                0x2000021e   Data           3  dmx_tof400c.o(.data)
    rgb_cyan                                 0x20000221   Data           3  dmx_tof400c.o(.data)
    rgb_red                                  0x20000224   Data           3  dmx_tof400c.o(.data)
    rgb_purple                               0x20000227   Data           3  dmx_tof400c.o(.data)
    rgb_yellow                               0x2000022a   Data           3  dmx_tof400c.o(.data)
    rgb_white                                0x2000022d   Data           3  dmx_tof400c.o(.data)
    rgb_user_define                          0x20000230   Data           3  dmx_tof400c.o(.data)
    .data                                    0x200002bc   Section        4  stdout.o(.data)
    .bss                                     0x200002c0   Section      128  main.o(.bss)
    .bss                                     0x20000340   Section     1024  car_oled.o(.bss)
    .bss                                     0x20000740   Section       94  xunxian.o(.bss)
    .bss                                     0x200007a0   Section       64  flash.o(.bss)
    flash_box                                0x200007a0   Data          64  flash.o(.bss)
    .bss                                     0x200007e0   Section       12  hf_pwm.o(.bss)
    STACK                                    0x200007f0   Section     1024  startup_gd32f30x_hd.o(STACK)

    Global Symbols

    Symbol Name                              Value     Ov Type        Size  Object(Section)

    BuildAttributes$$THM_ISAv4$E$P$D$K$B$S$7EM$VFPi3$EXTD16$VFPS$VFMA$PE$A:L22UL41UL21$X:L11$S22US41US21$IEEE1$IW$USESV6$~STKCKD$USESV7$~SHL$OTIME$ROPI$IEEEJ$EBA8$MICROLIB$REQ8$PRES8$EABIv2 0x00000000   Number         0  anon$$obj.o ABSOLUTE
    __ARM_use_no_argv                        0x00000000   Number         0  main.o ABSOLUTE
    _printf_a                                0x00000000   Number         0  stubs.o ABSOLUTE
    _printf_c                                0x00000000   Number         0  stubs.o ABSOLUTE
    _printf_charcount                        0x00000000   Number         0  stubs.o ABSOLUTE
    _printf_d                                0x00000000   Number         0  stubs.o ABSOLUTE
    _printf_e                                0x00000000   Number         0  stubs.o ABSOLUTE
    _printf_f                                0x00000000   Number         0  stubs.o ABSOLUTE
    _printf_flags                            0x00000000   Number         0  stubs.o ABSOLUTE
    _printf_fp_dec                           0x00000000   Number         0  stubs.o ABSOLUTE
    _printf_fp_hex                           0x00000000   Number         0  stubs.o ABSOLUTE
    _printf_g                                0x00000000   Number         0  stubs.o ABSOLUTE
    _printf_i                                0x00000000   Number         0  stubs.o ABSOLUTE
    _printf_int_dec                          0x00000000   Number         0  stubs.o ABSOLUTE
    _printf_l                                0x00000000   Number         0  stubs.o ABSOLUTE
    _printf_lc                               0x00000000   Number         0  stubs.o ABSOLUTE
    _printf_ll                               0x00000000   Number         0  stubs.o ABSOLUTE
    _printf_lld                              0x00000000   Number         0  stubs.o ABSOLUTE
    _printf_lli                              0x00000000   Number         0  stubs.o ABSOLUTE
    _printf_llo                              0x00000000   Number         0  stubs.o ABSOLUTE
    _printf_llu                              0x00000000   Number         0  stubs.o ABSOLUTE
    _printf_llx                              0x00000000   Number         0  stubs.o ABSOLUTE
    _printf_longlong_dec                     0x00000000   Number         0  stubs.o ABSOLUTE
    _printf_longlong_hex                     0x00000000   Number         0  stubs.o ABSOLUTE
    _printf_longlong_oct                     0x00000000   Number         0  stubs.o ABSOLUTE
    _printf_ls                               0x00000000   Number         0  stubs.o ABSOLUTE
    _printf_mbtowc                           0x00000000   Number         0  stubs.o ABSOLUTE
    _printf_n                                0x00000000   Number         0  stubs.o ABSOLUTE
    _printf_o                                0x00000000   Number         0  stubs.o ABSOLUTE
    _printf_p                                0x00000000   Number         0  stubs.o ABSOLUTE
    _printf_percent                          0x00000000   Number         0  stubs.o ABSOLUTE
    _printf_pre_padding                      0x00000000   Number         0  stubs.o ABSOLUTE
    _printf_return_value                     0x00000000   Number         0  stubs.o ABSOLUTE
    _printf_s                                0x00000000   Number         0  stubs.o ABSOLUTE
    _printf_sizespec                         0x00000000   Number         0  stubs.o ABSOLUTE
    _printf_str                              0x00000000   Number         0  stubs.o ABSOLUTE
    _printf_truncate_signed                  0x00000000   Number         0  stubs.o ABSOLUTE
    _printf_truncate_unsigned                0x00000000   Number         0  stubs.o ABSOLUTE
    _printf_u                                0x00000000   Number         0  stubs.o ABSOLUTE
    _printf_wc                               0x00000000   Number         0  stubs.o ABSOLUTE
    _printf_wctomb                           0x00000000   Number         0  stubs.o ABSOLUTE
    _printf_widthprec                        0x00000000   Number         0  stubs.o ABSOLUTE
    _printf_x                                0x00000000   Number         0  stubs.o ABSOLUTE
    __cpp_initialize__aeabi_                  - Undefined Weak Reference
    __cxa_finalize                            - Undefined Weak Reference
    _clock_init                               - Undefined Weak Reference
    _microlib_exit                            - Undefined Weak Reference
    __Vectors_Size                           0x00000130   Number         0  startup_gd32f30x_hd.o ABSOLUTE
    __Vectors                                0x08000000   Data           4  startup_gd32f30x_hd.o(RESET)
    __Vectors_End                            0x08000130   Data           0  startup_gd32f30x_hd.o(RESET)
    __main                                   0x08000131   Thumb Code     0  entry.o(.ARM.Collect$$$$00000000)
    _main_stk                                0x08000131   Thumb Code     0  entry2.o(.ARM.Collect$$$$00000001)
    _main_scatterload                        0x08000135   Thumb Code     0  entry5.o(.ARM.Collect$$$$00000004)
    __main_after_scatterload                 0x08000139   Thumb Code     0  entry5.o(.ARM.Collect$$$$00000004)
    _main_clock                              0x08000139   Thumb Code     0  entry7b.o(.ARM.Collect$$$$00000008)
    _main_cpp_init                           0x08000139   Thumb Code     0  entry8b.o(.ARM.Collect$$$$0000000A)
    _main_init                               0x08000139   Thumb Code     0  entry9a.o(.ARM.Collect$$$$0000000B)
    __rt_final_cpp                           0x08000141   Thumb Code     0  entry10a.o(.ARM.Collect$$$$0000000D)
    __rt_final_exit                          0x08000141   Thumb Code     0  entry11a.o(.ARM.Collect$$$$0000000F)
    Reset_Handler                            0x08000145   Thumb Code     8  startup_gd32f30x_hd.o(.text)
    ADC0_1_IRQHandler                        0x0800015f   Thumb Code     0  startup_gd32f30x_hd.o(.text)
    ADC2_IRQHandler                          0x0800015f   Thumb Code     0  startup_gd32f30x_hd.o(.text)
    CAN0_EWMC_IRQHandler                     0x0800015f   Thumb Code     0  startup_gd32f30x_hd.o(.text)
    CAN0_RX1_IRQHandler                      0x0800015f   Thumb Code     0  startup_gd32f30x_hd.o(.text)
    DMA0_Channel0_IRQHandler                 0x0800015f   Thumb Code     0  startup_gd32f30x_hd.o(.text)
    DMA0_Channel1_IRQHandler                 0x0800015f   Thumb Code     0  startup_gd32f30x_hd.o(.text)
    DMA0_Channel2_IRQHandler                 0x0800015f   Thumb Code     0  startup_gd32f30x_hd.o(.text)
    DMA0_Channel3_IRQHandler                 0x0800015f   Thumb Code     0  startup_gd32f30x_hd.o(.text)
    DMA0_Channel4_IRQHandler                 0x0800015f   Thumb Code     0  startup_gd32f30x_hd.o(.text)
    DMA0_Channel5_IRQHandler                 0x0800015f   Thumb Code     0  startup_gd32f30x_hd.o(.text)
    DMA0_Channel6_IRQHandler                 0x0800015f   Thumb Code     0  startup_gd32f30x_hd.o(.text)
    DMA1_Channel0_IRQHandler                 0x0800015f   Thumb Code     0  startup_gd32f30x_hd.o(.text)
    DMA1_Channel1_IRQHandler                 0x0800015f   Thumb Code     0  startup_gd32f30x_hd.o(.text)
    DMA1_Channel2_IRQHandler                 0x0800015f   Thumb Code     0  startup_gd32f30x_hd.o(.text)
    DMA1_Channel3_4_IRQHandler               0x0800015f   Thumb Code     0  startup_gd32f30x_hd.o(.text)
    EXMC_IRQHandler                          0x0800015f   Thumb Code     0  startup_gd32f30x_hd.o(.text)
    FMC_IRQHandler                           0x0800015f   Thumb Code     0  startup_gd32f30x_hd.o(.text)
    I2C0_ER_IRQHandler                       0x0800015f   Thumb Code     0  startup_gd32f30x_hd.o(.text)
    I2C1_ER_IRQHandler                       0x0800015f   Thumb Code     0  startup_gd32f30x_hd.o(.text)
    LVD_IRQHandler                           0x0800015f   Thumb Code     0  startup_gd32f30x_hd.o(.text)
    RCU_CTC_IRQHandler                       0x0800015f   Thumb Code     0  startup_gd32f30x_hd.o(.text)
    RTC_Alarm_IRQHandler                     0x0800015f   Thumb Code     0  startup_gd32f30x_hd.o(.text)
    RTC_IRQHandler                           0x0800015f   Thumb Code     0  startup_gd32f30x_hd.o(.text)
    SDIO_IRQHandler                          0x0800015f   Thumb Code     0  startup_gd32f30x_hd.o(.text)
    TAMPER_IRQHandler                        0x0800015f   Thumb Code     0  startup_gd32f30x_hd.o(.text)
    TIMER0_BRK_IRQHandler                    0x0800015f   Thumb Code     0  startup_gd32f30x_hd.o(.text)
    TIMER0_Channel_IRQHandler                0x0800015f   Thumb Code     0  startup_gd32f30x_hd.o(.text)
    TIMER0_TRG_CMT_IRQHandler                0x0800015f   Thumb Code     0  startup_gd32f30x_hd.o(.text)
    TIMER0_UP_IRQHandler                     0x0800015f   Thumb Code     0  startup_gd32f30x_hd.o(.text)
    TIMER7_BRK_IRQHandler                    0x0800015f   Thumb Code     0  startup_gd32f30x_hd.o(.text)
    TIMER7_TRG_CMT_IRQHandler                0x0800015f   Thumb Code     0  startup_gd32f30x_hd.o(.text)
    TIMER7_UP_IRQHandler                     0x0800015f   Thumb Code     0  startup_gd32f30x_hd.o(.text)
    USBD_HP_CAN0_TX_IRQHandler               0x0800015f   Thumb Code     0  startup_gd32f30x_hd.o(.text)
    USBD_LP_CAN0_RX0_IRQHandler              0x0800015f   Thumb Code     0  startup_gd32f30x_hd.o(.text)
    USBD_WKUP_IRQHandler                     0x0800015f   Thumb Code     0  startup_gd32f30x_hd.o(.text)
    WWDGT_IRQHandler                         0x0800015f   Thumb Code     0  startup_gd32f30x_hd.o(.text)
    __aeabi_uldivmod                         0x08000169   Thumb Code    98  uldiv.o(.text)
    __aeabi_memset                           0x080001cb   Thumb Code    14  memseta.o(.text)
    __aeabi_memset4                          0x080001cb   Thumb Code     0  memseta.o(.text)
    __aeabi_memset8                          0x080001cb   Thumb Code     0  memseta.o(.text)
    __aeabi_memclr                           0x080001d9   Thumb Code     4  memseta.o(.text)
    __aeabi_memclr4                          0x080001d9   Thumb Code     0  memseta.o(.text)
    __aeabi_memclr8                          0x080001d9   Thumb Code     0  memseta.o(.text)
    _memset$wrapper                          0x080001dd   Thumb Code    18  memseta.o(.text)
    memcmp                                   0x080001ef   Thumb Code    26  memcmp.o(.text)
    strcpy                                   0x08000209   Thumb Code    18  strcpy.o(.text)
    __aeabi_dmul                             0x0800021b   Thumb Code   228  dmul.o(.text)
    __aeabi_f2d                              0x080002ff   Thumb Code    38  f2d.o(.text)
    __aeabi_cdrcmple                         0x08000325   Thumb Code    48  cdrcmple.o(.text)
    __aeabi_uidiv                            0x08000355   Thumb Code     0  uidiv.o(.text)
    __aeabi_uidivmod                         0x08000355   Thumb Code    44  uidiv.o(.text)
    __aeabi_llsl                             0x08000381   Thumb Code    30  llshl.o(.text)
    _ll_shift_l                              0x08000381   Thumb Code     0  llshl.o(.text)
    __aeabi_llsr                             0x0800039f   Thumb Code    32  llushr.o(.text)
    _ll_ushift_r                             0x0800039f   Thumb Code     0  llushr.o(.text)
    __I$use$fp                               0x080003bf   Thumb Code     0  iusefp.o(.text)
    _double_round                            0x080003bf   Thumb Code    30  depilogue.o(.text)
    _double_epilogue                         0x080003dd   Thumb Code   156  depilogue.o(.text)
    __aeabi_dadd                             0x08000479   Thumb Code   322  dadd.o(.text)
    __aeabi_dsub                             0x080005bb   Thumb Code     6  dadd.o(.text)
    __aeabi_drsub                            0x080005c1   Thumb Code     6  dadd.o(.text)
    __aeabi_ddiv                             0x080005c7   Thumb Code   222  ddiv.o(.text)
    __aeabi_d2ulz                            0x080006a5   Thumb Code    48  dfixul.o(.text)
    __scatterload                            0x080006d5   Thumb Code    28  init.o(.text)
    __scatterload_rt2                        0x080006d5   Thumb Code     0  init.o(.text)
    __aeabi_lasr                             0x080006f9   Thumb Code    36  llsshr.o(.text)
    _ll_sshift_r                             0x080006f9   Thumb Code     0  llsshr.o(.text)
    __decompress                             0x0800071d   Thumb Code     0  __dczerorl2.o(.text)
    __decompress1                            0x0800071d   Thumb Code    86  __dczerorl2.o(.text)
    BusFault_Handler                         0x08000773   Thumb Code     4  gd32f30x_it.o(i.BusFault_Handler)
    DebugMon_Handler                         0x080007a1   Thumb Code     2  gd32f30x_it.o(i.DebugMon_Handler)
    EXTI0_IRQHandler                         0x080007a3   Thumb Code     2  gd32f30x_it.o(i.EXTI0_IRQHandler)
    EXTI10_15_IRQHandler                     0x080007a5   Thumb Code     2  gd32f30x_it.o(i.EXTI10_15_IRQHandler)
    EXTI1_IRQHandler                         0x080007a7   Thumb Code     2  gd32f30x_it.o(i.EXTI1_IRQHandler)
    EXTI2_IRQHandler                         0x080007a9   Thumb Code     2  gd32f30x_it.o(i.EXTI2_IRQHandler)
    EXTI3_IRQHandler                         0x080007ab   Thumb Code     2  gd32f30x_it.o(i.EXTI3_IRQHandler)
    EXTI4_IRQHandler                         0x080007ad   Thumb Code     2  gd32f30x_it.o(i.EXTI4_IRQHandler)
    EXTI5_9_IRQHandler                       0x080007b1   Thumb Code    50  main.o(i.EXTI5_9_IRQHandler)
    HardFault_Handler                        0x0800081d   Thumb Code     4  gd32f30x_it.o(i.HardFault_Handler)
    I2C0_EV_IRQHandler                       0x08000821   Thumb Code     2  gd32f30x_it.o(i.I2C0_EV_IRQHandler)
    I2C1_EV_IRQHandler                       0x08000823   Thumb Code     2  gd32f30x_it.o(i.I2C1_EV_IRQHandler)
    Init_TOF400C                             0x08000825   Thumb Code   356  dmx_tof400c.o(i.Init_TOF400C)
    MemManage_Handler                        0x080009c5   Thumb Code     4  gd32f30x_it.o(i.MemManage_Handler)
    NMI_Handler                              0x080009c9   Thumb Code     2  gd32f30x_it.o(i.NMI_Handler)
    PendSV_Handler                           0x080009f5   Thumb Code     2  gd32f30x_it.o(i.PendSV_Handler)
    SPI0_IRQHandler                          0x080009f7   Thumb Code     2  gd32f30x_it.o(i.SPI0_IRQHandler)
    SPI1_IRQHandler                          0x080009f9   Thumb Code     2  gd32f30x_it.o(i.SPI1_IRQHandler)
    SPI2_IRQHandler                          0x080009fb   Thumb Code     2  gd32f30x_it.o(i.SPI2_IRQHandler)
    SVC_Handler                              0x080009fd   Thumb Code     2  gd32f30x_it.o(i.SVC_Handler)
    SysTick_Handler                          0x08000a01   Thumb Code    30  hf_systick.o(i.SysTick_Handler)
    SystemInit                               0x08000a41   Thumb Code   156  system_gd32f30x.o(i.SystemInit)
    TIMER1_IRQHandler                        0x08000ae9   Thumb Code     2  gd32f30x_it.o(i.TIMER1_IRQHandler)
    TIMER2_IRQHandler                        0x08000aeb   Thumb Code     2  gd32f30x_it.o(i.TIMER2_IRQHandler)
    TIMER3_IRQHandler                        0x08000aed   Thumb Code  1088  main.o(i.TIMER3_IRQHandler)
    TIMER4_IRQHandler                        0x08000f2d   Thumb Code    36  main.o(i.TIMER4_IRQHandler)
    TIMER5_IRQHandler                        0x08000f5d   Thumb Code     2  gd32f30x_it.o(i.TIMER5_IRQHandler)
    TIMER6_IRQHandler                        0x08000f5f   Thumb Code     2  gd32f30x_it.o(i.TIMER6_IRQHandler)
    TIMER7_Channel_IRQHandler                0x08000f61   Thumb Code     2  gd32f30x_it.o(i.TIMER7_Channel_IRQHandler)
    UART3_IRQHandler                         0x08001267   Thumb Code     2  gd32f30x_it.o(i.UART3_IRQHandler)
    UART4_IRQHandler                         0x08001269   Thumb Code     2  gd32f30x_it.o(i.UART4_IRQHandler)
    USART0_IRQHandler                        0x0800126b   Thumb Code     2  gd32f30x_it.o(i.USART0_IRQHandler)
    USART1_IRQHandler                        0x0800126d   Thumb Code     2  gd32f30x_it.o(i.USART1_IRQHandler)
    USART2_IRQHandler                        0x0800126f   Thumb Code     2  gd32f30x_it.o(i.USART2_IRQHandler)
    UsageFault_Handler                       0x08001271   Thumb Code     4  gd32f30x_it.o(i.UsageFault_Handler)
    __0printf                                0x08001275   Thumb Code    22  printfa.o(i.__0printf)
    __1printf                                0x08001275   Thumb Code     0  printfa.o(i.__0printf)
    __2printf                                0x08001275   Thumb Code     0  printfa.o(i.__0printf)
    __c89printf                              0x08001275   Thumb Code     0  printfa.o(i.__0printf)
    printf                                   0x08001275   Thumb Code     0  printfa.o(i.__0printf)
    __0sprintf                               0x08001295   Thumb Code    34  printfa.o(i.__0sprintf)
    __1sprintf                               0x08001295   Thumb Code     0  printfa.o(i.__0sprintf)
    __2sprintf                               0x08001295   Thumb Code     0  printfa.o(i.__0sprintf)
    __c89sprintf                             0x08001295   Thumb Code     0  printfa.o(i.__0sprintf)
    sprintf                                  0x08001295   Thumb Code     0  printfa.o(i.__0sprintf)
    __scatterload_copy                       0x080012bd   Thumb Code    14  handlers.o(i.__scatterload_copy)
    __scatterload_null                       0x080012cb   Thumb Code     2  handlers.o(i.__scatterload_null)
    __scatterload_zeroinit                   0x080012cd   Thumb Code    14  handlers.o(i.__scatterload_zeroinit)
    adc_calibration_enable                   0x08001b99   Thumb Code    42  gd32f30x_adc.o(i.adc_calibration_enable)
    adc_channel_init                         0x08001bc3   Thumb Code    16  car_adc.o(i.adc_channel_init)
    adc_convert                              0x08001bd3   Thumb Code    56  hf_adc.o(i.adc_convert)
    adc_data_alignment_config                0x08001c0b   Thumb Code    22  gd32f30x_adc.o(i.adc_data_alignment_config)
    adc_deinit                               0x08001c21   Thumb Code    84  gd32f30x_adc.o(i.adc_deinit)
    adc_enable                               0x08001c79   Thumb Code    18  gd32f30x_adc.o(i.adc_enable)
    adc_external_trigger_config              0x08001c8b   Thumb Code    62  gd32f30x_adc.o(i.adc_external_trigger_config)
    adc_external_trigger_source_config       0x08001cc9   Thumb Code    48  gd32f30x_adc.o(i.adc_external_trigger_source_config)
    adc_flag_clear                           0x08001cf9   Thumb Code     8  gd32f30x_adc.o(i.adc_flag_clear)
    adc_flag_get                             0x08001d01   Thumb Code    14  gd32f30x_adc.o(i.adc_flag_get)
    adc_get                                  0x08001d0f   Thumb Code    20  car_adc.o(i.adc_get)
    adc_getdata                              0x08001d25   Thumb Code    64  xunxian.o(i.adc_getdata)
    adc_init                                 0x08001d6d   Thumb Code   522  hf_adc.o(i.adc_init)
    adc_regular_channel_config               0x08001f91   Thumb Code   172  gd32f30x_adc.o(i.adc_regular_channel_config)
    adc_regular_data_read                    0x0800203d   Thumb Code     8  gd32f30x_adc.o(i.adc_regular_data_read)
    adc_software_trigger_enable              0x08002045   Thumb Code    30  gd32f30x_adc.o(i.adc_software_trigger_enable)
    adc_special_function_config              0x08002063   Thumb Code    90  gd32f30x_adc.o(i.adc_special_function_config)
    avoid_obs                                0x080020bd   Thumb Code   112  main.o(i.avoid_obs)
    board_led_init                           0x08002155   Thumb Code    54  board.o(i.board_led_init)
    cal_err                                  0x08002191   Thumb Code    90  xunxian.o(i.cal_err)
    car_init                                 0x0800220d   Thumb Code   152  car_init.o(i.car_init)
    car_rgb_set_both                         0x08002309   Thumb Code    34  car_light.o(i.car_rgb_set_both)
    check_bridge_trigger                     0x08002345   Thumb Code    46  main.o(i.check_bridge_trigger)
    check_obstacle_trigger                   0x08002389   Thumb Code    36  main.o(i.check_obstacle_trigger)
    check_parking_trigger                    0x080023b9   Thumb Code    94  main.o(i.check_parking_trigger)
    check_roundabout_trigger                 0x08002445   Thumb Code    84  main.o(i.check_roundabout_trigger)
    cross_bridge                             0x080024ad   Thumb Code    80  main.o(i.cross_bridge)
    delay_1ms                                0x08002515   Thumb Code    24  hf_systick.o(i.delay_1ms)
    delay_1us                                0x08002531   Thumb Code    80  hf_systick.o(i.delay_1us)
    exti_enable                              0x0800258d   Thumb Code   502  hf_exti.o(i.exti_enable)
    exti_init                                0x080027a1   Thumb Code   178  gd32f30x_exti.o(i.exti_init)
    exti_interrupt_disable                   0x08002859   Thumb Code    12  gd32f30x_exti.o(i.exti_interrupt_disable)
    exti_interrupt_enable                    0x08002869   Thumb Code    12  gd32f30x_exti.o(i.exti_interrupt_enable)
    exti_interrupt_flag_clear                0x08002879   Thumb Code     6  gd32f30x_exti.o(i.exti_interrupt_flag_clear)
    exti_interrupt_flag_get                  0x08002885   Thumb Code    32  gd32f30x_exti.o(i.exti_interrupt_flag_get)
    flash_ReadPage_uint32_t                  0x080028a9   Thumb Code    82  hf_flash.o(i.flash_ReadPage_uint32_t)
    flash_WritePage_uint32_t                 0x080028fb   Thumb Code   106  hf_flash.o(i.flash_WritePage_uint32_t)
    flash_init_and_load                      0x08002965   Thumb Code   260  flash.o(i.flash_init_and_load)
    flash_save_params                        0x08002ca5   Thumb Code   246  flash.o(i.flash_save_params)
    fmc_bank0_ready_wait                     0x08002df5   Thumb Code    34  gd32f30x_fmc.o(i.fmc_bank0_ready_wait)
    fmc_bank0_state_get                      0x08002e19   Thumb Code    44  gd32f30x_fmc.o(i.fmc_bank0_state_get)
    fmc_bank1_ready_wait                     0x08002e49   Thumb Code    34  gd32f30x_fmc.o(i.fmc_bank1_ready_wait)
    fmc_bank1_state_get                      0x08002e6d   Thumb Code    44  gd32f30x_fmc.o(i.fmc_bank1_state_get)
    fmc_flag_clear                           0x08002e9d   Thumb Code    28  gd32f30x_fmc.o(i.fmc_flag_clear)
    fmc_flag_get                             0x08002ebd   Thumb Code    30  gd32f30x_fmc.o(i.fmc_flag_get)
    fmc_lock                                 0x08002ee1   Thumb Code    34  gd32f30x_fmc.o(i.fmc_lock)
    fmc_page_erase                           0x08002f0d   Thumb Code   210  gd32f30x_fmc.o(i.fmc_page_erase)
    fmc_unlock                               0x08002ff1   Thumb Code    52  gd32f30x_fmc.o(i.fmc_unlock)
    fmc_word_program                         0x08003035   Thumb Code   166  gd32f30x_fmc.o(i.fmc_word_program)
    fputc                                    0x080030ed   Thumb Code    32  hf_uart.o(i.fputc)
    get_current_time_us                      0x08003111   Thumb Code    82  hf_systick.o(i.get_current_time_us)
    gpio_bit_output                          0x08003171   Thumb Code    30  hf_gpio.o(i.gpio_bit_output)
    gpio_bit_reset                           0x0800318f   Thumb Code     4  gd32f30x_gpio.o(i.gpio_bit_reset)
    gpio_bit_set                             0x08003193   Thumb Code     4  gd32f30x_gpio.o(i.gpio_bit_set)
    gpio_exti_source_select                  0x08003199   Thumb Code   146  gd32f30x_gpio.o(i.gpio_exti_source_select)
    gpio_get_input                           0x08003231   Thumb Code    24  hf_gpio.o(i.gpio_get_input)
    gpio_init                                0x08003249   Thumb Code   188  gd32f30x_gpio.o(i.gpio_init)
    gpio_input_bit_get                       0x08003305   Thumb Code    16  gd32f30x_gpio.o(i.gpio_input_bit_get)
    gpio_pin_init                            0x08003315   Thumb Code   260  hf_gpio.o(i.gpio_pin_init)
    handle_roundabout                        0x08003435   Thumb Code    62  main.o(i.handle_roundabout)
    i2c_ack_config                           0x08003481   Thumb Code    16  gd32f30x_i2c.o(i.i2c_ack_config)
    i2c_clock_config                         0x08003491   Thumb Code   306  gd32f30x_i2c.o(i.i2c_clock_config)
    i2c_data_transmit                        0x080035d1   Thumb Code     6  gd32f30x_i2c.o(i.i2c_data_transmit)
    i2c_enable                               0x080035d7   Thumb Code    10  gd32f30x_i2c.o(i.i2c_enable)
    i2c_flag_clear                           0x080035e1   Thumb Code    40  gd32f30x_i2c.o(i.i2c_flag_clear)
    i2c_flag_get                             0x08003609   Thumb Code    30  gd32f30x_i2c.o(i.i2c_flag_get)
    i2c_master_addressing                    0x08003627   Thumb Code    20  gd32f30x_i2c.o(i.i2c_master_addressing)
    i2c_mode_addr_config                     0x0800363b   Thumb Code    28  gd32f30x_i2c.o(i.i2c_mode_addr_config)
    i2c_start_on_bus                         0x08003657   Thumb Code    10  gd32f30x_i2c.o(i.i2c_start_on_bus)
    i2c_stop_on_bus                          0x08003661   Thumb Code    10  gd32f30x_i2c.o(i.i2c_stop_on_bus)
    int_init                                 0x0800366d   Thumb Code    32  car_init.o(i.int_init)
    key_check                                0x08003695   Thumb Code    96  car_6keys.o(i.key_check)
    key_init                                 0x080036f9   Thumb Code    90  car_6keys.o(i.key_init)
    main                                     0x08003771   Thumb Code   590  main.o(i.main)
    motor_backward                           0x08003a25   Thumb Code    70  hf_double_dc_motor.o(i.motor_backward)
    motor_forward                            0x08003a71   Thumb Code    70  hf_double_dc_motor.o(i.motor_forward)
    motor_init                               0x08003abd   Thumb Code   140  hf_double_dc_motor.o(i.motor_init)
    motor_set_pwm                            0x08003b55   Thumb Code   116  hf_double_dc_motor.o(i.motor_set_pwm)
    nvic_irq_enable                          0x08003bc9   Thumb Code   186  gd32f30x_misc.o(i.nvic_irq_enable)
    nvic_priority_group_set                  0x08003c8d   Thumb Code    10  gd32f30x_misc.o(i.nvic_priority_group_set)
    oled_clear                               0x08003ca1   Thumb Code    42  car_oled.o(i.oled_clear)
    oled_display_on                          0x08003cd1   Thumb Code    28  car_oled.o(i.oled_display_on)
    oled_init                                0x08003ced   Thumb Code   276  hf_oled.o(i.oled_init)
    oled_refresh_gram                        0x08003e0d   Thumb Code    70  car_oled.o(i.oled_refresh_gram)
    oled_set_pos                             0x08003e59   Thumb Code    42  hf_oled.o(i.oled_set_pos)
    oled_show_char                           0x08003e85   Thumb Code   154  car_oled.o(i.oled_show_char)
    oled_show_string                         0x08003f29   Thumb Code    58  car_oled.o(i.oled_show_string)
    oled_write                               0x08003f65   Thumb Code   146  hf_oled.o(i.oled_write)
    oled_write_byte                          0x08003ffd   Thumb Code    52  hf_oled.o(i.oled_write_byte)
    positional_PD_track                      0x08004031   Thumb Code   106  xunxian.o(i.positional_PD_track)
    pwm_duty                                 0x080040a1   Thumb Code   104  hf_pwm.o(i.pwm_duty)
    pwm_init                                 0x08004145   Thumb Code   304  hf_pwm.o(i.pwm_init)
    rcu_adc_clock_config                     0x0800428d   Thumb Code    98  gd32f30x_rcu.o(i.rcu_adc_clock_config)
    rcu_clock_freq_get                       0x080042f9   Thumb Code   310  gd32f30x_rcu.o(i.rcu_clock_freq_get)
    rcu_periph_clock_enable                  0x08004451   Thumb Code    28  gd32f30x_rcu.o(i.rcu_periph_clock_enable)
    rcu_periph_reset_disable                 0x08004471   Thumb Code    28  gd32f30x_rcu.o(i.rcu_periph_reset_disable)
    rcu_periph_reset_enable                  0x08004491   Thumb Code    28  gd32f30x_rcu.o(i.rcu_periph_reset_enable)
    reed_check                               0x080044b1   Thumb Code    20  car_reed.o(i.reed_check)
    reed_init                                0x080044c9   Thumb Code    14  car_reed.o(i.reed_init)
    systick_config                           0x080045f9   Thumb Code   130  hf_systick.o(i.systick_config)
    timer_auto_reload_shadow_enable          0x080046c1   Thumb Code    10  gd32f30x_timer.o(i.timer_auto_reload_shadow_enable)
    timer_channel_output_config              0x080046cd   Thumb Code   484  gd32f30x_timer.o(i.timer_channel_output_config)
    timer_channel_output_mode_config         0x080048b9   Thumb Code    90  gd32f30x_timer.o(i.timer_channel_output_mode_config)
    timer_channel_output_pulse_value_config  0x08004913   Thumb Code    38  gd32f30x_timer.o(i.timer_channel_output_pulse_value_config)
    timer_channel_output_shadow_config       0x08004939   Thumb Code    90  gd32f30x_timer.o(i.timer_channel_output_shadow_config)
    timer_deinit                             0x08004995   Thumb Code   210  gd32f30x_timer.o(i.timer_deinit)
    timer_disable                            0x08004a71   Thumb Code    10  gd32f30x_timer.o(i.timer_disable)
    timer_enable                             0x08004a7b   Thumb Code    10  gd32f30x_timer.o(i.timer_enable)
    timer_flag_clear                         0x08004a85   Thumb Code     6  gd32f30x_timer.o(i.timer_flag_clear)
    timer_flag_get                           0x08004a8b   Thumb Code    16  gd32f30x_timer.o(i.timer_flag_get)
    timer_init                               0x08004a9d   Thumb Code   122  gd32f30x_timer.o(i.timer_init)
    timer_interrupt_enable                   0x08004b35   Thumb Code     8  gd32f30x_timer.o(i.timer_interrupt_enable)
    timer_interrupt_flag_clear               0x08004b3d   Thumb Code     6  gd32f30x_timer.o(i.timer_interrupt_flag_clear)
    timer_interrupt_flag_get                 0x08004b43   Thumb Code    24  gd32f30x_timer.o(i.timer_interrupt_flag_get)
    timer_pit_close                          0x08004b5b   Thumb Code    12  hf_pit.o(i.timer_pit_close)
    timer_pit_interrupt_ms                   0x08004b69   Thumb Code   236  hf_pit.o(i.timer_pit_interrupt_ms)
    timer_primary_output_config              0x08004c69   Thumb Code    24  gd32f30x_timer.o(i.timer_primary_output_config)
    track_para_init                          0x08004c81   Thumb Code    50  xunxian.o(i.track_para_init)
    uart0_init                               0x08004cc5   Thumb Code    28  car_uart.o(i.uart0_init)
    uart_init                                0x08004ce5   Thumb Code   386  hf_uart.o(i.uart_init)
    ui_init                                  0x08004ef1   Thumb Code    42  ui.o(i.ui_init)
    ui_task                                  0x08004fe9   Thumb Code  3240  ui.o(i.ui_task)
    ultra_get_distance                       0x08005dfd   Thumb Code   152  hf_hc-sr04.o(i.ultra_get_distance)
    ultra_init                               0x08005e99   Thumb Code    48  hf_hc-sr04.o(i.ultra_init)
    usart_baudrate_set                       0x08005ecd   Thumb Code   136  gd32f30x_usart.o(i.usart_baudrate_set)
    usart_data_transmit                      0x08005f5d   Thumb Code     8  gd32f30x_usart.o(i.usart_data_transmit)
    usart_deinit                             0x08005f65   Thumb Code   136  gd32f30x_usart.o(i.usart_deinit)
    usart_enable                             0x08005ff5   Thumb Code    10  gd32f30x_usart.o(i.usart_enable)
    usart_flag_get                           0x08005fff   Thumb Code    30  gd32f30x_usart.o(i.usart_flag_get)
    usart_receive_config                     0x0800601d   Thumb Code    16  gd32f30x_usart.o(i.usart_receive_config)
    usart_transmit_config                    0x0800602d   Thumb Code    16  gd32f30x_usart.o(i.usart_transmit_config)
    ws2812b_init                             0x0800603d   Thumb Code    48  hf_ws2812b.o(i.ws2812b_init)
    ws2812b_write                            0x08006075   Thumb Code   118  hf_ws2812b.o(i.ws2812b_write)
    F6x8                                     0x080060f0   Data         552  car_oled.o(.constdata)
    F8X16                                    0x08006318   Data        1520  car_oled.o(.constdata)
    Region$$Table$$Base                      0x08006908   Number         0  anon$$obj.o(Region$$Table)
    Region$$Table$$Limit                     0x08006928   Number         0  anon$$obj.o(Region$$Table)
    real_error                               0x2000001c   Data           4  main.o(.data)
    base_pwm                                 0x20000020   Data           4  main.o(.data)
    g_round_state                            0x20000024   Data           1  main.o(.data)
    g_bridge_state                           0x20000025   Data           1  main.o(.data)
    g_parking_state                          0x20000026   Data           1  main.o(.data)
    avoid_cnt                                0x20000027   Data           1  main.o(.data)
    track_cnt                                0x20000028   Data           1  main.o(.data)
    parking_cnt                              0x20000029   Data           1  main.o(.data)
    g_mag_cnt                                0x2000002a   Data           1  main.o(.data)
    g_round_pulse                            0x2000002c   Data           4  main.o(.data)
    g_park_pulse                             0x20000030   Data           4  main.o(.data)
    g_bridge_pulse                           0x20000034   Data           4  main.o(.data)
    g_avoid_pulse                            0x20000038   Data           4  main.o(.data)
    g_parking_pulse                          0x2000003c   Data           4  main.o(.data)
    g_avoid_haas_pulse                       0x20000040   Data           4  main.o(.data)
    g_msec_count                             0x20000044   Data           4  main.o(.data)
    last_mag_time                            0x20000048   Data           4  main.o(.data)
    reed_pending                             0x2000004c   Data           1  main.o(.data)
    reed_trigger_time                        0x20000050   Data           4  main.o(.data)
    reed_last_state                          0x20000054   Data           1  main.o(.data)
    reed_print_time                          0x20000058   Data           4  main.o(.data)
    rgb_request                              0x2000005c   Data           1  main.o(.data)
    rgb_last                                 0x2000005d   Data           1  main.o(.data)
    ble_send_timer                           0x20000060   Data           4  main.o(.data)
    check_dist_flag                          0x20000064   Data           1  main.o(.data)
    round_cnt                                0x20000068   Data           4  main.o(.data)
    park_cnt                                 0x2000006c   Data           4  main.o(.data)
    wait_time                                0x20000070   Data           4  main.o(.data)
    left_pwm                                 0x20000074   Data           2  main.o(.data)
    right_pwm                                0x20000076   Data           2  main.o(.data)
    g_total_distance                         0x20000078   Data           4  main.o(.data)
    g_stop_count                             0x2000007c   Data           4  main.o(.data)
    obs_confirm_cnt                          0x20000080   Data           1  main.o(.data)
    avoid_step_ticks                         0x20000082   Data           2  main.o(.data)
    has_avoided_obs                          0x20000084   Data           1  main.o(.data)
    has_parked                               0x20000085   Data           1  main.o(.data)
    has_bridge_flag                          0x20000086   Data           1  main.o(.data)
    has_roundabout                           0x20000087   Data           1  main.o(.data)
    bridge_target_error                      0x20000088   Data           4  main.o(.data)
    avoid_target_error                       0x2000008c   Data           4  main.o(.data)
    g_pulse_init                             0x20000090   Data           4  main.o(.data)
    g_flag_cnt                               0x20000094   Data           6  main.o(.data)
    is_checking_round                        0x2000009c   Data           4  main.o(.data)
    is_checking_bridge                       0x200000a0   Data           4  main.o(.data)
    is_checking_obs                          0x200000a4   Data           4  main.o(.data)
    is_checking_parking                      0x200000a8   Data           4  main.o(.data)
    start_round                              0x200000ac   Data           4  main.o(.data)
    current_mag_cnt                          0x200000b0   Data           4  main.o(.data)
    g_check_diff                             0x200000b4   Data           1  main.o(.data)
    start_avoid_flag                         0x200000b5   Data           1  main.o(.data)
    recv_data_flag                           0x200000b6   Data           1  main.o(.data)
    flag                                     0x200000b7   Data           1  main.o(.data)
    set_off                                  0x200000b8   Data           1  main.o(.data)
    has_round_flag                           0x200000b9   Data           1  main.o(.data)
    round_out_ms                             0x200000bc   Data           4  main.o(.data)
    set_off_count                            0x20000198   Data           4  flash.o(.data)
    d_park_3                                 0x2000019c   Data           4  flash.o(.data)
    d_avoid                                  0x200001a0   Data           2  flash.o(.data)
    p_avoid_1                                0x200001a2   Data           2  flash.o(.data)
    p_avoid_2                                0x200001a4   Data           2  flash.o(.data)
    p_avoid_3                                0x200001a6   Data           2  flash.o(.data)
    a_avoid_1                                0x200001a8   Data           2  flash.o(.data)
    a_avoid_2                                0x200001aa   Data           2  flash.o(.data)
    a_avoid_3                                0x200001ac   Data           2  flash.o(.data)
    d_round_in                               0x200001ae   Data           2  flash.o(.data)
    p_round_in                               0x200001b0   Data           2  flash.o(.data)
    a_round_in                               0x200001b2   Data           2  flash.o(.data)
    p_round_out                              0x200001b4   Data           2  flash.o(.data)
    a_park_1                                 0x200001b6   Data           2  flash.o(.data)
    p_park_1                                 0x200001b8   Data           2  flash.o(.data)
    p_park_2                                 0x200001ba   Data           2  flash.o(.data)
    p_park_4                                 0x200001bc   Data           2  flash.o(.data)
    g_car_role                               0x200001dc   Data           1  ui.o(.data)
    SystemCoreClock                          0x200001e4   Data           4  system_gd32f30x.o(.data)
    g_millis                                 0x20000204   Data           4  hf_systick.o(.data)
    g_micros                                 0x20000208   Data           4  hf_systick.o(.data)
    VL51L1X_CONFIGURATION                    0x20000233   Data         135  dmx_tof400c.o(.data)
    __stdout                                 0x200002bc   Data           4  stdout.o(.data)
    send_buffer                              0x200002c0   Data          64  main.o(.bss)
    recv_buffer                              0x20000300   Data          64  main.o(.bss)
    OLED_GRAM                                0x20000340   Data        1024  car_oled.o(.bss)
    track_PID                                0x20000740   Data          28  xunxian.o(.bss)
    speed_PID_L                              0x2000075c   Data          28  xunxian.o(.bss)
    speed_PID_R                              0x20000778   Data          28  xunxian.o(.bss)
    adc_value                                0x20000794   Data          10  xunxian.o(.bss)
    period                                   0x200007e0   Data          12  hf_pwm.o(.bss)
    __initial_sp                             0x20000bf0   Data           0  startup_gd32f30x_hd.o(STACK)



==============================================================================

Memory Map of the image

  Image Entry point : 0x08000131

  Load Region LR_IROM1 (Base: 0x08000000, Size: 0x00006be8, Max: 0x00040000, ABSOLUTE, COMPRESSED[0x00006a28])

    Execution Region ER_IROM1 (Exec base: 0x08000000, Load base: 0x08000000, Size: 0x00006928, Max: 0x00040000, ABSOLUTE)

    Exec Addr    Load Addr    Size         Type   Attr      Idx    E Section Name        Object

    0x08000000   0x08000000   0x00000130   Data   RO         1519    RESET               startup_gd32f30x_hd.o
    0x08000130   0x08000130   0x00000000   Code   RO         6219  * .ARM.Collect$$$$00000000  mc_w.l(entry.o)
    0x08000130   0x08000130   0x00000004   Code   RO         6503    .ARM.Collect$$$$00000001  mc_w.l(entry2.o)
    0x08000134   0x08000134   0x00000004   Code   RO         6506    .ARM.Collect$$$$00000004  mc_w.l(entry5.o)
    0x08000138   0x08000138   0x00000000   Code   RO         6508    .ARM.Collect$$$$00000008  mc_w.l(entry7b.o)
    0x08000138   0x08000138   0x00000000   Code   RO         6510    .ARM.Collect$$$$0000000A  mc_w.l(entry8b.o)
    0x08000138   0x08000138   0x00000008   Code   RO         6511    .ARM.Collect$$$$0000000B  mc_w.l(entry9a.o)
    0x08000140   0x08000140   0x00000000   Code   RO         6513    .ARM.Collect$$$$0000000D  mc_w.l(entry10a.o)
    0x08000140   0x08000140   0x00000000   Code   RO         6515    .ARM.Collect$$$$0000000F  mc_w.l(entry11a.o)
    0x08000140   0x08000140   0x00000004   Code   RO         6504    .ARM.Collect$$$$00002712  mc_w.l(entry2.o)
    0x08000144   0x08000144   0x00000024   Code   RO         1520    .text               startup_gd32f30x_hd.o
    0x08000168   0x08000168   0x00000062   Code   RO         6222    .text               mc_w.l(uldiv.o)
    0x080001ca   0x080001ca   0x00000024   Code   RO         6224    .text               mc_w.l(memseta.o)
    0x080001ee   0x080001ee   0x0000001a   Code   RO         6226    .text               mc_w.l(memcmp.o)
    0x08000208   0x08000208   0x00000012   Code   RO         6228    .text               mc_w.l(strcpy.o)
    0x0800021a   0x0800021a   0x000000e4   Code   RO         6491    .text               mf_w.l(dmul.o)
    0x080002fe   0x080002fe   0x00000026   Code   RO         6495    .text               mf_w.l(f2d.o)
    0x08000324   0x08000324   0x00000030   Code   RO         6499    .text               mf_w.l(cdrcmple.o)
    0x08000354   0x08000354   0x0000002c   Code   RO         6518    .text               mc_w.l(uidiv.o)
    0x08000380   0x08000380   0x0000001e   Code   RO         6520    .text               mc_w.l(llshl.o)
    0x0800039e   0x0800039e   0x00000020   Code   RO         6522    .text               mc_w.l(llushr.o)
    0x080003be   0x080003be   0x00000000   Code   RO         6524    .text               mc_w.l(iusefp.o)
    0x080003be   0x080003be   0x000000ba   Code   RO         6527    .text               mf_w.l(depilogue.o)
    0x08000478   0x08000478   0x0000014e   Code   RO         6529    .text               mf_w.l(dadd.o)
    0x080005c6   0x080005c6   0x000000de   Code   RO         6531    .text               mf_w.l(ddiv.o)
    0x080006a4   0x080006a4   0x00000030   Code   RO         6533    .text               mf_w.l(dfixul.o)
    0x080006d4   0x080006d4   0x00000024   Code   RO         6535    .text               mc_w.l(init.o)
    0x080006f8   0x080006f8   0x00000024   Code   RO         6537    .text               mc_w.l(llsshr.o)
    0x0800071c   0x0800071c   0x00000056   Code   RO         6547    .text               mc_w.l(__dczerorl2.o)
    0x08000772   0x08000772   0x00000004   Code   RO            3    i.BusFault_Handler  gd32f30x_it.o
    0x08000776   0x08000776   0x0000002a   Code   RO         2219    i.Check_TOF400C     dmx_tof400c.o
    0x080007a0   0x080007a0   0x00000002   Code   RO            4    i.DebugMon_Handler  gd32f30x_it.o
    0x080007a2   0x080007a2   0x00000002   Code   RO            5    i.EXTI0_IRQHandler  gd32f30x_it.o
    0x080007a4   0x080007a4   0x00000002   Code   RO            6    i.EXTI10_15_IRQHandler  gd32f30x_it.o
    0x080007a6   0x080007a6   0x00000002   Code   RO            7    i.EXTI1_IRQHandler  gd32f30x_it.o
    0x080007a8   0x080007a8   0x00000002   Code   RO            8    i.EXTI2_IRQHandler  gd32f30x_it.o
    0x080007aa   0x080007aa   0x00000002   Code   RO            9    i.EXTI3_IRQHandler  gd32f30x_it.o
    0x080007ac   0x080007ac   0x00000002   Code   RO           10    i.EXTI4_IRQHandler  gd32f30x_it.o
    0x080007ae   0x080007ae   0x00000002   PAD
    0x080007b0   0x080007b0   0x00000044   Code   RO          420    i.EXTI5_9_IRQHandler  main.o
    0x080007f4   0x080007f4   0x00000028   Code   RO         2221    i.Get_IntPol_TOF400C  dmx_tof400c.o
    0x0800081c   0x0800081c   0x00000004   Code   RO           11    i.HardFault_Handler  gd32f30x_it.o
    0x08000820   0x08000820   0x00000002   Code   RO           12    i.I2C0_EV_IRQHandler  gd32f30x_it.o
    0x08000822   0x08000822   0x00000002   Code   RO           13    i.I2C1_EV_IRQHandler  gd32f30x_it.o
    0x08000824   0x08000824   0x000001a0   Code   RO         2222    i.Init_TOF400C      dmx_tof400c.o
    0x080009c4   0x080009c4   0x00000004   Code   RO           14    i.MemManage_Handler  gd32f30x_it.o
    0x080009c8   0x080009c8   0x00000002   Code   RO           15    i.NMI_Handler       gd32f30x_it.o
    0x080009ca   0x080009ca   0x00000002   PAD
    0x080009cc   0x080009cc   0x00000028   Code   RO         1945    i.NVIC_SetPriority  hf_systick.o
    0x080009f4   0x080009f4   0x00000002   Code   RO           16    i.PendSV_Handler    gd32f30x_it.o
    0x080009f6   0x080009f6   0x00000002   Code   RO           17    i.SPI0_IRQHandler   gd32f30x_it.o
    0x080009f8   0x080009f8   0x00000002   Code   RO           18    i.SPI1_IRQHandler   gd32f30x_it.o
    0x080009fa   0x080009fa   0x00000002   Code   RO           19    i.SPI2_IRQHandler   gd32f30x_it.o
    0x080009fc   0x080009fc   0x00000002   Code   RO           20    i.SVC_Handler       gd32f30x_it.o
    0x080009fe   0x080009fe   0x00000002   PAD
    0x08000a00   0x08000a00   0x00000040   Code   RO         1946    i.SysTick_Handler   hf_systick.o
    0x08000a40   0x08000a40   0x000000a8   Code   RO         1478    i.SystemInit        system_gd32f30x.o
    0x08000ae8   0x08000ae8   0x00000002   Code   RO           21    i.TIMER1_IRQHandler  gd32f30x_it.o
    0x08000aea   0x08000aea   0x00000002   Code   RO           22    i.TIMER2_IRQHandler  gd32f30x_it.o
    0x08000aec   0x08000aec   0x00000440   Code   RO          421    i.TIMER3_IRQHandler  main.o
    0x08000f2c   0x08000f2c   0x00000030   Code   RO          422    i.TIMER4_IRQHandler  main.o
    0x08000f5c   0x08000f5c   0x00000002   Code   RO           23    i.TIMER5_IRQHandler  gd32f30x_it.o
    0x08000f5e   0x08000f5e   0x00000002   Code   RO           24    i.TIMER6_IRQHandler  gd32f30x_it.o
    0x08000f60   0x08000f60   0x00000002   Code   RO           25    i.TIMER7_Channel_IRQHandler  gd32f30x_it.o
    0x08000f62   0x08000f62   0x00000002   PAD
    0x08000f64   0x08000f64   0x00000084   Code   RO         2223    i.TOF400C_Read_Char  dmx_tof400c.o
    0x08000fe8   0x08000fe8   0x00000012   Code   RO         2224    i.TOF400C_Read_Data  dmx_tof400c.o
    0x08000ffa   0x08000ffa   0x0000005a   Code   RO         2225    i.TOF400C_Read_Datas  dmx_tof400c.o
    0x08001054   0x08001054   0x00000024   Code   RO         2226    i.TOF400C_Read_Word_Data  dmx_tof400c.o
    0x08001078   0x08001078   0x00000054   Code   RO         2227    i.TOF400C_Sendack   dmx_tof400c.o
    0x080010cc   0x080010cc   0x0000003c   Code   RO         2228    i.TOF400C_Start     dmx_tof400c.o
    0x08001108   0x08001108   0x00000044   Code   RO         2229    i.TOF400C_Stop      dmx_tof400c.o
    0x0800114c   0x0800114c   0x00000058   Code   RO         2230    i.TOF400C_Waitack   dmx_tof400c.o
    0x080011a4   0x080011a4   0x0000005c   Code   RO         2231    i.TOF400C_Write_Char  dmx_tof400c.o
    0x08001200   0x08001200   0x00000010   Code   RO         2232    i.TOF400C_Write_Data  dmx_tof400c.o
    0x08001210   0x08001210   0x00000038   Code   RO         2233    i.TOF400C_Write_Datas  dmx_tof400c.o
    0x08001248   0x08001248   0x0000001e   Code   RO         2234    i.TOF400C_Write_Word_Data  dmx_tof400c.o
    0x08001266   0x08001266   0x00000002   Code   RO           26    i.UART3_IRQHandler  gd32f30x_it.o
    0x08001268   0x08001268   0x00000002   Code   RO           27    i.UART4_IRQHandler  gd32f30x_it.o
    0x0800126a   0x0800126a   0x00000002   Code   RO           28    i.USART0_IRQHandler  gd32f30x_it.o
    0x0800126c   0x0800126c   0x00000002   Code   RO           29    i.USART1_IRQHandler  gd32f30x_it.o
    0x0800126e   0x0800126e   0x00000002   Code   RO           30    i.USART2_IRQHandler  gd32f30x_it.o
    0x08001270   0x08001270   0x00000004   Code   RO           31    i.UsageFault_Handler  gd32f30x_it.o
    0x08001274   0x08001274   0x00000020   Code   RO         6463    i.__0printf         mc_w.l(printfa.o)
    0x08001294   0x08001294   0x00000028   Code   RO         6465    i.__0sprintf        mc_w.l(printfa.o)
    0x080012bc   0x080012bc   0x0000000e   Code   RO         6541    i.__scatterload_copy  mc_w.l(handlers.o)
    0x080012ca   0x080012ca   0x00000002   Code   RO         6542    i.__scatterload_null  mc_w.l(handlers.o)
    0x080012cc   0x080012cc   0x0000000e   Code   RO         6543    i.__scatterload_zeroinit  mc_w.l(handlers.o)
    0x080012da   0x080012da   0x00000002   PAD
    0x080012dc   0x080012dc   0x00000184   Code   RO         6470    i._fp_digits        mc_w.l(printfa.o)
    0x08001460   0x08001460   0x000006dc   Code   RO         6471    i._printf_core      mc_w.l(printfa.o)
    0x08001b3c   0x08001b3c   0x00000024   Code   RO         6472    i._printf_post_padding  mc_w.l(printfa.o)
    0x08001b60   0x08001b60   0x0000002e   Code   RO         6473    i._printf_pre_padding  mc_w.l(printfa.o)
    0x08001b8e   0x08001b8e   0x0000000a   Code   RO         6475    i._sputc            mc_w.l(printfa.o)
    0x08001b98   0x08001b98   0x0000002a   Code   RO         2318    i.adc_calibration_enable  gd32f30x_adc.o
    0x08001bc2   0x08001bc2   0x00000010   Code   RO         1056    i.adc_channel_init  car_adc.o
    0x08001bd2   0x08001bd2   0x00000038   Code   RO         1526    i.adc_convert       hf_adc.o
    0x08001c0a   0x08001c0a   0x00000016   Code   RO         2320    i.adc_data_alignment_config  gd32f30x_adc.o
    0x08001c20   0x08001c20   0x00000058   Code   RO         2321    i.adc_deinit        gd32f30x_adc.o
    0x08001c78   0x08001c78   0x00000012   Code   RO         2326    i.adc_enable        gd32f30x_adc.o
    0x08001c8a   0x08001c8a   0x0000003e   Code   RO         2327    i.adc_external_trigger_config  gd32f30x_adc.o
    0x08001cc8   0x08001cc8   0x00000030   Code   RO         2328    i.adc_external_trigger_source_config  gd32f30x_adc.o
    0x08001cf8   0x08001cf8   0x00000008   Code   RO         2329    i.adc_flag_clear    gd32f30x_adc.o
    0x08001d00   0x08001d00   0x0000000e   Code   RO         2330    i.adc_flag_get      gd32f30x_adc.o
    0x08001d0e   0x08001d0e   0x00000014   Code   RO         1057    i.adc_get           car_adc.o
    0x08001d22   0x08001d22   0x00000002   PAD
    0x08001d24   0x08001d24   0x00000048   Code   RO         1204    i.adc_getdata       xunxian.o
    0x08001d6c   0x08001d6c   0x00000224   Code   RO         1527    i.adc_init          hf_adc.o
    0x08001f90   0x08001f90   0x000000ac   Code   RO         2342    i.adc_regular_channel_config  gd32f30x_adc.o
    0x0800203c   0x0800203c   0x00000008   Code   RO         2343    i.adc_regular_data_read  gd32f30x_adc.o
    0x08002044   0x08002044   0x0000001e   Code   RO         2345    i.adc_software_trigger_enable  gd32f30x_adc.o
    0x08002062   0x08002062   0x0000005a   Code   RO         2346    i.adc_special_function_config  gd32f30x_adc.o
    0x080020bc   0x080020bc   0x00000098   Code   RO          423    i.avoid_obs         main.o
    0x08002154   0x08002154   0x0000003c   Code   RO          557    i.board_led_init    board.o
    0x08002190   0x08002190   0x00000060   Code   RO         1205    i.cal_err           xunxian.o
    0x080021f0   0x080021f0   0x0000001c   Code   RO         1368    i.calculate_checksum  flash.o
    0x0800220c   0x0800220c   0x000000a0   Code   RO          835    i.car_init          car_init.o
    0x080022ac   0x080022ac   0x0000005c   Code   RO          913    i.car_rgb_color_data  car_light.o
    0x08002308   0x08002308   0x00000028   Code   RO          914    i.car_rgb_set_both  car_light.o
    0x08002330   0x08002330   0x00000014   Code   RO          916    i.car_rgb_write_pair  car_light.o
    0x08002344   0x08002344   0x00000044   Code   RO          424    i.check_bridge_trigger  main.o
    0x08002388   0x08002388   0x00000030   Code   RO          425    i.check_obstacle_trigger  main.o
    0x080023b8   0x080023b8   0x0000008c   Code   RO          426    i.check_parking_trigger  main.o
    0x08002444   0x08002444   0x00000068   Code   RO          427    i.check_roundabout_trigger  main.o
    0x080024ac   0x080024ac   0x00000068   Code   RO          428    i.cross_bridge      main.o
    0x08002514   0x08002514   0x0000001c   Code   RO         1947    i.delay_1ms         hf_systick.o
    0x08002530   0x08002530   0x0000005c   Code   RO         1948    i.delay_1us         hf_systick.o
    0x0800258c   0x0800258c   0x00000214   Code   RO         1567    i.exti_enable       hf_exti.o
    0x080027a0   0x080027a0   0x000000b8   Code   RO         3635    i.exti_init         gd32f30x_exti.o
    0x08002858   0x08002858   0x00000010   Code   RO         3636    i.exti_interrupt_disable  gd32f30x_exti.o
    0x08002868   0x08002868   0x00000010   Code   RO         3637    i.exti_interrupt_enable  gd32f30x_exti.o
    0x08002878   0x08002878   0x0000000c   Code   RO         3638    i.exti_interrupt_flag_clear  gd32f30x_exti.o
    0x08002884   0x08002884   0x00000024   Code   RO         3639    i.exti_interrupt_flag_get  gd32f30x_exti.o
    0x080028a8   0x080028a8   0x00000052   Code   RO         1594    i.flash_ReadPage_uint32_t  hf_flash.o
    0x080028fa   0x080028fa   0x0000006a   Code   RO         1595    i.flash_WritePage_uint32_t  hf_flash.o
    0x08002964   0x08002964   0x0000015c   Code   RO         1369    i.flash_init_and_load  flash.o
    0x08002ac0   0x08002ac0   0x000000f0   Code   RO         1370    i.flash_load_defaults  flash.o
    0x08002bb0   0x08002bb0   0x000000f4   Code   RO         1371    i.flash_params_are_valid  flash.o
    0x08002ca4   0x08002ca4   0x00000150   Code   RO         1372    i.flash_save_params  flash.o
    0x08002df4   0x08002df4   0x00000022   Code   RO         3718    i.fmc_bank0_ready_wait  gd32f30x_fmc.o
    0x08002e16   0x08002e16   0x00000002   PAD
    0x08002e18   0x08002e18   0x00000030   Code   RO         3719    i.fmc_bank0_state_get  gd32f30x_fmc.o
    0x08002e48   0x08002e48   0x00000022   Code   RO         3723    i.fmc_bank1_ready_wait  gd32f30x_fmc.o
    0x08002e6a   0x08002e6a   0x00000002   PAD
    0x08002e6c   0x08002e6c   0x00000030   Code   RO         3724    i.fmc_bank1_state_get  gd32f30x_fmc.o
    0x08002e9c   0x08002e9c   0x00000020   Code   RO         3726    i.fmc_flag_clear    gd32f30x_fmc.o
    0x08002ebc   0x08002ebc   0x00000024   Code   RO         3727    i.fmc_flag_get      gd32f30x_fmc.o
    0x08002ee0   0x08002ee0   0x0000002c   Code   RO         3733    i.fmc_lock          gd32f30x_fmc.o
    0x08002f0c   0x08002f0c   0x000000e4   Code   RO         3735    i.fmc_page_erase    gd32f30x_fmc.o
    0x08002ff0   0x08002ff0   0x00000044   Code   RO         3736    i.fmc_unlock        gd32f30x_fmc.o
    0x08003034   0x08003034   0x000000b8   Code   RO         3737    i.fmc_word_program  gd32f30x_fmc.o
    0x080030ec   0x080030ec   0x00000024   Code   RO         2001    i.fputc             hf_uart.o
    0x08003110   0x08003110   0x00000060   Code   RO         1949    i.get_current_time_us  hf_systick.o
    0x08003170   0x08003170   0x0000001e   Code   RO         1622    i.gpio_bit_output   hf_gpio.o
    0x0800318e   0x0800318e   0x00000004   Code   RO         4003    i.gpio_bit_reset    gd32f30x_gpio.o
    0x08003192   0x08003192   0x00000004   Code   RO         4004    i.gpio_bit_set      gd32f30x_gpio.o
    0x08003196   0x08003196   0x00000002   PAD
    0x08003198   0x08003198   0x00000098   Code   RO         4012    i.gpio_exti_source_select  gd32f30x_gpio.o
    0x08003230   0x08003230   0x00000018   Code   RO         1623    i.gpio_get_input    hf_gpio.o
    0x08003248   0x08003248   0x000000bc   Code   RO         4013    i.gpio_init         gd32f30x_gpio.o
    0x08003304   0x08003304   0x00000010   Code   RO         4014    i.gpio_input_bit_get  gd32f30x_gpio.o
    0x08003314   0x08003314   0x00000120   Code   RO         1625    i.gpio_pin_init     hf_gpio.o
    0x08003434   0x08003434   0x0000004c   Code   RO          429    i.handle_roundabout  main.o
    0x08003480   0x08003480   0x00000010   Code   RO         4130    i.i2c_ack_config    gd32f30x_i2c.o
    0x08003490   0x08003490   0x00000140   Code   RO         4132    i.i2c_clock_config  gd32f30x_i2c.o
    0x080035d0   0x080035d0   0x00000006   Code   RO         4134    i.i2c_data_transmit  gd32f30x_i2c.o
    0x080035d6   0x080035d6   0x0000000a   Code   RO         4141    i.i2c_enable        gd32f30x_i2c.o
    0x080035e0   0x080035e0   0x00000028   Code   RO         4142    i.i2c_flag_clear    gd32f30x_i2c.o
    0x08003608   0x08003608   0x0000001e   Code   RO         4143    i.i2c_flag_get      gd32f30x_i2c.o
    0x08003626   0x08003626   0x00000014   Code   RO         4148    i.i2c_master_addressing  gd32f30x_i2c.o
    0x0800363a   0x0800363a   0x0000001c   Code   RO         4149    i.i2c_mode_addr_config  gd32f30x_i2c.o
    0x08003656   0x08003656   0x0000000a   Code   RO         4158    i.i2c_start_on_bus  gd32f30x_i2c.o
    0x08003660   0x08003660   0x0000000a   Code   RO         4159    i.i2c_stop_on_bus   gd32f30x_i2c.o
    0x0800366a   0x0800366a   0x00000002   PAD
    0x0800366c   0x0800366c   0x00000028   Code   RO          836    i.int_init          car_init.o
    0x08003694   0x08003694   0x00000064   Code   RO         1023    i.key_check         car_6keys.o
    0x080036f8   0x080036f8   0x00000060   Code   RO         1024    i.key_init          car_6keys.o
    0x08003758   0x08003758   0x00000018   Code   RO         1025    i.key_read_level    car_6keys.o
    0x08003770   0x08003770   0x000002b4   Code   RO          430    i.main              main.o
    0x08003a24   0x08003a24   0x0000004c   Code   RO         2173    i.motor_backward    hf_double_dc_motor.o
    0x08003a70   0x08003a70   0x0000004c   Code   RO         2174    i.motor_forward     hf_double_dc_motor.o
    0x08003abc   0x08003abc   0x00000098   Code   RO         2175    i.motor_init        hf_double_dc_motor.o
    0x08003b54   0x08003b54   0x00000074   Code   RO         2177    i.motor_set_pwm     hf_double_dc_motor.o
    0x08003bc8   0x08003bc8   0x000000c4   Code   RO         4331    i.nvic_irq_enable   gd32f30x_misc.o
    0x08003c8c   0x08003c8c   0x00000014   Code   RO         4332    i.nvic_priority_group_set  gd32f30x_misc.o
    0x08003ca0   0x08003ca0   0x00000030   Code   RO         1134    i.oled_clear        car_oled.o
    0x08003cd0   0x08003cd0   0x0000001c   Code   RO         1136    i.oled_display_on   car_oled.o
    0x08003cec   0x08003cec   0x00000120   Code   RO         2128    i.oled_init         hf_oled.o
    0x08003e0c   0x08003e0c   0x0000004c   Code   RO         1137    i.oled_refresh_gram  car_oled.o
    0x08003e58   0x08003e58   0x0000002a   Code   RO         2129    i.oled_set_pos      hf_oled.o
    0x08003e82   0x08003e82   0x00000002   PAD
    0x08003e84   0x08003e84   0x000000a4   Code   RO         1139    i.oled_show_char    car_oled.o
    0x08003f28   0x08003f28   0x0000003a   Code   RO         1141    i.oled_show_string  car_oled.o
    0x08003f62   0x08003f62   0x00000002   PAD
    0x08003f64   0x08003f64   0x00000098   Code   RO         2130    i.oled_write        hf_oled.o
    0x08003ffc   0x08003ffc   0x00000034   Code   RO         2131    i.oled_write_byte   hf_oled.o
    0x08004030   0x08004030   0x00000070   Code   RO         1207    i.positional_PD_track  xunxian.o
    0x080040a0   0x080040a0   0x00000080   Code   RO         1842    i.pwm_duty          hf_pwm.o
    0x08004120   0x08004120   0x00000022   Code   RO         1843    i.pwm_duty_to_pulse  hf_pwm.o
    0x08004142   0x08004142   0x00000002   PAD
    0x08004144   0x08004144   0x00000148   Code   RO         1845    i.pwm_init          hf_pwm.o
    0x0800428c   0x0800428c   0x0000006c   Code   RO         4521    i.rcu_adc_clock_config  gd32f30x_rcu.o
    0x080042f8   0x080042f8   0x00000158   Code   RO         4530    i.rcu_clock_freq_get  gd32f30x_rcu.o
    0x08004450   0x08004450   0x00000020   Code   RO         4548    i.rcu_periph_clock_enable  gd32f30x_rcu.o
    0x08004470   0x08004470   0x00000020   Code   RO         4551    i.rcu_periph_reset_disable  gd32f30x_rcu.o
    0x08004490   0x08004490   0x00000020   Code   RO         4552    i.rcu_periph_reset_enable  gd32f30x_rcu.o
    0x080044b0   0x080044b0   0x00000018   Code   RO         1084    i.reed_check        car_reed.o
    0x080044c8   0x080044c8   0x00000014   Code   RO         1085    i.reed_init         car_reed.o
    0x080044dc   0x080044dc   0x00000114   Code   RO         1479    i.system_clock_120m_hxtal  system_gd32f30x.o
    0x080045f0   0x080045f0   0x00000008   Code   RO         1480    i.system_clock_config  system_gd32f30x.o
    0x080045f8   0x080045f8   0x000000c8   Code   RO         1950    i.systick_config    hf_systick.o
    0x080046c0   0x080046c0   0x0000000a   Code   RO         5406    i.timer_auto_reload_shadow_enable  gd32f30x_timer.o
    0x080046ca   0x080046ca   0x00000002   PAD
    0x080046cc   0x080046cc   0x000001ec   Code   RO         5423    i.timer_channel_output_config  gd32f30x_timer.o
    0x080048b8   0x080048b8   0x0000005a   Code   RO         5425    i.timer_channel_output_mode_config  gd32f30x_timer.o
    0x08004912   0x08004912   0x00000026   Code   RO         5427    i.timer_channel_output_pulse_value_config  gd32f30x_timer.o
    0x08004938   0x08004938   0x0000005a   Code   RO         5428    i.timer_channel_output_shadow_config  gd32f30x_timer.o
    0x08004992   0x08004992   0x00000002   PAD
    0x08004994   0x08004994   0x000000dc   Code   RO         5436    i.timer_deinit      gd32f30x_timer.o
    0x08004a70   0x08004a70   0x0000000a   Code   RO         5437    i.timer_disable     gd32f30x_timer.o
    0x08004a7a   0x08004a7a   0x0000000a   Code   RO         5441    i.timer_enable      gd32f30x_timer.o
    0x08004a84   0x08004a84   0x00000006   Code   RO         5448    i.timer_flag_clear  gd32f30x_timer.o
    0x08004a8a   0x08004a8a   0x00000010   Code   RO         5449    i.timer_flag_get    gd32f30x_timer.o
    0x08004a9a   0x08004a9a   0x00000002   PAD
    0x08004a9c   0x08004a9c   0x00000098   Code   RO         5451    i.timer_init        gd32f30x_timer.o
    0x08004b34   0x08004b34   0x00000008   Code   RO         5458    i.timer_interrupt_enable  gd32f30x_timer.o
    0x08004b3c   0x08004b3c   0x00000006   Code   RO         5459    i.timer_interrupt_flag_clear  gd32f30x_timer.o
    0x08004b42   0x08004b42   0x00000018   Code   RO         5460    i.timer_interrupt_flag_get  gd32f30x_timer.o
    0x08004b5a   0x08004b5a   0x0000000c   Code   RO         1808    i.timer_pit_close   hf_pit.o
    0x08004b66   0x08004b66   0x00000002   PAD
    0x08004b68   0x08004b68   0x00000100   Code   RO         1809    i.timer_pit_interrupt_ms  hf_pit.o
    0x08004c68   0x08004c68   0x00000018   Code   RO         5466    i.timer_primary_output_config  gd32f30x_timer.o
    0x08004c80   0x08004c80   0x00000044   Code   RO         1208    i.track_para_init   xunxian.o
    0x08004cc4   0x08004cc4   0x00000020   Code   RO          977    i.uart0_init        car_uart.o
    0x08004ce4   0x08004ce4   0x000001b4   Code   RO         2004    i.uart_init         hf_uart.o
    0x08004e98   0x08004e98   0x0000002a   Code   RO         1414    i.ui_adjust_float   ui.o
    0x08004ec2   0x08004ec2   0x00000014   Code   RO         1415    i.ui_adjust_int     ui.o
    0x08004ed6   0x08004ed6   0x00000018   Code   RO         1416    i.ui_adjust_u16     ui.o
    0x08004eee   0x08004eee   0x00000002   PAD
    0x08004ef0   0x08004ef0   0x00000040   Code   RO         1417    i.ui_init           ui.o
    0x08004f30   0x08004f30   0x00000008   Code   RO         1418    i.ui_read_key_once  ui.o
    0x08004f38   0x08004f38   0x00000094   Code   RO         1419    i.ui_save_and_return  ui.o
    0x08004fcc   0x08004fcc   0x0000001c   Code   RO         1420    i.ui_show_string    ui.o
    0x08004fe8   0x08004fe8   0x00000e14   Code   RO         1421    i.ui_task           ui.o
    0x08005dfc   0x08005dfc   0x0000009c   Code   RO         2099    i.ultra_get_distance  hf_hc-sr04.o
    0x08005e98   0x08005e98   0x00000034   Code   RO         2100    i.ultra_init        hf_hc-sr04.o
    0x08005ecc   0x08005ecc   0x00000090   Code   RO         5846    i.usart_baudrate_set  gd32f30x_usart.o
    0x08005f5c   0x08005f5c   0x00000008   Code   RO         5850    i.usart_data_transmit  gd32f30x_usart.o
    0x08005f64   0x08005f64   0x00000090   Code   RO         5851    i.usart_deinit      gd32f30x_usart.o
    0x08005ff4   0x08005ff4   0x0000000a   Code   RO         5855    i.usart_enable      gd32f30x_usart.o
    0x08005ffe   0x08005ffe   0x0000001e   Code   RO         5857    i.usart_flag_get    gd32f30x_usart.o
    0x0800601c   0x0800601c   0x00000010   Code   RO         5879    i.usart_receive_config  gd32f30x_usart.o
    0x0800602c   0x0800602c   0x00000010   Code   RO         5893    i.usart_transmit_config  gd32f30x_usart.o
    0x0800603c   0x0800603c   0x00000038   Code   RO         2071    i.ws2812b_init      hf_ws2812b.o
    0x08006074   0x08006074   0x0000007c   Code   RO         2072    i.ws2812b_write     hf_ws2812b.o
    0x080060f0   0x080060f0   0x00000818   Data   RO         1143    .constdata          car_oled.o
    0x08006908   0x08006908   0x00000020   Data   RO         6539    Region$$Table       anon$$obj.o


    Execution Region RW_IRAM1 (Exec base: 0x20000000, Load base: 0x08006928, Size: 0x00000bf0, Max: 0x0000c000, ABSOLUTE, COMPRESSED[0x00000100])

    Exec Addr    Load Addr    Size         Type   Attr      Idx    E Section Name        Object

    0x20000000   COMPRESSED   0x000000d1   Data   RW          432    .data               main.o
    0x200000d1   COMPRESSED   0x00000007   PAD
    0x200000d8   COMPRESSED   0x00000028   Data   RW          918    .data               car_light.o
    0x20000100   COMPRESSED   0x0000007c   Data   RW         1026    .data               car_6keys.o
    0x2000017c   COMPRESSED   0x00000042   Data   RW         1374    .data               flash.o
    0x200001be   COMPRESSED   0x00000025   Data   RW         1422    .data               ui.o
    0x200001e3   COMPRESSED   0x00000001   PAD
    0x200001e4   COMPRESSED   0x00000004   Data   RW         1481    .data               system_gd32f30x.o
    0x200001e8   COMPRESSED   0x00000030   Data   RW         1951    .data               hf_systick.o
    0x20000218   COMPRESSED   0x000000a2   Data   RW         2235    .data               dmx_tof400c.o
    0x200002ba   COMPRESSED   0x00000002   PAD
    0x200002bc   COMPRESSED   0x00000004   Data   RW         6517    .data               mc_w.l(stdout.o)
    0x200002c0        -       0x00000080   Zero   RW          431    .bss                main.o
    0x20000340        -       0x00000400   Zero   RW         1142    .bss                car_oled.o
    0x20000740        -       0x0000005e   Zero   RW         1209    .bss                xunxian.o
    0x2000079e   COMPRESSED   0x00000002   PAD
    0x200007a0        -       0x00000040   Zero   RW         1373    .bss                flash.o
    0x200007e0        -       0x0000000c   Zero   RW         1847    .bss                hf_pwm.o
    0x200007ec   COMPRESSED   0x00000004   PAD
    0x200007f0        -       0x00000400   Zero   RW         1517    STACK               startup_gd32f30x_hd.o


==============================================================================

Image component sizes


      Code (inc. data)   RO Data    RW Data    ZI Data      Debug   Object Name

        60          6          0          0          0        561   board.o
       220         10          0        124          0       2803   car_6keys.o
        36          0          0          0          0       1193   car_adc.o
       200         16          0          0          0       1038   car_init.o
       152         52          0         40          0       2095   car_light.o
       374         22       2072          0       1024       4274   car_oled.o
        44         10          0          0          0        981   car_reed.o
        32          4          0          0          0        533   car_uart.o
      1268         90          0        162          0      10403   dmx_tof400c.o
      1196        268          0         66         64       4879   flash.o
       602          4          0          0          0       8735   gd32f30x_adc.o
       264         24          0          0          0       3471   gd32f30x_exti.o
       756         80          0          0          0       6982   gd32f30x_fmc.o
       364          6          0          0          0       3795   gd32f30x_gpio.o
       490         14          0          0          0       7365   gd32f30x_i2c.o
        66          0          0          0          0      83049   gd32f30x_it.o
       216         20          0          0          0       1588   gd32f30x_misc.o
       548         68          0          0          0       4011   gd32f30x_rcu.o
      1196         48          0          0          0      11460   gd32f30x_timer.o
       368         16          0          0          0       5025   gd32f30x_usart.o
       604         26          0          0          0       1653   hf_adc.o
       420         24          0          0          0       2774   hf_double_dc_motor.o
       532         30          0          0          0       1146   hf_exti.o
       188          0          0          0          0       2289   hf_flash.o
       342         28          0          0          0       2207   hf_gpio.o
       208          8          0          0          0       1430   hf_hc-sr04.o
       534         18          0          0          0       3086   hf_oled.o
       268         20          0          0          0       1375   hf_pit.o
       490         48          0          0         12       3135   hf_pwm.o
       520        142          0         48          0      31160   hf_systick.o
       472         54          0          0          0       1688   hf_uart.o
       180         14          0          0          0       1283   hf_ws2812b.o
      2588        396          0        209        128      10294   main.o
        36          8        304          0       1024        908   startup_gd32f30x_hd.o
       452         30          0          4          0       2915   system_gd32f30x.o
      3938        822          0         37          0       8273   ui.o
       348         38          0          0         94       3565   xunxian.o

    ----------------------------------------------------------------------
     20606       2464       2408        700       2352     243422   Object Totals
         0          0         32          0          0          0   (incl. Generated)
        34          0          0         10          6          0   (incl. Padding)

    ----------------------------------------------------------------------

      Code (inc. data)   RO Data    RW Data    ZI Data      Debug   Library Member Name

        86          0          0          0          0          0   __dczerorl2.o
         0          0          0          0          0          0   entry.o
         0          0          0          0          0          0   entry10a.o
         0          0          0          0          0          0   entry11a.o
         8          4          0          0          0          0   entry2.o
         4          0          0          0          0          0   entry5.o
         0          0          0          0          0          0   entry7b.o
         0          0          0          0          0          0   entry8b.o
         8          4          0          0          0          0   entry9a.o
        30          0          0          0          0          0   handlers.o
        36          8          0          0          0         68   init.o
         0          0          0          0          0          0   iusefp.o
        30          0          0          0          0         68   llshl.o
        36          0          0          0          0         68   llsshr.o
        32          0          0          0          0         68   llushr.o
        26          0          0          0          0         80   memcmp.o
        36          0          0          0          0        108   memseta.o
      2308         96          0          0          0        604   printfa.o
         0          0          0          4          0          0   stdout.o
        18          0          0          0          0         68   strcpy.o
        44          0          0          0          0         80   uidiv.o
        98          0          0          0          0         92   uldiv.o
        48          0          0          0          0         68   cdrcmple.o
       334          0          0          0          0        148   dadd.o
       222          0          0          0          0        100   ddiv.o
       186          0          0          0          0        176   depilogue.o
        48          0          0          0          0         68   dfixul.o
       228          0          0          0          0         96   dmul.o
        38          0          0          0          0         68   f2d.o

    ----------------------------------------------------------------------
      3906        112          0          4          0       2028   Library Totals
         2          0          0          0          0          0   (incl. Padding)

    ----------------------------------------------------------------------

      Code (inc. data)   RO Data    RW Data    ZI Data      Debug   Library Name

      2800        112          0          4          0       1304   mc_w.l
      1104          0          0          0          0        724   mf_w.l

    ----------------------------------------------------------------------
      3906        112          0          4          0       2028   Library Totals

    ----------------------------------------------------------------------

==============================================================================


      Code (inc. data)   RO Data    RW Data    ZI Data      Debug   

     24512       2576       2408        704       2352     225594   Grand Totals
     24512       2576       2408        256       2352     225594   ELF Image Totals (compressed)
     24512       2576       2408        256          0          0   ROM Totals

==============================================================================

    Total RO  Size (Code + RO Data)                26920 (  26.29kB)
    Total RW  Size (RW Data + ZI Data)              3056 (   2.98kB)
    Total ROM Size (Code + RO Data + RW Data)      27176 (  26.54kB)

==============================================================================

