<html>
<body>
<pre>
<h1>�Vision Build Log</h1>
<h2>Tool Versions:</h2>
IDE-Version: ��Vision V5.43.1.0
Copyright (C) 2025 ARM Ltd and ARM Germany GmbH. All rights reserved.
License Information: Z A072820931@outlook.com
JL
User-based license: Keil MDK Community (non-commercial free of charge)
Valid until: Jun 1 2033. Cached until: Jul 21 2026
 
Tool Versions:
Toolchain:       Keil MDK Community (non-commercial free of charge  Version: 5.43.0.0
Toolchain Path:  D:\ARM\ARMCLANG\Bin
C Compiler:      ArmClang.exe V6.24
Assembler:       Armasm.exe V6.24
Linker/Locator:  ArmLink.exe V6.24
Library Manager: ArmAr.exe V6.24
Hex Converter:   FromElf.exe V6.24
CPU DLL:         SARMCM3.DLL V5.43.0.0
Dialog DLL:      DCM.DLL V1.17.5.0
Target DLL:      CMSIS_AGDI.dll V1.33.24.0
Dialog DLL:      TCM.DLL V1.56.6.0
 
<h2>Project:</h2>
D:\2026BLE_BasicCar\BLE_BasicCar\11-Car_ch9143\MDK\Project.uvprojx
Project File Date:  07/14/2026

<h2>Output:</h2>
*** Using Compiler 'V6.24', folder: 'D:\ARM\ARMCLANG\Bin'
Rebuild target 'GD32F30X_HD'
compiling car_init.c...
compiling car_light.c...
compiling car_6keys.c...
compiling main.c...
compiling car_motion.c...
compiling encoder.c...
compiling car_adc.c...
compiling car_reed.c...
compiling car_uart.c...
compiling car_value_process.c...
compiling car_buzzer.c...
compiling gd32f30x_it.c...
compiling car_oled.c...
../CODE/xunxian.c(93): warning: passing 'char[4]' to parameter of type 'uint8_t *' (aka 'unsigned char *') converts between pointers to integer types where one is of the unique plain 'char' type and the other is not [-Wpointer-sign]
   93 |                 oled_show_string(10,7,"Lm1",12);
      |                                       ^~~~~
../CODE\car_oled.h(30): note: passing argument to parameter 'chr' here
   30 | void oled_show_string(uint8_t x,uint8_t y,uint8_t *chr,uint8_t size);
      |                                                    ^
../CODE/xunxian.c(98): warning: passing 'char[4]' to parameter of type 'uint8_t *' (aka 'unsigned char *') converts between pointers to integer types where one is of the unique plain 'char' type and the other is not [-Wpointer-sign]
   98 |                 oled_show_string(10,7,"LL1",12);
      |                                       ^~~~~
../CODE\car_oled.h(30): note: passing argument to parameter 'chr' here
   30 | void oled_show_string(uint8_t x,uint8_t y,uint8_t *chr,uint8_t size);
      |                                                    ^
2 warnings generated.
compiling xunxian.c...
assembling startup_gd32f30x_hd.s...
compiling board.c...
compiling system_gd32f30x.c...
compiling hf_adc.c...
compiling hf_exti.c...
compiling hf_flash.c...
compiling hf_gpio.c...
compiling hf_i2c_software.c...
compiling hf_qtimer.c...
compiling hf_spi.c...
../../Libraries/hefei_libraries/hf_systick.c(27): warning: illegal character encoding in string literal [-Winvalid-source-encoding]
   27 |                         printf("ʱ<D6>ӹ<FD><B8>ߣ<AC><CE><U+07B7><A8><C5><E4><D6><C3>1ms<D6>жϣ<AC><D0><E8><B5><F7><D5><FB>\n");
      |                                  ^~~~ ~~~~~~~~ ~~~~~~~~        ~~~~~~~~~~~~~~~~~~~~   ~~~~  ~~~~~~~~~~~~~~~~~~~~~~~~~~~~
../../Libraries/hefei_libraries/hf_systick.c(31): warning: illegal character encoding in string literal [-Winvalid-source-encoding]
   31 |                         printf("<C5><E4><D6><C3>ʧ<B0><DC>\n");
      |                                 ^~~~~~~~~~~~~~~~ ~~~~~~~~
../../Libraries/hefei_libraries/hf_systick.c(93): warning: illegal character encoding in string literal [-Winvalid-source-encoding]
   93 |                 printf("g_millis<B7><A2><C9><FA><D2><E7><B3><F6><A3><AC><D0><E8><B5><F7><D5><FB>\n");
      |                                 ^~~~~~~~~~~~~~~~~~~~~~~~~~~~~~~~~~~~~~~~~~~~~~~~~~~~~~~~~~~~~~~~
3 warnings generated.
compiling hf_systick.c...
compiling HF_WS2812b.c...
compiling hf_pit.c...
compiling hf_pwm.c...
compiling hf_uart.c...
compiling hf_i2c_hardware.c...
compiling dmx_tof400c.c...
compiling gd32f30x_bkp.c...
compiling HF_HC-SR04.c...
compiling HF_Double_DC_Motor.c...
compiling gd32f30x_adc.c...
compiling HF_OLED.c...
compiling gd32f30x_can.c...
compiling gd32f30x_crc.c...
compiling gd32f30x_ctc.c...
compiling gd32f30x_dac.c...
compiling gd32f30x_dbg.c...
compiling gd32f30x_fmc.c...
compiling gd32f30x_enet.c...
compiling gd32f30x_exmc.c...
compiling gd32f30x_exti.c...
compiling gd32f30x_misc.c...
compiling gd32f30x_fwdgt.c...
compiling gd32f30x_i2c.c...
compiling gd32f30x_gpio.c...
compiling gd32f30x_pmu.c...
compiling gd32f30x_dma.c...
compiling gd32f30x_rcu.c...
compiling gd32f30x_rtc.c...
compiling gd32f30x_sdio.c...
compiling gd32f30x_spi.c...
compiling gd32f30x_usart.c...
compiling gd32f30x_timer.c...
compiling gd32f30x_wwdgt.c...
linking...
Program Size: Code=11268 RO-data=2444 RW-data=168 ZI-data=2136  
FromELF: creating hex file...
".\output\Project.axf" - 0 Error(s), 5 Warning(s).

<h2>Software Packages used:</h2>

Package Vendor: GigaDevice
                https://gd32mcu.com/data/documents/pack/GigaDevice.GD32F30x_DFP.2.2.1.pack
                GigaDevice::GD32F30x_DFP@2.2.1
                GigaDevice GD32F30x Series Device Support and Examples

<h2>Collection of Component include folders:</h2>
  C:/Users/A0728/AppData/Local/Arm/Packs/GigaDevice/GD32F30x_DFP/2.2.1/Device/Include

<h2>Collection of Component Files used:</h2>
Build Time Elapsed:  00:00:03
</pre>
</body>
</html>
