<html>
<body>
<pre>
<h1>礦ision Build Log</h1>
<h2>Tool Versions:</h2>
IDE-Version: μVision V5.28.0.0
Copyright (C) 2019 ARM Ltd and ARM Germany GmbH. All rights reserved.
License Information:  ,  , LIC=QF82M-X98NT-NNWAF-60IWP-45UIZ-CGTWP
 
Tool Versions:
Toolchain:       MDK-ARM Plus  Version: 5.28.0.0
Toolchain Path:  D:\Keil_v5\ARM\ARMCC\Bin
C Compiler:      Armcc.exe V5.06 update 6 (build 750)
Assembler:       Armasm.exe V5.06 update 6 (build 750)
Linker/Locator:  ArmLink.exe V5.06 update 6 (build 750)
Library Manager: ArmAr.exe V5.06 update 6 (build 750)
Hex Converter:   FromElf.exe V5.06 update 6 (build 750)
CPU DLL:         SARMCM3.DLL V5.28.0.0
Dialog DLL:      DCM.DLL V1.17.3.0
Target DLL:      CMSIS_AGDI.dll V1.31.18.0
Dialog DLL:      TCM.DLL V1.36.2.0
 
<h2>Project:</h2>
E:\学生分享下载资料\2026基础车分享资料\基础智能车（电磁）资料V2.3\5.Demo\04-Car_uart_query\MDK\Project.uvprojx
Project File Date:  04/16/2026

<h2>Output:</h2>
*** Using Compiler 'V5.06 update 6 (build 750)', folder: 'D:\Keil_v5\ARM\ARMCC\Bin'
Rebuild target 'GD32F30X_HD'
compiling main.c...
compiling car_6keys.c...
compiling car_light.c...
compiling car_motion.c...
compiling car_uart.c...
compiling car_init.c...
compiling gd32f30x_it.c...
compiling board.c...
compiling car_adc.c...
compiling car_reed.c...
compiling xunxian.c...
compiling car_value_process.c...
compiling car_oled.c...
compiling system_gd32f30x.c...
compiling car_buzzer.c...
compiling encoder.c...
assembling startup_gd32f30x_hd.s...
compiling hf_adc.c...
compiling hf_gpio.c...
compiling hf_flash.c...
compiling hf_exti.c...
compiling hf_i2c_software.c...
compiling hf_pwm.c...
compiling hf_pit.c...
compiling hf_i2c_hardware.c...
compiling hf_qtimer.c...
compiling hf_spi.c...
compiling hf_systick.c...
compiling HF_WS2812b.c...
compiling HF_OLED.c...
compiling HF_Double_DC_Motor.c...
compiling hf_uart.c...
compiling HF_HC-SR04.c...
compiling gd32f30x_adc.c...
compiling gd32f30x_dac.c...
compiling dmx_tof400c.c...
compiling gd32f30x_crc.c...
compiling gd32f30x_bkp.c...
compiling gd32f30x_dbg.c...
compiling gd32f30x_ctc.c...
compiling gd32f30x_can.c...
compiling gd32f30x_dma.c...
compiling gd32f30x_enet.c...
compiling gd32f30x_exmc.c...
compiling gd32f30x_exti.c...
compiling gd32f30x_fmc.c...
compiling gd32f30x_fwdgt.c...
compiling gd32f30x_i2c.c...
compiling gd32f30x_gpio.c...
compiling gd32f30x_pmu.c...
compiling gd32f30x_misc.c...
compiling gd32f30x_rtc.c...
compiling gd32f30x_rcu.c...
compiling gd32f30x_sdio.c...
compiling gd32f30x_usart.c...
compiling gd32f30x_spi.c...
compiling gd32f30x_timer.c...
compiling gd32f30x_wwdgt.c...
linking...
Program Size: Code=10128 RO-data=344 RW-data=248 ZI-data=2112  
FromELF: creating hex file...
".\output\Project.axf" - 0 Error(s), 0 Warning(s).

<h2>Software Packages used:</h2>

Package Vendor: GigaDevice
                http://gd32mcu.com/data/documents/pack/GigaDevice.GD32F30x_DFP.2.2.0.pack
                GigaDevice.GD32F30x_DFP.2.2.0
                GigaDevice GD32F30x Series Device Support and Examples

<h2>Collection of Component include folders:</h2>
  .\RTE\_GD32F30X_HD
  D:\Users\Administrator\AppData\Local\Arm\Packs\GigaDevice\GD32F30x_DFP\2.2.0\Device\Include

<h2>Collection of Component Files used:</h2>
Build Time Elapsed:  00:00:08
</pre>
</body>
</html>
