Component: Arm Compiler for Embedded 6.24 Tool: armlink [5f371500]

==============================================================================

Section Cross References

    gd32f30x_it.o(.ARM.exidx.text.NMI_Handler) refers to gd32f30x_it.o(.text.NMI_Handler) for [Anonymous Symbol]
    gd32f30x_it.o(.ARM.exidx.text.HardFault_Handler) refers to gd32f30x_it.o(.text.HardFault_Handler) for [Anonymous Symbol]
    gd32f30x_it.o(.ARM.exidx.text.MemManage_Handler) refers to gd32f30x_it.o(.text.MemManage_Handler) for [Anonymous Symbol]
    gd32f30x_it.o(.ARM.exidx.text.BusFault_Handler) refers to gd32f30x_it.o(.text.BusFault_Handler) for [Anonymous Symbol]
    gd32f30x_it.o(.ARM.exidx.text.UsageFault_Handler) refers to gd32f30x_it.o(.text.UsageFault_Handler) for [Anonymous Symbol]
    gd32f30x_it.o(.ARM.exidx.text.SVC_Handler) refers to gd32f30x_it.o(.text.SVC_Handler) for [Anonymous Symbol]
    gd32f30x_it.o(.ARM.exidx.text.DebugMon_Handler) refers to gd32f30x_it.o(.text.DebugMon_Handler) for [Anonymous Symbol]
    gd32f30x_it.o(.ARM.exidx.text.PendSV_Handler) refers to gd32f30x_it.o(.text.PendSV_Handler) for [Anonymous Symbol]
    gd32f30x_it.o(.ARM.exidx.text.EXTI0_IRQHandler) refers to gd32f30x_it.o(.text.EXTI0_IRQHandler) for [Anonymous Symbol]
    gd32f30x_it.o(.ARM.exidx.text.EXTI1_IRQHandler) refers to gd32f30x_it.o(.text.EXTI1_IRQHandler) for [Anonymous Symbol]
    gd32f30x_it.o(.ARM.exidx.text.EXTI2_IRQHandler) refers to gd32f30x_it.o(.text.EXTI2_IRQHandler) for [Anonymous Symbol]
    gd32f30x_it.o(.ARM.exidx.text.EXTI3_IRQHandler) refers to gd32f30x_it.o(.text.EXTI3_IRQHandler) for [Anonymous Symbol]
    gd32f30x_it.o(.ARM.exidx.text.EXTI4_IRQHandler) refers to gd32f30x_it.o(.text.EXTI4_IRQHandler) for [Anonymous Symbol]
    gd32f30x_it.o(.ARM.exidx.text.EXTI5_9_IRQHandler) refers to gd32f30x_it.o(.text.EXTI5_9_IRQHandler) for [Anonymous Symbol]
    gd32f30x_it.o(.ARM.exidx.text.EXTI10_15_IRQHandler) refers to gd32f30x_it.o(.text.EXTI10_15_IRQHandler) for [Anonymous Symbol]
    gd32f30x_it.o(.ARM.exidx.text.TIMER0_Channel_IRQHandler) refers to gd32f30x_it.o(.text.TIMER0_Channel_IRQHandler) for [Anonymous Symbol]
    gd32f30x_it.o(.ARM.exidx.text.TIMER1_IRQHandler) refers to gd32f30x_it.o(.text.TIMER1_IRQHandler) for [Anonymous Symbol]
    gd32f30x_it.o(.ARM.exidx.text.TIMER2_IRQHandler) refers to gd32f30x_it.o(.text.TIMER2_IRQHandler) for [Anonymous Symbol]
    gd32f30x_it.o(.ARM.exidx.text.TIMER3_IRQHandler) refers to gd32f30x_it.o(.text.TIMER3_IRQHandler) for [Anonymous Symbol]
    gd32f30x_it.o(.ARM.exidx.text.TIMER4_IRQHandler) refers to gd32f30x_it.o(.text.TIMER4_IRQHandler) for [Anonymous Symbol]
    gd32f30x_it.o(.ARM.exidx.text.TIMER5_IRQHandler) refers to gd32f30x_it.o(.text.TIMER5_IRQHandler) for [Anonymous Symbol]
    gd32f30x_it.o(.ARM.exidx.text.TIMER6_IRQHandler) refers to gd32f30x_it.o(.text.TIMER6_IRQHandler) for [Anonymous Symbol]
    gd32f30x_it.o(.ARM.exidx.text.TIMER7_Channel_IRQHandler) refers to gd32f30x_it.o(.text.TIMER7_Channel_IRQHandler) for [Anonymous Symbol]
    gd32f30x_it.o(.ARM.exidx.text.I2C0_EV_IRQHandler) refers to gd32f30x_it.o(.text.I2C0_EV_IRQHandler) for [Anonymous Symbol]
    gd32f30x_it.o(.ARM.exidx.text.I2C1_EV_IRQHandler) refers to gd32f30x_it.o(.text.I2C1_EV_IRQHandler) for [Anonymous Symbol]
    gd32f30x_it.o(.ARM.exidx.text.SPI0_IRQHandler) refers to gd32f30x_it.o(.text.SPI0_IRQHandler) for [Anonymous Symbol]
    gd32f30x_it.o(.ARM.exidx.text.SPI1_IRQHandler) refers to gd32f30x_it.o(.text.SPI1_IRQHandler) for [Anonymous Symbol]
    gd32f30x_it.o(.ARM.exidx.text.SPI2_IRQHandler) refers to gd32f30x_it.o(.text.SPI2_IRQHandler) for [Anonymous Symbol]
    gd32f30x_it.o(.ARM.exidx.text.USART0_IRQHandler) refers to gd32f30x_it.o(.text.USART0_IRQHandler) for [Anonymous Symbol]
    gd32f30x_it.o(.text.USART1_IRQHandler) refers to bluetooth_tuning.o(.text.BluetoothTune_RxIrqHandler) for BluetoothTune_RxIrqHandler
    gd32f30x_it.o(.ARM.exidx.text.USART1_IRQHandler) refers to gd32f30x_it.o(.text.USART1_IRQHandler) for [Anonymous Symbol]
    gd32f30x_it.o(.ARM.exidx.text.USART2_IRQHandler) refers to gd32f30x_it.o(.text.USART2_IRQHandler) for [Anonymous Symbol]
    gd32f30x_it.o(.ARM.exidx.text.UART3_IRQHandler) refers to gd32f30x_it.o(.text.UART3_IRQHandler) for [Anonymous Symbol]
    gd32f30x_it.o(.ARM.exidx.text.UART4_IRQHandler) refers to gd32f30x_it.o(.text.UART4_IRQHandler) for [Anonymous Symbol]
    main.o(.text.main) refers to car_init.o(.text.car_init) for car_init
    main.o(.text.main) refers to car_buzzer.o(.text.buzzer_duty) for buzzer_duty
    main.o(.text.main) refers to car_light.o(.text.car_both_rgb_off) for car_both_rgb_off
    main.o(.text.main) refers to control.o(.text.Control_Stop) for Control_Stop
    main.o(.text.main) refers to bluetooth_tuning.o(.text.BluetoothTune_Init) for BluetoothTune_Init
    main.o(.text.main) refers to bluetooth_tuning.o(.text.BluetoothTune_Service) for BluetoothTune_Service
[...]
    bluetooth_trim_left                      0x08002a61   Thumb Code    58  bluetooth_tuning.o(.text.bluetooth_trim_left)
    [Anonymous Symbol]                       0x08002a60   Section        0  bluetooth_tuning.o(.text.bluetooth_trim_left)
    [Anonymous Symbol]                       0x08002a9c   Section        0  board.o(.text.board_led_init)
    [Anonymous Symbol]                       0x08002b00   Section        0  car_buzzer.o(.text.buzzer_duty)
    [Anonymous Symbol]                       0x08002b24   Section        0  car_buzzer.o(.text.buzzer_init)
    [Anonymous Symbol]                       0x08002b58   Section        0  car_light.o(.text.car_both_rgb_off)
    [Anonymous Symbol]                       0x08002b78   Section        0  car_init.o(.text.car_init)
    car_rgb_write_pair                       0x08002c31   Thumb Code    24  car_light.o(.text.car_rgb_write_pair)
    [Anonymous Symbol]                       0x08002c30   Section        0  car_light.o(.text.car_rgb_write_pair)
    control_abs_i32                          0x08002c49   Thumb Code    34  control.o(.text.control_abs_i32)
    [Anonymous Symbol]                       0x08002c48   Section        0  control.o(.text.control_abs_i32)
    control_drive_motor                      0x08002c6d   Thumb Code    84  control.o(.text.control_drive_motor)
    [Anonymous Symbol]                       0x08002c6c   Section        0  control.o(.text.control_drive_motor)
    control_limit_i16                        0x08002cc1   Thumb Code    60  control.o(.text.control_limit_i16)
    [Anonymous Symbol]                       0x08002cc0   Section        0  control.o(.text.control_limit_i16)
    control_update_pwm                       0x08002cfd   Thumb Code   158  control.o(.text.control_update_pwm)
    [Anonymous Symbol]                       0x08002cfc   Section        0  control.o(.text.control_update_pwm)
    control_update_sine_target               0x08002d9d   Thumb Code   202  control.o(.text.control_update_sine_target)
    [Anonymous Symbol]                       0x08002d9c   Section        0  control.o(.text.control_update_sine_target)
    [Anonymous Symbol]                       0x08002e68   Section        0  hf_systick.o(.text.delay_1ms)
    [Anonymous Symbol]                       0x08002ea0   Section        0  hf_systick.o(.text.delay_1us)
    [Anonymous Symbol]                       0x08002f40   Section        0  encoder.o(.text.encoder_timer_config)
    [Anonymous Symbol]                       0x08003010   Section        0  hf_uart.o(.text.fputc)
    [Anonymous Symbol]                       0x08003044   Section        0  hf_systick.o(.text.get_current_time_us)
    [Anonymous Symbol]                       0x080030c4   Section        0  hf_gpio.o(.text.gpio_bit_output)
    [Anonymous Symbol]                       0x080030d0   Section        0  gd32f30x_gpio.o(.text.gpio_bit_reset)
    [Anonymous Symbol]                       0x080030e0   Section        0  gd32f30x_gpio.o(.text.gpio_bit_set)
    [Anonymous Symbol]                       0x080030f0   Section        0  hf_gpio.o(.text.gpio_get_input)
    [Anonymous Symbol]                       0x08003100   Section        0  gd32f30x_gpio.o(.text.gpio_init)
    [Anonymous Symbol]                       0x08003284   Section        0  gd32f30x_gpio.o(.text.gpio_input_bit_get)
    [Anonymous Symbol]                       0x080032b0   Section        0  hf_gpio.o(.text.gpio_pin_init)
    [Anonymous Symbol]                       0x08003310   Section        0  car_init.o(.text.int_init)
    [Anonymous Symbol]                       0x08003314   Section        0  car_6keys.o(.text.key_init)
    [Anonymous Symbol]                       0x08003394   Section        0  main.o(.text.main)
    [Anonymous Symbol]                       0x080033e0   Section        0  hf_double_dc_motor.o(.text.motor_backward)
    [Anonymous Symbol]                       0x08003468   Section        0  hf_double_dc_motor.o(.text.motor_forward)
    [Anonymous Symbol]                       0x080034f4   Section        0  hf_double_dc_motor.o(.text.motor_init)
    [Anonymous Symbol]                       0x080035d8   Section        0  hf_double_dc_motor.o(.text.motor_set)
    [Anonymous Symbol]                       0x08003704   Section        0  gd32f30x_misc.o(.text.nvic_irq_enable)
    [Anonymous Symbol]                       0x0800382c   Section        0  gd32f30x_misc.o(.text.nvic_priority_group_set)
    period_elapsed                           0x08003849   Thumb Code    90  main.o(.text.period_elapsed)
    [Anonymous Symbol]                       0x08003848   Section        0  main.o(.text.period_elapsed)
    [Anonymous Symbol]                       0x080038a4   Section        0  hf_pwm.o(.text.pwm_duty)
    pwm_duty_to_pulse                        0x08003999   Thumb Code    82  hf_pwm.o(.text.pwm_duty_to_pulse)
    [Anonymous Symbol]                       0x08003998   Section        0  hf_pwm.o(.text.pwm_duty_to_pulse)
    [Anonymous Symbol]                       0x080039ec   Section        0  hf_pwm.o(.text.pwm_init)
    [Anonymous Symbol]                       0x08003bcc   Section        0  gd32f30x_rcu.o(.text.rcu_adc_clock_config)
    [Anonymous Symbol]                       0x08003c80   Section        0  gd32f30x_rcu.o(.text.rcu_clock_freq_get)
    [Anonymous Symbol]                       0x08003edc   Section        0  gd32f30x_rcu.o(.text.rcu_periph_clock_enable)
    [Anonymous Symbol]                       0x08003f04   Section        0  gd32f30x_rcu.o(.text.rcu_periph_reset_disable)
    [Anonymous Symbol]                       0x08003f2c   Section        0  gd32f30x_rcu.o(.text.rcu_periph_reset_enable)
    [Anonymous Symbol]                       0x08003f54   Section        0  car_reed.o(.text.reed_init)
    speed_pid_init                           0x08003f69   Thumb Code    58  control.o(.text.speed_pid_init)
    [Anonymous Symbol]                       0x08003f68   Section        0  control.o(.text.speed_pid_init)
    speed_pid_reset                          0x08003fa5   Thumb Code    18  control.o(.text.speed_pid_reset)
    [Anonymous Symbol]                       0x08003fa4   Section        0  control.o(.text.speed_pid_reset)
    speed_pid_update                         0x08003fb9   Thumb Code   276  control.o(.text.speed_pid_update)
    [Anonymous Symbol]                       0x08003fb8   Section        0  control.o(.text.speed_pid_update)
    system_clock_120m_hxtal                  0x080040cd   Thumb Code   430  system_gd32f30x.o(.text.system_clock_120m_hxtal)
    [Anonymous Symbol]                       0x080040cc   Section        0  system_gd32f30x.o(.text.system_clock_120m_hxtal)
    system_clock_config                      0x0800427d   Thumb Code     8  system_gd32f30x.o(.text.system_clock_config)
    [Anonymous Symbol]                       0x0800427c   Section        0  system_gd32f30x.o(.text.system_clock_config)
    [Anonymous Symbol]                       0x08004284   Section        0  hf_systick.o(.text.systick_config)
    [Anonymous Symbol]                       0x08004324   Section        0  gd32f30x_timer.o(.text.timer_auto_reload_shadow_enable)
    [Anonymous Symbol]                       0x08004338   Section        0  gd32f30x_timer.o(.text.timer_channel_input_capture_prescaler_config)
    [Anonymous Symbol]                       0x080043c4   Section        0  gd32f30x_timer.o(.text.timer_channel_output_config)
    [Anonymous Symbol]                       0x08004694   Section        0  gd32f30x_timer.o(.text.timer_channel_output_mode_config)
    [Anonymous Symbol]                       0x08004720   Section        0  gd32f30x_timer.o(.text.timer_channel_output_pulse_value_config)
    [Anonymous Symbol]                       0x08004768   Section        0  gd32f30x_timer.o(.text.timer_channel_output_shadow_config)
    [Anonymous Symbol]                       0x080047f4   Section        0  gd32f30x_timer.o(.text.timer_deinit)
    [Anonymous Symbol]                       0x080049e0   Section        0  gd32f30x_timer.o(.text.timer_disable)
    [Anonymous Symbol]                       0x080049f4   Section        0  gd32f30x_timer.o(.text.timer_enable)
    [Anonymous Symbol]                       0x08004a08   Section        0  gd32f30x_timer.o(.text.timer_flag_clear)
    [Anonymous Symbol]                       0x08004a1c   Section        0  gd32f30x_timer.o(.text.timer_flag_get)
    [Anonymous Symbol]                       0x08004a48   Section        0  gd32f30x_timer.o(.text.timer_init)
    [Anonymous Symbol]                       0x08004b4c   Section        0  gd32f30x_timer.o(.text.timer_input_capture_config)
    [Anonymous Symbol]                       0x08004cf8   Section        0  gd32f30x_timer.o(.text.timer_primary_output_config)
    [Anonymous Symbol]                       0x08004d28   Section        0  gd32f30x_timer.o(.text.timer_quadrature_decoder_mode_config)
    [Anonymous Symbol]                       0x08004d90   Section        0  gd32f30x_timer.o(.text.timer_struct_para_init)
    [Anonymous Symbol]                       0x08004db8   Section        0  car_uart.o(.text.uart0_init)
    [Anonymous Symbol]                       0x08004de4   Section        0  car_uart.o(.text.uart1_init)
    [Anonymous Symbol]                       0x08004e0c   Section        0  hf_uart.o(.text.uart_init)
    [Anonymous Symbol]                       0x08005078   Section        0  hf_uart.o(.text.uart_interrupt_init)
    [Anonymous Symbol]                       0x080050bc   Section        0  hf_uart.o(.text.uart_putchar)
    [Anonymous Symbol]                       0x080050e0   Section        0  hf_uart.o(.text.uart_query)
    [Anonymous Symbol]                       0x08005118   Section        0  car_uart.o(.text.uart_send_char)
    [Anonymous Symbol]                       0x08005130   Section        0  hf_hc-sr04.o(.text.ultra_init)
    [Anonymous Symbol]                       0x0800516c   Section        0  encoder.o(.text.update_encoder_values)
    [Anonymous Symbol]                       0x08005298   Section        0  gd32f30x_usart.o(.text.usart_baudrate_set)
    [Anonymous Symbol]                       0x08005364   Section        0  gd32f30x_usart.o(.text.usart_data_receive)
    [Anonymous Symbol]                       0x08005374   Section        0  gd32f30x_usart.o(.text.usart_data_transmit)
    [Anonymous Symbol]                       0x08005388   Section        0  gd32f30x_usart.o(.text.usart_deinit)
    [Anonymous Symbol]                       0x08005440   Section        0  gd32f30x_usart.o(.text.usart_enable)
    [Anonymous Symbol]                       0x08005454   Section        0  gd32f30x_usart.o(.text.usart_flag_get)
    [Anonymous Symbol]                       0x08005490   Section        0  gd32f30x_usart.o(.text.usart_interrupt_disable)
    [Anonymous Symbol]                       0x080054b4   Section        0  gd32f30x_usart.o(.text.usart_interrupt_enable)
    [Anonymous Symbol]                       0x080054d8   Section        0  gd32f30x_usart.o(.text.usart_receive_config)
    [Anonymous Symbol]                       0x08005504   Section        0  gd32f30x_usart.o(.text.usart_transmit_config)
    [Anonymous Symbol]                       0x08005530   Section        0  hf_ws2812b.o(.text.ws2812b_init)
    [Anonymous Symbol]                       0x08005570   Section        0  hf_ws2812b.o(.text.ws2812b_write)
    i.__0printf                              0x08005638   Section        0  printfa.o(i.__0printf)
    i.__0sprintf                             0x08005658   Section        0  printfa.o(i.__0sprintf)
    i.__aeabi_errno_addr                     0x08005680   Section        0  errno.o(i.__aeabi_errno_addr)
    i.__hardfp_atof                          0x08005688   Section        0  atof.o(i.__hardfp_atof)
    i.__read_errno                           0x080056c0   Section        0  errno.o(i.__read_errno)
    i.__scatterload_copy                     0x080056cc   Section       14  handlers.o(i.__scatterload_copy)
    i.__scatterload_null                     0x080056da   Section        2  handlers.o(i.__scatterload_null)
    i.__scatterload_zeroinit                 0x080056dc   Section       14  handlers.o(i.__scatterload_zeroinit)
    i.__set_errno                            0x080056ec   Section        0  errno.o(i.__set_errno)
    _fp_digits                               0x080056f9   Thumb Code   366  printfa.o(i._fp_digits)
    i._fp_digits                             0x080056f8   Section        0  printfa.o(i._fp_digits)
    i._is_digit                              0x0800587c   Section        0  scanf_fp.o(i._is_digit)
    _printf_core                             0x0800588d   Thumb Code  1744  printfa.o(i._printf_core)
    i._printf_core                           0x0800588c   Section        0  printfa.o(i._printf_core)
    _printf_post_padding                     0x08005f69   Thumb Code    36  printfa.o(i._printf_post_padding)
    i._printf_post_padding                   0x08005f68   Section        0  printfa.o(i._printf_post_padding)
    _printf_pre_padding                      0x08005f8d   Thumb Code    46  printfa.o(i._printf_pre_padding)
    i._printf_pre_padding                    0x08005f8c   Section        0  printfa.o(i._printf_pre_padding)
    _sputc                                   0x08005fbb   Thumb Code    10  printfa.o(i._sputc)
    i._sputc                                 0x08005fba   Section        0  printfa.o(i._sputc)
    .constdata                               0x08005fc4   Section      129  ctype_o.o(.constdata)
    table                                    0x08006048   Data           4  ctype_o.o(.constdata)
    .constdata                               0x08006048   Section        4  ctype_o.o(.constdata)
    sine_table                               0x0800604c   Data          64  control.o(.rodata.sine_table)
    [Anonymous Symbol]                       0x0800604c   Section        0  control.o(.rodata.sine_table)
    .L.str.1                                 0x0800608c   Data          10  hf_systick.o(.rodata.str1.1)
    [Anonymous Symbol]                       0x0800608c   Section        0  hf_systick.o(.rodata.str1.1)
    .L.str                                   0x08006096   Data          35  hf_systick.o(.rodata.str1.1)
    .L.str.2                                 0x080060b9   Data          26  hf_systick.o(.rodata.str1.1)
    .L.str                                   0x080060d3   Data          22  dmx_tof400c.o(.rodata.str1.1)
    [Anonymous Symbol]                       0x080060d3   Section        0  dmx_tof400c.o(.rodata.str1.1)
    .L.str.13                                0x080060e9   Data          63  bluetooth_tuning.o(.rodata.str1.1)
    [Anonymous Symbol]                       0x080060e9   Section        0  bluetooth_tuning.o(.rodata.str1.1)
    .L.str.14                                0x08006128   Data          28  bluetooth_tuning.o(.rodata.str1.1)
    .L.str.9                                 0x08006144   Data           9  bluetooth_tuning.o(.rodata.str1.1)
    .L.str.21                                0x0800614d   Data          12  bluetooth_tuning.o(.rodata.str1.1)
    .L.str                                   0x08006159   Data          24  bluetooth_tuning.o(.rodata.str1.1)
    .L.str.19                                0x08006171   Data          64  bluetooth_tuning.o(.rodata.str1.1)
    .L.str.16                                0x080061b1   Data           2  bluetooth_tuning.o(.rodata.str1.1)
    .L.str.18                                0x080061b3   Data           3  bluetooth_tuning.o(.rodata.str1.1)
    .L.str.17                                0x080061b6   Data           3  bluetooth_tuning.o(.rodata.str1.1)
    .L.str.15                                0x080061b9   Data           3  bluetooth_tuning.o(.rodata.str1.1)
    .L.str.5                                 0x080061bc   Data           3  bluetooth_tuning.o(.rodata.str1.1)
    .L.str.7                                 0x080061bf   Data           5  bluetooth_tuning.o(.rodata.str1.1)
    .L.str.4                                 0x080061c4   Data           3  bluetooth_tuning.o(.rodata.str1.1)
    .L.str.8                                 0x080061c7   Data           4  bluetooth_tuning.o(.rodata.str1.1)
    .L.str.11                                0x080061cb   Data           2  bluetooth_tuning.o(.rodata.str1.1)
    .L.str.6                                 0x080061cd   Data           4  bluetooth_tuning.o(.rodata.str1.1)
    .L.str.3                                 0x080061d1   Data           3  bluetooth_tuning.o(.rodata.str1.1)
    .L.str.1                                 0x080061d4   Data           5  bluetooth_tuning.o(.rodata.str1.1)
    .L.str.2                                 0x080061d9   Data           5  bluetooth_tuning.o(.rodata.str1.1)
    .L.str.12                                0x080061de   Data           2  bluetooth_tuning.o(.rodata.str1.1)
    .L.str.10                                0x080061e0   Data           2  bluetooth_tuning.o(.rodata.str1.1)
    .L.str.20                                0x080061e2   Data          12  bluetooth_tuning.o(.rodata.str1.1)
    .data                                    0x20000000   Section        4  stdout.o(.data)
    _errno                                   0x20000004   Data           4  errno.o(.data)
    .data                                    0x20000004   Section        4  errno.o(.data)
    key_table                                0x20000094   Data          96  car_6keys.o(.data.key_table)
    [Anonymous Symbol]                       0x20000094   Section        0  car_6keys.o(.data.key_table)
    pid_param                                0x200000f4   Data          12  control.o(.data.pid_param)
    [Anonymous Symbol]                       0x200000f4   Section        0  control.o(.data.pid_param)
    sine_period_ticks                        0x20000100   Data           2  control.o(.data.sine_period_ticks)
    [Anonymous Symbol]                       0x20000100   Section        0  control.o(.data.sine_period_ticks)
    waveform_enabled                         0x20000102   Data           1  bluetooth_tuning.o(.data.waveform_enabled)
    [Anonymous Symbol]                       0x20000102   Section        0  bluetooth_tuning.o(.data.waveform_enabled)
    ack_enabled                              0x20000108   Data           1  bluetooth_tuning.o(.bss.ack_enabled)
    [Anonymous Symbol]                       0x20000108   Section        0  bluetooth_tuning.o(.bss.ack_enabled)
    bt_cmd_buffer                            0x20000109   Data          48  bluetooth_tuning.o(.bss.bt_cmd_buffer)
    [Anonymous Symbol]                       0x20000109   Section        0  bluetooth_tuning.o(.bss.bt_cmd_buffer)
    bt_cmd_len                               0x20000139   Data           1  bluetooth_tuning.o(.bss.bt_cmd_len)
    [Anonymous Symbol]                       0x20000139   Section        0  bluetooth_tuning.o(.bss.bt_cmd_len)
    bt_last_rx_time_us                       0x20000140   Data           8  bluetooth_tuning.o(.bss.bt_last_rx_time_us)
    [Anonymous Symbol]                       0x20000140   Section        0  bluetooth_tuning.o(.bss.bt_last_rx_time_us)
    bt_rx_buffer                             0x20000148   Data          96  bluetooth_tuning.o(.bss.bt_rx_buffer)
    [Anonymous Symbol]                       0x20000148   Section        0  bluetooth_tuning.o(.bss.bt_rx_buffer)
    bt_rx_head                               0x200001a8   Data           1  bluetooth_tuning.o(.bss.bt_rx_head)
    [Anonymous Symbol]                       0x200001a8   Section        0  bluetooth_tuning.o(.bss.bt_rx_head)
    bt_rx_tail                               0x200001a9   Data           1  bluetooth_tuning.o(.bss.bt_rx_tail)
    [Anonymous Symbol]                       0x200001a9   Section        0  bluetooth_tuning.o(.bss.bt_rx_tail)
    control_data                             0x200001ac   Data          24  control.o(.bss.control_data)
    [Anonymous Symbol]                       0x200001ac   Section        0  control.o(.bss.control_data)
    control_last_time_us                     0x200001c8   Data           8  main.o(.bss.control_last_time_us)
    [Anonymous Symbol]                       0x200001c8   Section        0  main.o(.bss.control_last_time_us)
    last_count_left                          0x200001d4   Data           4  control.o(.bss.last_count_left)
    [Anonymous Symbol]                       0x200001d4   Section        0  control.o(.bss.last_count_left)
    last_count_right                         0x200001d8   Data           4  control.o(.bss.last_count_right)
    [Anonymous Symbol]                       0x200001d8   Section        0  control.o(.bss.last_count_right)
    pid_left                                 0x200001f8   Data          24  control.o(.bss.pid_left)
    [Anonymous Symbol]                       0x200001f8   Section        0  control.o(.bss.pid_left)
    pid_right                                0x20000210   Data          24  control.o(.bss.pid_right)
    [Anonymous Symbol]                       0x20000210   Section        0  control.o(.bss.pid_right)
    rgb_auto_off_enabled                     0x20000228   Data           1  car_light.o(.bss.rgb_auto_off_enabled)
    [Anonymous Symbol]                       0x20000228   Section        0  car_light.o(.bss.rgb_auto_off_enabled)
    rgb_off                                  0x20000229   Data           3  car_light.o(.bss.rgb_off)
    [Anonymous Symbol]                       0x20000229   Section        0  car_light.o(.bss.rgb_off)
    sine_amplitude                           0x2000022c   Data           2  control.o(.bss.sine_amplitude)
    [Anonymous Symbol]                       0x2000022c   Section        0  control.o(.bss.sine_amplitude)
    sine_base                                0x2000022e   Data           2  control.o(.bss.sine_base)
    [Anonymous Symbol]                       0x2000022e   Section        0  control.o(.bss.sine_base)
    sine_tick                                0x20000230   Data           2  control.o(.bss.sine_tick)
    [Anonymous Symbol]                       0x20000230   Section        0  control.o(.bss.sine_tick)
    sysTick_clk                              0x20000234   Data           4  hf_systick.o(.bss.sysTick_clk)
    [Anonymous Symbol]                       0x20000234   Section        0  hf_systick.o(.bss.sysTick_clk)
    ticks_per_us                             0x20000238   Data           4  hf_systick.o(.bss.ticks_per_us)
    [Anonymous Symbol]                       0x20000238   Section        0  hf_systick.o(.bss.ticks_per_us)
    ticks_per_us_frac                        0x2000023c   Data           4  hf_systick.o(.bss.ticks_per_us_frac)
    [Anonymous Symbol]                       0x2000023c   Section        0  hf_systick.o(.bss.ticks_per_us_frac)
    update_encoder_values.last_cnt1          0x20000240   Data           2  encoder.o(.bss.update_encoder_values.last_cnt1)
    [Anonymous Symbol]                       0x20000240   Section        0  encoder.o(.bss.update_encoder_values.last_cnt1)
    update_encoder_values.last_cnt2          0x20000242   Data           2  encoder.o(.bss.update_encoder_values.last_cnt2)
    [Anonymous Symbol]                       0x20000242   Section        0  encoder.o(.bss.update_encoder_values.last_cnt2)
    STACK                                    0x20000248   Section     1024  startup_gd32f30x_hd.o(STACK)

    Global Symbols

    Symbol Name                              Value     Ov Type        Size  Object(Section)

    BuildAttributes$$THM_ISAv4$E$P$D$K$B$S$7EM$VFPi3$EXTD16$VFPS$VFMA$PE$A:L22UL41UL21$X:L11$S22US41US21$IEEE1$IW$~IW$USESV6$~STKCKD$USESV7$~SHL$OTIME$ROPI$IEEEJ$EBA8$MICROLIB$REQ8$PRES8$EABIv2 0x00000000   Number         0  anon$$obj.o ABSOLUTE
    __cpp_initialize__aeabi_                  - Undefined Weak Reference
    __cxa_finalize                            - Undefined Weak Reference
    __decompress                              - Undefined Weak Reference
    _clock_init                               - Undefined Weak Reference
    _microlib_exit                            - Undefined Weak Reference
    __Vectors_Size                           0x00000130   Number         0  startup_gd32f30x_hd.o ABSOLUTE
    __Vectors                                0x08000000   Data           4  startup_gd32f30x_hd.o(RESET)
    __Vectors_End                            0x08000130   Data           0  startup_gd32f30x_hd.o(RESET)
    __main                                   0x08000131   Thumb Code     0  entry.o(.ARM.Collect$$$$00000000)
    _main_stk                                0x08000131   Thumb Code     0  entry2.o(.ARM.Collect$$$$00000001)
    _main_scatterload                        0x08000135   Thumb Code     0  entry5.o(.ARM.Collect$$$$00000004)
    __main_after_scatterload                 0x08000139   Thumb Code     0  entry5.o(.ARM.Collect$$$$00000004)
    _main_clock                              0x08000139   Thumb Code     0  entry7b.o(.ARM.Collect$$$$00000008)
    _main_cpp_init                           0x08000139   Thumb Code     0  entry8b.o(.ARM.Collect$$$$0000000A)
    _main_init                               0x08000139   Thumb Code     0  entry9a.o(.ARM.Collect$$$$0000000B)
    __rt_final_cpp                           0x08000141   Thumb Code     0  entry10a.o(.ARM.Collect$$$$0000000D)
    __rt_final_exit                          0x08000141   Thumb Code     0  entry11a.o(.ARM.Collect$$$$0000000F)
    Reset_Handler                            0x08000145   Thumb Code     8  startup_gd32f30x_hd.o(.text)
    ADC0_1_IRQHandler                        0x0800015f   Thumb Code     0  startup_gd32f30x_hd.o(.text)
    ADC2_IRQHandler                          0x0800015f   Thumb Code     0  startup_gd32f30x_hd.o(.text)
    CAN0_EWMC_IRQHandler                     0x0800015f   Thumb Code     0  startup_gd32f30x_hd.o(.text)
    CAN0_RX1_IRQHandler                      0x0800015f   Thumb Code     0  startup_gd32f30x_hd.o(.text)
    DMA0_Channel0_IRQHandler                 0x0800015f   Thumb Code     0  startup_gd32f30x_hd.o(.text)
    DMA0_Channel1_IRQHandler                 0x0800015f   Thumb Code     0  startup_gd32f30x_hd.o(.text)
    DMA0_Channel2_IRQHandler                 0x0800015f   Thumb Code     0  startup_gd32f30x_hd.o(.text)
    DMA0_Channel3_IRQHandler                 0x0800015f   Thumb Code     0  startup_gd32f30x_hd.o(.text)
    DMA0_Channel4_IRQHandler                 0x0800015f   Thumb Code     0  startup_gd32f30x_hd.o(.text)
    DMA0_Channel5_IRQHandler                 0x0800015f   Thumb Code     0  startup_gd32f30x_hd.o(.text)
    DMA0_Channel6_IRQHandler                 0x0800015f   Thumb Code     0  startup_gd32f30x_hd.o(.text)
    DMA1_Channel0_IRQHandler                 0x0800015f   Thumb Code     0  startup_gd32f30x_hd.o(.text)
    DMA1_Channel1_IRQHandler                 0x0800015f   Thumb Code     0  startup_gd32f30x_hd.o(.text)
    DMA1_Channel2_IRQHandler                 0x0800015f   Thumb Code     0  startup_gd32f30x_hd.o(.text)
    DMA1_Channel3_4_IRQHandler               0x0800015f   Thumb Code     0  startup_gd32f30x_hd.o(.text)
    EXMC_IRQHandler                          0x0800015f   Thumb Code     0  startup_gd32f30x_hd.o(.text)
    FMC_IRQHandler                           0x0800015f   Thumb Code     0  startup_gd32f30x_hd.o(.text)
    I2C0_ER_IRQHandler                       0x0800015f   Thumb Code     0  startup_gd32f30x_hd.o(.text)
    I2C1_ER_IRQHandler                       0x0800015f   Thumb Code     0  startup_gd32f30x_hd.o(.text)
    LVD_IRQHandler                           0x0800015f   Thumb Code     0  startup_gd32f30x_hd.o(.text)
    RCU_CTC_IRQHandler                       0x0800015f   Thumb Code     0  startup_gd32f30x_hd.o(.text)
    RTC_Alarm_IRQHandler                     0x0800015f   Thumb Code     0  startup_gd32f30x_hd.o(.text)
    RTC_IRQHandler                           0x0800015f   Thumb Code     0  startup_gd32f30x_hd.o(.text)
    SDIO_IRQHandler                          0x0800015f   Thumb Code     0  startup_gd32f30x_hd.o(.text)
    TAMPER_IRQHandler                        0x0800015f   Thumb Code     0  startup_gd32f30x_hd.o(.text)
    TIMER0_BRK_IRQHandler                    0x0800015f   Thumb Code     0  startup_gd32f30x_hd.o(.text)
    TIMER0_TRG_CMT_IRQHandler                0x0800015f   Thumb Code     0  startup_gd32f30x_hd.o(.text)
    TIMER0_UP_IRQHandler                     0x0800015f   Thumb Code     0  startup_gd32f30x_hd.o(.text)
    TIMER7_BRK_IRQHandler                    0x0800015f   Thumb Code     0  startup_gd32f30x_hd.o(.text)
    TIMER7_TRG_CMT_IRQHandler                0x0800015f   Thumb Code     0  startup_gd32f30x_hd.o(.text)
    TIMER7_UP_IRQHandler                     0x0800015f   Thumb Code     0  startup_gd32f30x_hd.o(.text)
    USBD_HP_CAN0_TX_IRQHandler               0x0800015f   Thumb Code     0  startup_gd32f30x_hd.o(.text)
    USBD_LP_CAN0_RX0_IRQHandler              0x0800015f   Thumb Code     0  startup_gd32f30x_hd.o(.text)
    USBD_WKUP_IRQHandler                     0x0800015f   Thumb Code     0  startup_gd32f30x_hd.o(.text)
    WWDGT_IRQHandler                         0x0800015f   Thumb Code     0  startup_gd32f30x_hd.o(.text)
    __aeabi_uldivmod                         0x08000169   Thumb Code    98  uldiv.o(.text)
    atol                                     0x080001cb   Thumb Code    26  atol.o(.text)
    __aeabi_dmul                             0x080001e5   Thumb Code   228  dmul.o(.text)
    __aeabi_d2f                              0x080002c9   Thumb Code    56  d2f.o(.text)
    __aeabi_uidiv                            0x08000301   Thumb Code     0  uidiv.o(.text)
    __aeabi_uidivmod                         0x08000301   Thumb Code    44  uidiv.o(.text)
    __aeabi_llsl                             0x0800032d   Thumb Code    30  llshl.o(.text)
    _ll_shift_l                              0x0800032d   Thumb Code     0  llshl.o(.text)
    __aeabi_llsr                             0x0800034b   Thumb Code    32  llushr.o(.text)
    _ll_ushift_r                             0x0800034b   Thumb Code     0  llushr.o(.text)
    __strtod_int                             0x080003ab   Thumb Code    94  strtod.o(.text)
    strtol                                   0x08000415   Thumb Code   112  strtol.o(.text)
    __I$use$fp                               0x08000485   Thumb Code     0  iusefp.o(.text)
    _float_round                             0x08000485   Thumb Code    18  fepilogue.o(.text)
    _float_epilogue                          0x08000497   Thumb Code    92  fepilogue.o(.text)
    _double_round                            0x080004f3   Thumb Code    30  depilogue.o(.text)
    _double_epilogue                         0x08000511   Thumb Code   156  depilogue.o(.text)
    __aeabi_dadd                             0x080005ad   Thumb Code   322  dadd.o(.text)
    __aeabi_dsub                             0x080006ef   Thumb Code     6  dadd.o(.text)
    __aeabi_drsub                            0x080006f5   Thumb Code     6  dadd.o(.text)
    __aeabi_ddiv                             0x080006fb   Thumb Code   222  ddiv.o(.text)
    __aeabi_d2ulz                            0x080007d9   Thumb Code    48  dfixul.o(.text)
    __aeabi_cdrcmple                         0x08000809   Thumb Code    48  cdrcmple.o(.text)
    __scatterload                            0x08000839   Thumb Code    38  init.o(.text)
    __scatterload_rt2                        0x08000839   Thumb Code     0  init.o(.text)
    __aeabi_lasr                             0x08000869   Thumb Code    36  llsshr.o(.text)
    _ll_sshift_r                             0x08000869   Thumb Code     0  llsshr.o(.text)
    __rt_ctype_table                         0x0800088d   Thumb Code     4  ctype_o.o(.text)
    isspace                                  0x08000895   Thumb Code    18  isspace_o.o(.text)
    _scanf_real                              0x080009d1   Thumb Code     0  scanf_fp.o(.text)
    _scanf_really_real                       0x080009d1   Thumb Code   556  scanf_fp.o(.text)
    _sgetc                                   0x08000c09   Thumb Code    30  _sgetc.o(.text)
    _sbackspace                              0x08000c27   Thumb Code    34  _sgetc.o(.text)
    _strtoul                                 0x08000c49   Thumb Code   158  _strtoul.o(.text)
    _chval                                   0x08000ce7   Thumb Code    28  _chval.o(.text)
    __aeabi_ul2d                             0x08000d03   Thumb Code    24  dfltul.o(.text)
    BluetoothTune_Init                       0x08000d1d   Thumb Code    74  bluetooth_tuning.o(.text.BluetoothTune_Init)
    BluetoothTune_RxIrqHandler               0x08000d69   Thumb Code    76  bluetooth_tuning.o(.text.BluetoothTune_RxIrqHandler)
    BluetoothTune_SendWaveform               0x08000db5   Thumb Code    86  bluetooth_tuning.o(.text.BluetoothTune_SendWaveform)
    BluetoothTune_Service                    0x08000e0d   Thumb Code   138  bluetooth_tuning.o(.text.BluetoothTune_Service)
    BusFault_Handler                         0x08000e99   Thumb Code     4  gd32f30x_it.o(.text.BusFault_Handler)
    Control_GetData                          0x08000ee5   Thumb Code    60  control.o(.text.Control_GetData)
    Control_GetPid                           0x08000f21   Thumb Code    38  control.o(.text.Control_GetPid)
    Control_Init                             0x08000f49   Thumb Code   152  control.o(.text.Control_Init)
    Control_SetLeftTarget                    0x08000fe5   Thumb Code    32  control.o(.text.Control_SetLeftTarget)
    Control_SetPid                           0x08001005   Thumb Code   224  control.o(.text.Control_SetPid)
    Control_SetRightTarget                   0x080010e9   Thumb Code    32  control.o(.text.Control_SetRightTarget)
    Control_SetSineTarget                    0x08001109   Thumb Code   242  control.o(.text.Control_SetSineTarget)
    Control_SetSpeedTarget                   0x080011fd   Thumb Code   170  control.o(.text.Control_SetSpeedTarget)
    Control_Stop                             0x080012a9   Thumb Code    80  control.o(.text.Control_Stop)
    Control_Task                             0x080012f9   Thumb Code   188  control.o(.text.Control_Task)
    DebugMon_Handler                         0x080013b5   Thumb Code     2  gd32f30x_it.o(.text.DebugMon_Handler)
    EXTI0_IRQHandler                         0x080013b9   Thumb Code     2  gd32f30x_it.o(.text.EXTI0_IRQHandler)
    EXTI10_15_IRQHandler                     0x080013bd   Thumb Code     2  gd32f30x_it.o(.text.EXTI10_15_IRQHandler)
    EXTI1_IRQHandler                         0x080013c1   Thumb Code     2  gd32f30x_it.o(.text.EXTI1_IRQHandler)
    EXTI2_IRQHandler                         0x080013c5   Thumb Code     2  gd32f30x_it.o(.text.EXTI2_IRQHandler)
    EXTI3_IRQHandler                         0x080013c9   Thumb Code     2  gd32f30x_it.o(.text.EXTI3_IRQHandler)
    EXTI4_IRQHandler                         0x080013cd   Thumb Code     2  gd32f30x_it.o(.text.EXTI4_IRQHandler)
    EXTI5_9_IRQHandler                       0x080013d1   Thumb Code     2  gd32f30x_it.o(.text.EXTI5_9_IRQHandler)
    HardFault_Handler                        0x08001409   Thumb Code     4  gd32f30x_it.o(.text.HardFault_Handler)
    I2C0_EV_IRQHandler                       0x0800140d   Thumb Code     2  gd32f30x_it.o(.text.I2C0_EV_IRQHandler)
    I2C1_EV_IRQHandler                       0x08001411   Thumb Code     2  gd32f30x_it.o(.text.I2C1_EV_IRQHandler)
    Init_TOF400C                             0x08001415   Thumb Code   150  dmx_tof400c.o(.text.Init_TOF400C)
    MemManage_Handler                        0x080014ad   Thumb Code     4  gd32f30x_it.o(.text.MemManage_Handler)
    NMI_Handler                              0x080014b1   Thumb Code     2  gd32f30x_it.o(.text.NMI_Handler)
    PendSV_Handler                           0x080014f9   Thumb Code     2  gd32f30x_it.o(.text.PendSV_Handler)
    SPI0_IRQHandler                          0x080014fd   Thumb Code     2  gd32f30x_it.o(.text.SPI0_IRQHandler)
    SPI1_IRQHandler                          0x08001501   Thumb Code     2  gd32f30x_it.o(.text.SPI1_IRQHandler)
    SPI2_IRQHandler                          0x08001505   Thumb Code     2  gd32f30x_it.o(.text.SPI2_IRQHandler)
    SVC_Handler                              0x08001509   Thumb Code     2  gd32f30x_it.o(.text.SVC_Handler)
    SysTick_Handler                          0x08001561   Thumb Code    50  hf_systick.o(.text.SysTick_Handler)
    SystemInit                               0x08001595   Thumb Code   224  system_gd32f30x.o(.text.SystemInit)
    TIMER0_Channel_IRQHandler                0x08001675   Thumb Code     2  gd32f30x_it.o(.text.TIMER0_Channel_IRQHandler)
    TIMER1_IRQHandler                        0x08001679   Thumb Code     2  gd32f30x_it.o(.text.TIMER1_IRQHandler)
    TIMER2_IRQHandler                        0x0800167d   Thumb Code     2  gd32f30x_it.o(.text.TIMER2_IRQHandler)
    TIMER3_IRQHandler                        0x08001681   Thumb Code     2  gd32f30x_it.o(.text.TIMER3_IRQHandler)
    TIMER4_IRQHandler                        0x08001685   Thumb Code     2  gd32f30x_it.o(.text.TIMER4_IRQHandler)
    TIMER5_IRQHandler                        0x08001689   Thumb Code     2  gd32f30x_it.o(.text.TIMER5_IRQHandler)
    TIMER6_IRQHandler                        0x0800168d   Thumb Code     2  gd32f30x_it.o(.text.TIMER6_IRQHandler)
    TIMER7_Channel_IRQHandler                0x08001691   Thumb Code     2  gd32f30x_it.o(.text.TIMER7_Channel_IRQHandler)
    UART3_IRQHandler                         0x08001ac5   Thumb Code     2  gd32f30x_it.o(.text.UART3_IRQHandler)
    UART4_IRQHandler                         0x08001ac9   Thumb Code     2  gd32f30x_it.o(.text.UART4_IRQHandler)
    USART0_IRQHandler                        0x08001acd   Thumb Code     2  gd32f30x_it.o(.text.USART0_IRQHandler)
    USART1_IRQHandler                        0x08001ad1   Thumb Code     8  gd32f30x_it.o(.text.USART1_IRQHandler)
    USART2_IRQHandler                        0x08001ad9   Thumb Code     2  gd32f30x_it.o(.text.USART2_IRQHandler)
    UsageFault_Handler                       0x08001add   Thumb Code     4  gd32f30x_it.o(.text.UsageFault_Handler)
    adc_calibration_enable                   0x08001ae1   Thumb Code    60  gd32f30x_adc.o(.text.adc_calibration_enable)
    adc_channel_init                         0x08001b1d   Thumb Code    24  car_adc.o(.text.adc_channel_init)
    adc_data_alignment_config                0x08001b35   Thumb Code    40  gd32f30x_adc.o(.text.adc_data_alignment_config)
    adc_deinit                               0x08001b5d   Thumb Code    82  gd32f30x_adc.o(.text.adc_deinit)
    adc_enable                               0x08001bb1   Thumb Code    30  gd32f30x_adc.o(.text.adc_enable)
    adc_external_trigger_config              0x08001bd1   Thumb Code   120  gd32f30x_adc.o(.text.adc_external_trigger_config)
    adc_external_trigger_source_config       0x08001c49   Thumb Code    82  gd32f30x_adc.o(.text.adc_external_trigger_source_config)
    adc_init                                 0x08001c9d   Thumb Code   486  hf_adc.o(.text.adc_init)
    adc_special_function_config              0x08001e85   Thumb Code   166  gd32f30x_adc.o(.text.adc_special_function_config)
    board_led_init                           0x08002a9d   Thumb Code   100  board.o(.text.board_led_init)
    buzzer_duty                              0x08002b01   Thumb Code    36  car_buzzer.o(.text.buzzer_duty)
    buzzer_init                              0x08002b25   Thumb Code    50  car_buzzer.o(.text.buzzer_init)
    car_both_rgb_off                         0x08002b59   Thumb Code    30  car_light.o(.text.car_both_rgb_off)
    car_init                                 0x08002b79   Thumb Code   184  car_init.o(.text.car_init)
    delay_1ms                                0x08002e69   Thumb Code    54  hf_systick.o(.text.delay_1ms)
    delay_1us                                0x08002ea1   Thumb Code   160  hf_systick.o(.text.delay_1us)
    encoder_timer_config                     0x08002f41   Thumb Code   206  encoder.o(.text.encoder_timer_config)
    fputc                                    0x08003011   Thumb Code    52  hf_uart.o(.text.fputc)
    get_current_time_us                      0x08003045   Thumb Code   126  hf_systick.o(.text.get_current_time_us)
    gpio_bit_output                          0x080030c5   Thumb Code    12  hf_gpio.o(.text.gpio_bit_output)
    gpio_bit_reset                           0x080030d1   Thumb Code    16  gd32f30x_gpio.o(.text.gpio_bit_reset)
    gpio_bit_set                             0x080030e1   Thumb Code    16  gd32f30x_gpio.o(.text.gpio_bit_set)
    gpio_get_input                           0x080030f1   Thumb Code    14  hf_gpio.o(.text.gpio_get_input)
    gpio_init                                0x08003101   Thumb Code   388  gd32f30x_gpio.o(.text.gpio_init)
    gpio_input_bit_get                       0x08003285   Thumb Code    42  gd32f30x_gpio.o(.text.gpio_input_bit_get)
    gpio_pin_init                            0x080032b1   Thumb Code    64  hf_gpio.o(.text.gpio_pin_init)
    int_init                                 0x08003311   Thumb Code     2  car_init.o(.text.int_init)
    key_init                                 0x08003315   Thumb Code   126  car_6keys.o(.text.key_init)
    main                                     0x08003395   Thumb Code    74  main.o(.text.main)
    motor_backward                           0x080033e1   Thumb Code   136  hf_double_dc_motor.o(.text.motor_backward)
    motor_forward                            0x08003469   Thumb Code   138  hf_double_dc_motor.o(.text.motor_forward)
    motor_init                               0x080034f5   Thumb Code   226  hf_double_dc_motor.o(.text.motor_init)
    motor_set                                0x080035d9   Thumb Code   300  hf_double_dc_motor.o(.text.motor_set)
    nvic_irq_enable                          0x08003705   Thumb Code   296  gd32f30x_misc.o(.text.nvic_irq_enable)
    nvic_priority_group_set                  0x0800382d   Thumb Code    28  gd32f30x_misc.o(.text.nvic_priority_group_set)
    pwm_duty                                 0x080038a5   Thumb Code   244  hf_pwm.o(.text.pwm_duty)
    pwm_init                                 0x080039ed   Thumb Code   478  hf_pwm.o(.text.pwm_init)
    rcu_adc_clock_config                     0x08003bcd   Thumb Code   180  gd32f30x_rcu.o(.text.rcu_adc_clock_config)
    rcu_clock_freq_get                       0x08003c81   Thumb Code   602  gd32f30x_rcu.o(.text.rcu_clock_freq_get)
    rcu_periph_clock_enable                  0x08003edd   Thumb Code    40  gd32f30x_rcu.o(.text.rcu_periph_clock_enable)
    rcu_periph_reset_disable                 0x08003f05   Thumb Code    40  gd32f30x_rcu.o(.text.rcu_periph_reset_disable)
    rcu_periph_reset_enable                  0x08003f2d   Thumb Code    40  gd32f30x_rcu.o(.text.rcu_periph_reset_enable)
    reed_init                                0x08003f55   Thumb Code    20  car_reed.o(.text.reed_init)
    systick_config                           0x08004285   Thumb Code   158  hf_systick.o(.text.systick_config)
    timer_auto_reload_shadow_enable          0x08004325   Thumb Code    18  gd32f30x_timer.o(.text.timer_auto_reload_shadow_enable)
    timer_channel_input_capture_prescaler_config 0x08004339   Thumb Code   140  gd32f30x_timer.o(.text.timer_channel_input_capture_prescaler_config)
    timer_channel_output_config              0x080043c5   Thumb Code   720  gd32f30x_timer.o(.text.timer_channel_output_config)
    timer_channel_output_mode_config         0x08004695   Thumb Code   140  gd32f30x_timer.o(.text.timer_channel_output_mode_config)
    timer_channel_output_pulse_value_config  0x08004721   Thumb Code    70  gd32f30x_timer.o(.text.timer_channel_output_pulse_value_config)
    timer_channel_output_shadow_config       0x08004769   Thumb Code   140  gd32f30x_timer.o(.text.timer_channel_output_shadow_config)
    timer_deinit                             0x080047f5   Thumb Code   490  gd32f30x_timer.o(.text.timer_deinit)
    timer_disable                            0x080049e1   Thumb Code    18  gd32f30x_timer.o(.text.timer_disable)
    timer_enable                             0x080049f5   Thumb Code    18  gd32f30x_timer.o(.text.timer_enable)
    timer_flag_clear                         0x08004a09   Thumb Code    18  gd32f30x_timer.o(.text.timer_flag_clear)
    timer_flag_get                           0x08004a1d   Thumb Code    42  gd32f30x_timer.o(.text.timer_flag_get)
    timer_init                               0x08004a49   Thumb Code   260  gd32f30x_timer.o(.text.timer_init)
    timer_input_capture_config               0x08004b4d   Thumb Code   426  gd32f30x_timer.o(.text.timer_input_capture_config)
    timer_primary_output_config              0x08004cf9   Thumb Code    46  gd32f30x_timer.o(.text.timer_primary_output_config)
    timer_quadrature_decoder_mode_config     0x08004d29   Thumb Code   102  gd32f30x_timer.o(.text.timer_quadrature_decoder_mode_config)
    timer_struct_para_init                   0x08004d91   Thumb Code    38  gd32f30x_timer.o(.text.timer_struct_para_init)
    uart0_init                               0x08004db9   Thumb Code    44  car_uart.o(.text.uart0_init)
    uart1_init                               0x08004de5   Thumb Code    40  car_uart.o(.text.uart1_init)
    uart_init                                0x08004e0d   Thumb Code   620  hf_uart.o(.text.uart_init)
    uart_interrupt_init                      0x08005079   Thumb Code    66  hf_uart.o(.text.uart_interrupt_init)
    uart_putchar                             0x080050bd   Thumb Code    36  hf_uart.o(.text.uart_putchar)
    uart_query                               0x080050e1   Thumb Code    54  hf_uart.o(.text.uart_query)
    uart_send_char                           0x08005119   Thumb Code    24  car_uart.o(.text.uart_send_char)
    ultra_init                               0x08005131   Thumb Code    60  hf_hc-sr04.o(.text.ultra_init)
    update_encoder_values                    0x0800516d   Thumb Code   298  encoder.o(.text.update_encoder_values)
    usart_baudrate_set                       0x08005299   Thumb Code   202  gd32f30x_usart.o(.text.usart_baudrate_set)
    usart_data_receive                       0x08005365   Thumb Code    16  gd32f30x_usart.o(.text.usart_data_receive)
    usart_data_transmit                      0x08005375   Thumb Code    20  gd32f30x_usart.o(.text.usart_data_transmit)
    usart_deinit                             0x08005389   Thumb Code   184  gd32f30x_usart.o(.text.usart_deinit)
    usart_enable                             0x08005441   Thumb Code    18  gd32f30x_usart.o(.text.usart_enable)
    usart_flag_get                           0x08005455   Thumb Code    58  gd32f30x_usart.o(.text.usart_flag_get)
    usart_interrupt_disable                  0x08005491   Thumb Code    36  gd32f30x_usart.o(.text.usart_interrupt_disable)
    usart_interrupt_enable                   0x080054b5   Thumb Code    36  gd32f30x_usart.o(.text.usart_interrupt_enable)
    usart_receive_config                     0x080054d9   Thumb Code    42  gd32f30x_usart.o(.text.usart_receive_config)
    usart_transmit_config                    0x08005505   Thumb Code    42  gd32f30x_usart.o(.text.usart_transmit_config)
    ws2812b_init                             0x08005531   Thumb Code    64  hf_ws2812b.o(.text.ws2812b_init)
    ws2812b_write                            0x08005571   Thumb Code   198  hf_ws2812b.o(.text.ws2812b_write)
    __0printf                                0x08005639   Thumb Code    22  printfa.o(i.__0printf)
    __1printf                                0x08005639   Thumb Code     0  printfa.o(i.__0printf)
    __2printf                                0x08005639   Thumb Code     0  printfa.o(i.__0printf)
    __c89printf                              0x08005639   Thumb Code     0  printfa.o(i.__0printf)
    printf                                   0x08005639   Thumb Code     0  printfa.o(i.__0printf)
    __0sprintf                               0x08005659   Thumb Code    34  printfa.o(i.__0sprintf)
    __1sprintf                               0x08005659   Thumb Code     0  printfa.o(i.__0sprintf)
    __2sprintf                               0x08005659   Thumb Code     0  printfa.o(i.__0sprintf)
    __c89sprintf                             0x08005659   Thumb Code     0  printfa.o(i.__0sprintf)
    sprintf                                  0x08005659   Thumb Code     0  printfa.o(i.__0sprintf)
    __aeabi_errno_addr                       0x08005681   Thumb Code     4  errno.o(i.__aeabi_errno_addr)
    __rt_errno_addr                          0x08005681   Thumb Code     0  errno.o(i.__aeabi_errno_addr)
    __hardfp_atof                            0x08005689   Thumb Code    46  atof.o(i.__hardfp_atof)
    __read_errno                             0x080056c1   Thumb Code     6  errno.o(i.__read_errno)
    __scatterload_copy                       0x080056cd   Thumb Code    14  handlers.o(i.__scatterload_copy)
    __scatterload_null                       0x080056db   Thumb Code     2  handlers.o(i.__scatterload_null)
    __scatterload_zeroinit                   0x080056dd   Thumb Code    14  handlers.o(i.__scatterload_zeroinit)
    __set_errno                              0x080056ed   Thumb Code     6  errno.o(i.__set_errno)
    _is_digit                                0x0800587d   Thumb Code    14  scanf_fp.o(i._is_digit)
    __ctype_table                            0x08005fc4   Data         129  ctype_o.o(.constdata)
    Region$$Table$$Base                      0x080061f0   Number         0  anon$$obj.o(Region$$Table)
    Region$$Table$$Limit                     0x08006210   Number         0  anon$$obj.o(Region$$Table)
    __stdout                                 0x20000000   Data           4  stdout.o(.data)
    SystemCoreClock                          0x20000008   Data           4  system_gd32f30x.o(.data.SystemCoreClock)
    VL51L1X_CONFIGURATION                    0x2000000c   Data         135  dmx_tof400c.o(.data.VL51L1X_CONFIGURATION)
    g_millis                                 0x200001d0   Data           4  hf_systick.o(.bss.g_millis)
    motor1_count                             0x200001dc   Data           4  encoder.o(.bss.motor1_count)
    motor1_dir                               0x200001e0   Data           1  encoder.o(.bss.motor1_dir)
    motor2_count                             0x200001e4   Data           4  encoder.o(.bss.motor2_count)
    motor2_dir                               0x200001e8   Data           1  encoder.o(.bss.motor2_dir)
    period                                   0x200001ea   Data          12  hf_pwm.o(.bss.period)
    __initial_sp                             0x20000648   Data           0  startup_gd32f30x_hd.o(STACK)



==============================================================================

Memory Map of the image

  Image Entry point : 0x08000131

  Load Region LR_IROM1 (Base: 0x08000000, Size: 0x00006318, Max: 0x00040000, ABSOLUTE)

    Execution Region ER_IROM1 (Exec base: 0x08000000, Load base: 0x08000000, Size: 0x00006210, Max: 0x00040000, ABSOLUTE)

    Exec Addr    Load Addr    Size         Type   Attr      Idx    E Section Name        Object

    0x08000000   0x08000000   0x00000130   Data   RO          106    RESET               startup_gd32f30x_hd.o
    0x08000130   0x08000130   0x00000000   Code   RO         2467  * .ARM.Collect$$$$00000000  mc_w.l(entry.o)
    0x08000130   0x08000130   0x00000004   Code   RO         2512    .ARM.Collect$$$$00000001  mc_w.l(entry2.o)
    0x08000134   0x08000134   0x00000004   Code   RO         2515    .ARM.Collect$$$$00000004  mc_w.l(entry5.o)
    0x08000138   0x08000138   0x00000000   Code   RO         2517    .ARM.Collect$$$$00000008  mc_w.l(entry7b.o)
    0x08000138   0x08000138   0x00000000   Code   RO         2519    .ARM.Collect$$$$0000000A  mc_w.l(entry8b.o)
    0x08000138   0x08000138   0x00000008   Code   RO         2520    .ARM.Collect$$$$0000000B  mc_w.l(entry9a.o)
    0x08000140   0x08000140   0x00000000   Code   RO         2522    .ARM.Collect$$$$0000000D  mc_w.l(entry10a.o)
    0x08000140   0x08000140   0x00000000   Code   RO         2524    .ARM.Collect$$$$0000000F  mc_w.l(entry11a.o)
    0x08000140   0x08000140   0x00000004   Code   RO         2513    .ARM.Collect$$$$00002712  mc_w.l(entry2.o)
    0x08000144   0x08000144   0x00000024   Code   RO          107    .text               startup_gd32f30x_hd.o
    0x08000168   0x08000168   0x00000062   Code   RO         2470    .text               mc_w.l(uldiv.o)
    0x080001ca   0x080001ca   0x0000001a   Code   RO         2500    .text               mc_w.l(atol.o)
    0x080001e4   0x080001e4   0x000000e4   Code   RO         2502    .text               mf_w.l(dmul.o)
    0x080002c8   0x080002c8   0x00000038   Code   RO         2510    .text               mf_w.l(d2f.o)
    0x08000300   0x08000300   0x0000002c   Code   RO         2536    .text               mc_w.l(uidiv.o)
    0x0800032c   0x0800032c   0x0000001e   Code   RO         2538    .text               mc_w.l(llshl.o)
    0x0800034a   0x0800034a   0x00000020   Code   RO         2540    .text               mc_w.l(llushr.o)
    0x0800036a   0x0800036a   0x00000002   PAD
    0x0800036c   0x0800036c   0x000000a8   Code   RO         2549    .text               mc_w.l(strtod.o)
    0x08000414   0x08000414   0x00000070   Code   RO         2551    .text               mc_w.l(strtol.o)
    0x08000484   0x08000484   0x00000000   Code   RO         2553    .text               mc_w.l(iusefp.o)
    0x08000484   0x08000484   0x0000006e   Code   RO         2554    .text               mf_w.l(fepilogue.o)
    0x080004f2   0x080004f2   0x000000ba   Code   RO         2556    .text               mf_w.l(depilogue.o)
    0x080005ac   0x080005ac   0x0000014e   Code   RO         2558    .text               mf_w.l(dadd.o)
    0x080006fa   0x080006fa   0x000000de   Code   RO         2560    .text               mf_w.l(ddiv.o)
    0x080007d8   0x080007d8   0x00000030   Code   RO         2562    .text               mf_w.l(dfixul.o)
    0x08000808   0x08000808   0x00000030   Code   RO         2564    .text               mf_w.l(cdrcmple.o)
    0x08000838   0x08000838   0x00000030   Code   RO         2566    .text               mc_w.l(init.o)
    0x08000868   0x08000868   0x00000024   Code   RO         2568    .text               mc_w.l(llsshr.o)
    0x0800088c   0x0800088c   0x00000008   Code   RO         2572    .text               mc_w.l(ctype_o.o)
    0x08000894   0x08000894   0x00000012   Code   RO         2594    .text               mc_w.l(isspace_o.o)
    0x080008a6   0x080008a6   0x00000002   PAD
    0x080008a8   0x080008a8   0x00000360   Code   RO         2600    .text               mc_w.l(scanf_fp.o)
    0x08000c08   0x08000c08   0x00000040   Code   RO         2604    .text               mc_w.l(_sgetc.o)
    0x08000c48   0x08000c48   0x0000009e   Code   RO         2606    .text               mc_w.l(_strtoul.o)
    0x08000ce6   0x08000ce6   0x0000001c   Code   RO         2611    .text               mc_w.l(_chval.o)
    0x08000d02   0x08000d02   0x00000018   Code   RO         2613    .text               mf_w.l(dfltul.o)
    0x08000d1a   0x08000d1a   0x00000002   PAD
    0x08000d1c   0x08000d1c   0x0000004a   Code   RO         2398    .text.BluetoothTune_Init  bluetooth_tuning.o
    0x08000d66   0x08000d66   0x00000002   PAD
    0x08000d68   0x08000d68   0x0000004c   Code   RO         2410    .text.BluetoothTune_RxIrqHandler  bluetooth_tuning.o
    0x08000db4   0x08000db4   0x00000056   Code   RO         2414    .text.BluetoothTune_SendWaveform  bluetooth_tuning.o
    0x08000e0a   0x08000e0a   0x00000002   PAD
    0x08000e0c   0x08000e0c   0x0000008a   Code   RO         2400    .text.BluetoothTune_Service  bluetooth_tuning.o
    0x08000e96   0x08000e96   0x00000002   PAD
    0x08000e98   0x08000e98   0x00000004   Code   RO            8    .text.BusFault_Handler  gd32f30x_it.o
    0x08000e9c   0x08000e9c   0x00000046   Code   RO          386    .text.Check_TOF400C  dmx_tof400c.o
    0x08000ee2   0x08000ee2   0x00000002   PAD
    0x08000ee4   0x08000ee4   0x0000003c   Code   RO         2370    .text.Control_GetData  control.o
    0x08000f20   0x08000f20   0x00000026   Code   RO         2368    .text.Control_GetPid  control.o
    0x08000f46   0x08000f46   0x00000002   PAD
    0x08000f48   0x08000f48   0x0000009c   Code   RO         2340    .text.Control_Init  control.o
    0x08000fe4   0x08000fe4   0x00000020   Code   RO         2358    .text.Control_SetLeftTarget  control.o
    0x08001004   0x08001004   0x000000e4   Code   RO         2366    .text.Control_SetPid  control.o
    0x080010e8   0x080010e8   0x00000020   Code   RO         2360    .text.Control_SetRightTarget  control.o
    0x08001108   0x08001108   0x000000f2   Code   RO         2362    .text.Control_SetSineTarget  control.o
    0x080011fa   0x080011fa   0x00000002   PAD
    0x080011fc   0x080011fc   0x000000aa   Code   RO         2356    .text.Control_SetSpeedTarget  control.o
    0x080012a6   0x080012a6   0x00000002   PAD
    0x080012a8   0x080012a8   0x00000050   Code   RO         2352    .text.Control_Stop  control.o
    0x080012f8   0x080012f8   0x000000bc   Code   RO         2344    .text.Control_Task  control.o
    0x080013b4   0x080013b4   0x00000002   Code   RO           14    .text.DebugMon_Handler  gd32f30x_it.o
    0x080013b6   0x080013b6   0x00000002   PAD
    0x080013b8   0x080013b8   0x00000002   Code   RO           18    .text.EXTI0_IRQHandler  gd32f30x_it.o
    0x080013ba   0x080013ba   0x00000002   PAD
    0x080013bc   0x080013bc   0x00000002   Code   RO           30    .text.EXTI10_15_IRQHandler  gd32f30x_it.o
    0x080013be   0x080013be   0x00000002   PAD
    0x080013c0   0x080013c0   0x00000002   Code   RO           20    .text.EXTI1_IRQHandler  gd32f30x_it.o
    0x080013c2   0x080013c2   0x00000002   PAD
    0x080013c4   0x080013c4   0x00000002   Code   RO           22    .text.EXTI2_IRQHandler  gd32f30x_it.o
    0x080013c6   0x080013c6   0x00000002   PAD
    0x080013c8   0x080013c8   0x00000002   Code   RO           24    .text.EXTI3_IRQHandler  gd32f30x_it.o
    0x080013ca   0x080013ca   0x00000002   PAD
    0x080013cc   0x080013cc   0x00000002   Code   RO           26    .text.EXTI4_IRQHandler  gd32f30x_it.o
    0x080013ce   0x080013ce   0x00000002   PAD
    0x080013d0   0x080013d0   0x00000002   Code   RO           28    .text.EXTI5_9_IRQHandler  gd32f30x_it.o
    0x080013d2   0x080013d2   0x00000002   PAD
    0x080013d4   0x080013d4   0x00000032   Code   RO          396    .text.Get_IntPol_TOF400C  dmx_tof400c.o
    0x08001406   0x08001406   0x00000002   PAD
    0x08001408   0x08001408   0x00000004   Code   RO            4    .text.HardFault_Handler  gd32f30x_it.o
    0x0800140c   0x0800140c   0x00000002   Code   RO           48    .text.I2C0_EV_IRQHandler  gd32f30x_it.o
    0x0800140e   0x0800140e   0x00000002   PAD
    0x08001410   0x08001410   0x00000002   Code   RO           50    .text.I2C1_EV_IRQHandler  gd32f30x_it.o
    0x08001412   0x08001412   0x00000002   PAD
    0x08001414   0x08001414   0x00000096   Code   RO          380    .text.Init_TOF400C  dmx_tof400c.o
    0x080014aa   0x080014aa   0x00000002   PAD
    0x080014ac   0x080014ac   0x00000004   Code   RO            6    .text.MemManage_Handler  gd32f30x_it.o
    0x080014b0   0x080014b0   0x00000002   Code   RO            2    .text.NMI_Handler   gd32f30x_it.o
    0x080014b2   0x080014b2   0x00000002   PAD
    0x080014b4   0x080014b4   0x00000044   Code   RO          278    .text.NVIC_SetPriority  hf_systick.o
    0x080014f8   0x080014f8   0x00000002   Code   RO           16    .text.PendSV_Handler  gd32f30x_it.o
    0x080014fa   0x080014fa   0x00000002   PAD
    0x080014fc   0x080014fc   0x00000002   Code   RO           52    .text.SPI0_IRQHandler  gd32f30x_it.o
    0x080014fe   0x080014fe   0x00000002   PAD
    0x08001500   0x08001500   0x00000002   Code   RO           54    .text.SPI1_IRQHandler  gd32f30x_it.o
    0x08001502   0x08001502   0x00000002   PAD
    0x08001504   0x08001504   0x00000002   Code   RO           56    .text.SPI2_IRQHandler  gd32f30x_it.o
    0x08001506   0x08001506   0x00000002   PAD
    0x08001508   0x08001508   0x00000002   Code   RO           12    .text.SVC_Handler   gd32f30x_it.o
    0x0800150a   0x0800150a   0x00000002   PAD
    0x0800150c   0x0800150c   0x00000052   Code   RO          276    .text.SysTick_Config  hf_systick.o
    0x0800155e   0x0800155e   0x00000002   PAD
    0x08001560   0x08001560   0x00000032   Code   RO          286    .text.SysTick_Handler  hf_systick.o
    0x08001592   0x08001592   0x00000002   PAD
    0x08001594   0x08001594   0x000000e0   Code   RO           88    .text.SystemInit    system_gd32f30x.o
    0x08001674   0x08001674   0x00000002   Code   RO           32    .text.TIMER0_Channel_IRQHandler  gd32f30x_it.o
    0x08001676   0x08001676   0x00000002   PAD
    0x08001678   0x08001678   0x00000002   Code   RO           34    .text.TIMER1_IRQHandler  gd32f30x_it.o
    0x0800167a   0x0800167a   0x00000002   PAD
    0x0800167c   0x0800167c   0x00000002   Code   RO           36    .text.TIMER2_IRQHandler  gd32f30x_it.o
    0x0800167e   0x0800167e   0x00000002   PAD
    0x08001680   0x08001680   0x00000002   Code   RO           38    .text.TIMER3_IRQHandler  gd32f30x_it.o
    0x08001682   0x08001682   0x00000002   PAD
    0x08001684   0x08001684   0x00000002   Code   RO           40    .text.TIMER4_IRQHandler  gd32f30x_it.o
    0x08001686   0x08001686   0x00000002   PAD
    0x08001688   0x08001688   0x00000002   Code   RO           42    .text.TIMER5_IRQHandler  gd32f30x_it.o
    0x0800168a   0x0800168a   0x00000002   PAD
    0x0800168c   0x0800168c   0x00000002   Code   RO           44    .text.TIMER6_IRQHandler  gd32f30x_it.o
    0x0800168e   0x0800168e   0x00000002   PAD
    0x08001690   0x08001690   0x00000002   Code   RO           46    .text.TIMER7_Channel_IRQHandler  gd32f30x_it.o
    0x08001692   0x08001692   0x00000002   PAD
    0x08001694   0x08001694   0x000000cc   Code   RO          408    .text.TOF400C_Read_Char  dmx_tof400c.o
    0x08001760   0x08001760   0x0000001a   Code   RO          392    .text.TOF400C_Read_Data  dmx_tof400c.o
    0x0800177a   0x0800177a   0x00000002   PAD
    0x0800177c   0x0800177c   0x0000008e   Code   RO          406    .text.TOF400C_Read_Datas  dmx_tof400c.o
    0x0800180a   0x0800180a   0x00000002   PAD
    0x0800180c   0x0800180c   0x0000007a   Code   RO          410    .text.TOF400C_Sendack  dmx_tof400c.o
    0x08001886   0x08001886   0x00000002   PAD
    0x08001888   0x08001888   0x0000004c   Code   RO          398    .text.TOF400C_Start  dmx_tof400c.o
    0x080018d4   0x080018d4   0x00000052   Code   RO          402    .text.TOF400C_Stop  dmx_tof400c.o
    0x08001926   0x08001926   0x00000002   PAD
    0x08001928   0x08001928   0x00000076   Code   RO          404    .text.TOF400C_Waitack  dmx_tof400c.o
    0x0800199e   0x0800199e   0x00000002   PAD
    0x080019a0   0x080019a0   0x0000008e   Code   RO          400    .text.TOF400C_Write_Char  dmx_tof400c.o
    0x08001a2e   0x08001a2e   0x00000002   PAD
    0x08001a30   0x08001a30   0x0000001e   Code   RO          388    .text.TOF400C_Write_Data  dmx_tof400c.o
    0x08001a4e   0x08001a4e   0x00000002   PAD
    0x08001a50   0x08001a50   0x00000046   Code   RO          382    .text.TOF400C_Write_Datas  dmx_tof400c.o
    0x08001a96   0x08001a96   0x00000002   PAD
    0x08001a98   0x08001a98   0x0000002a   Code   RO          384    .text.TOF400C_Write_Word_Data  dmx_tof400c.o
    0x08001ac2   0x08001ac2   0x00000002   PAD
    0x08001ac4   0x08001ac4   0x00000002   Code   RO           64    .text.UART3_IRQHandler  gd32f30x_it.o
    0x08001ac6   0x08001ac6   0x00000002   PAD
    0x08001ac8   0x08001ac8   0x00000002   Code   RO           66    .text.UART4_IRQHandler  gd32f30x_it.o
    0x08001aca   0x08001aca   0x00000002   PAD
    0x08001acc   0x08001acc   0x00000002   Code   RO           58    .text.USART0_IRQHandler  gd32f30x_it.o
    0x08001ace   0x08001ace   0x00000002   PAD
    0x08001ad0   0x08001ad0   0x00000008   Code   RO           60    .text.USART1_IRQHandler  gd32f30x_it.o
    0x08001ad8   0x08001ad8   0x00000002   Code   RO           62    .text.USART2_IRQHandler  gd32f30x_it.o
    0x08001ada   0x08001ada   0x00000002   PAD
    0x08001adc   0x08001adc   0x00000004   Code   RO           10    .text.UsageFault_Handler  gd32f30x_it.o
    0x08001ae0   0x08001ae0   0x0000003c   Code   RO          427    .text.adc_calibration_enable  gd32f30x_adc.o
    0x08001b1c   0x08001b1c   0x00000018   Code   RO         2154    .text.adc_channel_init  car_adc.o
    0x08001b34   0x08001b34   0x00000028   Code   RO          445    .text.adc_data_alignment_config  gd32f30x_adc.o
    0x08001b5c   0x08001b5c   0x00000052   Code   RO          421    .text.adc_deinit    gd32f30x_adc.o
    0x08001bae   0x08001bae   0x00000002   PAD
    0x08001bb0   0x08001bb0   0x0000001e   Code   RO          423    .text.adc_enable    gd32f30x_adc.o
    0x08001bce   0x08001bce   0x00000002   PAD
    0x08001bd0   0x08001bd0   0x00000078   Code   RO          455    .text.adc_external_trigger_config  gd32f30x_adc.o
    0x08001c48   0x08001c48   0x00000052   Code   RO          457    .text.adc_external_trigger_source_config  gd32f30x_adc.o
    0x08001c9a   0x08001c9a   0x00000002   PAD
    0x08001c9c   0x08001c9c   0x000001e6   Code   RO          114    .text.adc_init      hf_adc.o
    0x08001e82   0x08001e82   0x00000002   PAD
    0x08001e84   0x08001e84   0x000000a6   Code   RO          443    .text.adc_special_function_config  gd32f30x_adc.o
    0x08001f2a   0x08001f2a   0x00000002   PAD
    0x08001f2c   0x08001f2c   0x0000017a   Code   RO         2406    .text.bluetooth_buffer_ready  bluetooth_tuning.o
    0x080020a6   0x080020a6   0x00000002   PAD
    0x080020a8   0x080020a8   0x000000ae   Code   RO         2404    .text.bluetooth_feed_rx_char  bluetooth_tuning.o
    0x08002156   0x08002156   0x00000002   PAD
    0x08002158   0x08002158   0x00000340   Code   RO         2418    .text.bluetooth_handle_command  bluetooth_tuning.o
    0x08002498   0x08002498   0x00000044   Code   RO         2434    .text.bluetooth_limit_speed_target  bluetooth_tuning.o
    0x080024dc   0x080024dc   0x00000020   Code   RO         2426    .text.bluetooth_parse_float  bluetooth_tuning.o
    0x080024fc   0x080024fc   0x00000044   Code   RO         2430    .text.bluetooth_parse_i16  bluetooth_tuning.o
    0x08002540   0x08002540   0x000000d6   Code   RO         2428    .text.bluetooth_parse_sine  bluetooth_tuning.o
    0x08002616   0x08002616   0x00000002   PAD
    0x08002618   0x08002618   0x0000003e   Code   RO         2444    .text.bluetooth_parse_u16  bluetooth_tuning.o
    0x08002656   0x08002656   0x00000002   PAD
    0x08002658   0x08002658   0x0000003e   Code   RO         2408    .text.bluetooth_process_buffer  bluetooth_tuning.o
    0x08002696   0x08002696   0x00000002   PAD
    0x08002698   0x08002698   0x00000084   Code   RO         2412    .text.bluetooth_push_rx_byte  bluetooth_tuning.o
    0x0800271c   0x0800271c   0x0000007a   Code   RO         2402    .text.bluetooth_read_rx_byte  bluetooth_tuning.o
    0x08002796   0x08002796   0x00000002   PAD
    0x08002798   0x08002798   0x0000003e   Code   RO         2436    .text.bluetooth_send_ack_target  bluetooth_tuning.o
    0x080027d6   0x080027d6   0x00000002   PAD
    0x080027d8   0x080027d8   0x0000009c   Code   RO         2440    .text.bluetooth_send_fixed_2  bluetooth_tuning.o
    0x08002874   0x08002874   0x00000020   Code   RO         2424    .text.bluetooth_send_help  bluetooth_tuning.o
    0x08002894   0x08002894   0x000000ae   Code   RO         2438    .text.bluetooth_send_status  bluetooth_tuning.o
    0x08002942   0x08002942   0x00000002   PAD
    0x08002944   0x08002944   0x0000002c   Code   RO         2416    .text.bluetooth_send_str  bluetooth_tuning.o
    0x08002970   0x08002970   0x0000006a   Code   RO         2442    .text.bluetooth_skip_value  bluetooth_tuning.o
    0x080029da   0x080029da   0x00000002   PAD
    0x080029dc   0x080029dc   0x0000004a   Code   RO         2422    .text.bluetooth_starts_with  bluetooth_tuning.o
    0x08002a26   0x08002a26   0x00000002   PAD
    0x08002a28   0x08002a28   0x00000038   Code   RO         2432    .text.bluetooth_to_upper  bluetooth_tuning.o
    0x08002a60   0x08002a60   0x0000003a   Code   RO         2420    .text.bluetooth_trim_left  bluetooth_tuning.o
    0x08002a9a   0x08002a9a   0x00000002   PAD
    0x08002a9c   0x08002a9c   0x00000064   Code   RO         1983    .text.board_led_init  board.o
    0x08002b00   0x08002b00   0x00000024   Code   RO         2171    .text.buzzer_duty   car_buzzer.o
    0x08002b24   0x08002b24   0x00000032   Code   RO         2165    .text.buzzer_init   car_buzzer.o
    0x08002b56   0x08002b56   0x00000002   PAD
    0x08002b58   0x08002b58   0x0000001e   Code   RO         2199    .text.car_both_rgb_off  car_light.o
    0x08002b76   0x08002b76   0x00000002   PAD
    0x08002b78   0x08002b78   0x000000b8   Code   RO         2180    .text.car_init      car_init.o
    0x08002c30   0x08002c30   0x00000018   Code   RO         2193    .text.car_rgb_write_pair  car_light.o
    0x08002c48   0x08002c48   0x00000022   Code   RO         2378    .text.control_abs_i32  control.o
    0x08002c6a   0x08002c6a   0x00000002   PAD
    0x08002c6c   0x08002c6c   0x00000054   Code   RO         2350    .text.control_drive_motor  control.o
    0x08002cc0   0x08002cc0   0x0000003c   Code   RO         2374    .text.control_limit_i16  control.o
    0x08002cfc   0x08002cfc   0x0000009e   Code   RO         2348    .text.control_update_pwm  control.o
    0x08002d9a   0x08002d9a   0x00000002   PAD
    0x08002d9c   0x08002d9c   0x000000ca   Code   RO         2346    .text.control_update_sine_target  control.o
    0x08002e66   0x08002e66   0x00000002   PAD
    0x08002e68   0x08002e68   0x00000036   Code   RO          282    .text.delay_1ms     hf_systick.o
    0x08002e9e   0x08002e9e   0x00000002   PAD
    0x08002ea0   0x08002ea0   0x000000a0   Code   RO          280    .text.delay_1us     hf_systick.o
    0x08002f40   0x08002f40   0x000000ce   Code   RO         2307    .text.encoder_timer_config  encoder.o
    0x0800300e   0x0800300e   0x00000002   PAD
    0x08003010   0x08003010   0x00000034   Code   RO          317    .text.fputc         hf_uart.o
    0x08003044   0x08003044   0x0000007e   Code   RO          284    .text.get_current_time_us  hf_systick.o
    0x080030c2   0x080030c2   0x00000002   PAD
    0x080030c4   0x080030c4   0x0000000c   Code   RO          156    .text.gpio_bit_output  hf_gpio.o
    0x080030d0   0x080030d0   0x00000010   Code   RO         1213    .text.gpio_bit_reset  gd32f30x_gpio.o
    0x080030e0   0x080030e0   0x00000010   Code   RO         1211    .text.gpio_bit_set  gd32f30x_gpio.o
    0x080030f0   0x080030f0   0x0000000e   Code   RO          160    .text.gpio_get_input  hf_gpio.o
    0x080030fe   0x080030fe   0x00000002   PAD
    0x08003100   0x08003100   0x00000184   Code   RO         1209    .text.gpio_init     gd32f30x_gpio.o
    0x08003284   0x08003284   0x0000002a   Code   RO         1219    .text.gpio_input_bit_get  gd32f30x_gpio.o
    0x080032ae   0x080032ae   0x00000002   PAD
    0x080032b0   0x080032b0   0x00000060   Code   RO          152    .text.gpio_pin_init  hf_gpio.o
    0x08003310   0x08003310   0x00000002   Code   RO         2182    .text.int_init      car_init.o
    0x08003312   0x08003312   0x00000002   PAD
    0x08003314   0x08003314   0x0000007e   Code   RO         2140    .text.key_init      car_6keys.o
    0x08003392   0x08003392   0x00000002   PAD
    0x08003394   0x08003394   0x0000004a   Code   RO           75    .text.main          main.o
    0x080033de   0x080033de   0x00000002   PAD
    0x080033e0   0x080033e0   0x00000088   Code   RO          369    .text.motor_backward  hf_double_dc_motor.o
    0x08003468   0x08003468   0x0000008a   Code   RO          367    .text.motor_forward  hf_double_dc_motor.o
    0x080034f2   0x080034f2   0x00000002   PAD
    0x080034f4   0x080034f4   0x000000e2   Code   RO          365    .text.motor_init    hf_double_dc_motor.o
    0x080035d6   0x080035d6   0x00000002   PAD
    0x080035d8   0x080035d8   0x0000012c   Code   RO          371    .text.motor_set     hf_double_dc_motor.o
    0x08003704   0x08003704   0x00000128   Code   RO         1323    .text.nvic_irq_enable  gd32f30x_misc.o
    0x0800382c   0x0800382c   0x0000001c   Code   RO         1321    .text.nvic_priority_group_set  gd32f30x_misc.o
    0x08003848   0x08003848   0x0000005a   Code   RO           77    .text.period_elapsed  main.o
    0x080038a2   0x080038a2   0x00000002   PAD
    0x080038a4   0x080038a4   0x000000f4   Code   RO          240    .text.pwm_duty      hf_pwm.o
    0x08003998   0x08003998   0x00000052   Code   RO          236    .text.pwm_duty_to_pulse  hf_pwm.o
    0x080039ea   0x080039ea   0x00000002   PAD
    0x080039ec   0x080039ec   0x000001de   Code   RO          234    .text.pwm_init      hf_pwm.o
    0x08003bca   0x08003bca   0x00000002   PAD
    0x08003bcc   0x08003bcc   0x000000b4   Code   RO         1434    .text.rcu_adc_clock_config  gd32f30x_rcu.o
    0x08003c80   0x08003c80   0x0000025a   Code   RO         1466    .text.rcu_clock_freq_get  gd32f30x_rcu.o
    0x08003eda   0x08003eda   0x00000002   PAD
    0x08003edc   0x08003edc   0x00000028   Code   RO         1394    .text.rcu_periph_clock_enable  gd32f30x_rcu.o
    0x08003f04   0x08003f04   0x00000028   Code   RO         1404    .text.rcu_periph_reset_disable  gd32f30x_rcu.o
    0x08003f2c   0x08003f2c   0x00000028   Code   RO         1402    .text.rcu_periph_reset_enable  gd32f30x_rcu.o
    0x08003f54   0x08003f54   0x00000014   Code   RO         2271    .text.reed_init     car_reed.o
    0x08003f68   0x08003f68   0x0000003a   Code   RO         2342    .text.speed_pid_init  control.o
    0x08003fa2   0x08003fa2   0x00000002   PAD
    0x08003fa4   0x08003fa4   0x00000012   Code   RO         2354    .text.speed_pid_reset  control.o
    0x08003fb6   0x08003fb6   0x00000002   PAD
    0x08003fb8   0x08003fb8   0x00000114   Code   RO         2376    .text.speed_pid_update  control.o
    0x080040cc   0x080040cc   0x000001ae   Code   RO           94    .text.system_clock_120m_hxtal  system_gd32f30x.o
    0x0800427a   0x0800427a   0x00000002   PAD
    0x0800427c   0x0800427c   0x00000008   Code   RO           90    .text.system_clock_config  system_gd32f30x.o
    0x08004284   0x08004284   0x0000009e   Code   RO          274    .text.systick_config  hf_systick.o
    0x08004322   0x08004322   0x00000002   PAD
    0x08004324   0x08004324   0x00000012   Code   RO         1716    .text.timer_auto_reload_shadow_enable  gd32f30x_timer.o
    0x08004336   0x08004336   0x00000002   PAD
    0x08004338   0x08004338   0x0000008c   Code   RO         1812    .text.timer_channel_input_capture_prescaler_config  gd32f30x_timer.o
    0x080043c4   0x080043c4   0x000002d0   Code   RO         1788    .text.timer_channel_output_config  gd32f30x_timer.o
    0x08004694   0x08004694   0x0000008c   Code   RO         1790    .text.timer_channel_output_mode_config  gd32f30x_timer.o
    0x08004720   0x08004720   0x00000046   Code   RO         1792    .text.timer_channel_output_pulse_value_config  gd32f30x_timer.o
    0x08004766   0x08004766   0x00000002   PAD
    0x08004768   0x08004768   0x0000008c   Code   RO         1794    .text.timer_channel_output_shadow_config  gd32f30x_timer.o
    0x080047f4   0x080047f4   0x000001ea   Code   RO         1706    .text.timer_deinit  gd32f30x_timer.o
    0x080049de   0x080049de   0x00000002   PAD
    0x080049e0   0x080049e0   0x00000012   Code   RO         1714    .text.timer_disable  gd32f30x_timer.o
    0x080049f2   0x080049f2   0x00000002   PAD
    0x080049f4   0x080049f4   0x00000012   Code   RO         1712    .text.timer_enable  gd32f30x_timer.o
    0x08004a06   0x08004a06   0x00000002   PAD
    0x08004a08   0x08004a08   0x00000012   Code   RO         1756    .text.timer_flag_clear  gd32f30x_timer.o
    0x08004a1a   0x08004a1a   0x00000002   PAD
    0x08004a1c   0x08004a1c   0x0000002a   Code   RO         1754    .text.timer_flag_get  gd32f30x_timer.o
    0x08004a46   0x08004a46   0x00000002   PAD
    0x08004a48   0x08004a48   0x00000104   Code   RO         1710    .text.timer_init    gd32f30x_timer.o
    0x08004b4c   0x08004b4c   0x000001aa   Code   RO         1810    .text.timer_input_capture_config  gd32f30x_timer.o
    0x08004cf6   0x08004cf6   0x00000002   PAD
    0x08004cf8   0x08004cf8   0x0000002e   Code   RO         1780    .text.timer_primary_output_config  gd32f30x_timer.o
    0x08004d26   0x08004d26   0x00000002   PAD
    0x08004d28   0x08004d28   0x00000066   Code   RO         1830    .text.timer_quadrature_decoder_mode_config  gd32f30x_timer.o
    0x08004d8e   0x08004d8e   0x00000002   PAD
    0x08004d90   0x08004d90   0x00000026   Code   RO         1708    .text.timer_struct_para_init  gd32f30x_timer.o
    0x08004db6   0x08004db6   0x00000002   PAD
    0x08004db8   0x08004db8   0x0000002c   Code   RO         2282    .text.uart0_init    car_uart.o
    0x08004de4   0x08004de4   0x00000028   Code   RO         2284    .text.uart1_init    car_uart.o
    0x08004e0c   0x08004e0c   0x0000026c   Code   RO          301    .text.uart_init     hf_uart.o
    0x08005078   0x08005078   0x00000042   Code   RO          315    .text.uart_interrupt_init  hf_uart.o
    0x080050ba   0x080050ba   0x00000002   PAD
    0x080050bc   0x080050bc   0x00000024   Code   RO          303    .text.uart_putchar  hf_uart.o
    0x080050e0   0x080050e0   0x00000036   Code   RO          313    .text.uart_query    hf_uart.o
    0x08005116   0x08005116   0x00000002   PAD
    0x08005118   0x08005118   0x00000018   Code   RO         2288    .text.uart_send_char  car_uart.o
    0x08005130   0x08005130   0x0000003c   Code   RO          337    .text.ultra_init    hf_hc-sr04.o
    0x0800516c   0x0800516c   0x0000012a   Code   RO         2313    .text.update_encoder_values  encoder.o
    0x08005296   0x08005296   0x00000002   PAD
    0x08005298   0x08005298   0x000000ca   Code   RO         1857    .text.usart_baudrate_set  gd32f30x_usart.o
    0x08005362   0x08005362   0x00000002   PAD
    0x08005364   0x08005364   0x00000010   Code   RO         1885    .text.usart_data_receive  gd32f30x_usart.o
    0x08005374   0x08005374   0x00000014   Code   RO         1883    .text.usart_data_transmit  gd32f30x_usart.o
    0x08005388   0x08005388   0x000000b8   Code   RO         1855    .text.usart_deinit  gd32f30x_usart.o
    0x08005440   0x08005440   0x00000012   Code   RO         1865    .text.usart_enable  gd32f30x_usart.o
    0x08005452   0x08005452   0x00000002   PAD
    0x08005454   0x08005454   0x0000003a   Code   RO         1943    .text.usart_flag_get  gd32f30x_usart.o
    0x0800548e   0x0800548e   0x00000002   PAD
    0x08005490   0x08005490   0x00000024   Code   RO         1949    .text.usart_interrupt_disable  gd32f30x_usart.o
    0x080054b4   0x080054b4   0x00000024   Code   RO         1947    .text.usart_interrupt_enable  gd32f30x_usart.o
    0x080054d8   0x080054d8   0x0000002a   Code   RO         1871    .text.usart_receive_config  gd32f30x_usart.o
    0x08005502   0x08005502   0x00000002   PAD
    0x08005504   0x08005504   0x0000002a   Code   RO         1869    .text.usart_transmit_config  gd32f30x_usart.o
    0x0800552e   0x0800552e   0x00000002   PAD
    0x08005530   0x08005530   0x00000040   Code   RO          326    .text.ws2812b_init  hf_ws2812b.o
    0x08005570   0x08005570   0x000000c6   Code   RO          328    .text.ws2812b_write  hf_ws2812b.o
    0x08005636   0x08005636   0x00000002   PAD
    0x08005638   0x08005638   0x00000020   Code   RO         2473    i.__0printf         mc_w.l(printfa.o)
    0x08005658   0x08005658   0x00000028   Code   RO         2475    i.__0sprintf        mc_w.l(printfa.o)
    0x08005680   0x08005680   0x00000008   Code   RO         2542    i.__aeabi_errno_addr  mc_w.l(errno.o)
    0x08005688   0x08005688   0x00000038   Code   RO         2461    i.__hardfp_atof     m_wm.l(atof.o)
    0x080056c0   0x080056c0   0x0000000c   Code   RO         2543    i.__read_errno      mc_w.l(errno.o)
    0x080056cc   0x080056cc   0x0000000e   Code   RO         2617    i.__scatterload_copy  mc_w.l(handlers.o)
    0x080056da   0x080056da   0x00000002   Code   RO         2618    i.__scatterload_null  mc_w.l(handlers.o)
    0x080056dc   0x080056dc   0x0000000e   Code   RO         2619    i.__scatterload_zeroinit  mc_w.l(handlers.o)
    0x080056ea   0x080056ea   0x00000002   PAD
    0x080056ec   0x080056ec   0x0000000c   Code   RO         2544    i.__set_errno       mc_w.l(errno.o)
    0x080056f8   0x080056f8   0x00000184   Code   RO         2480    i._fp_digits        mc_w.l(printfa.o)
    0x0800587c   0x0800587c   0x0000000e   Code   RO         2602    i._is_digit         mc_w.l(scanf_fp.o)
    0x0800588a   0x0800588a   0x00000002   PAD
    0x0800588c   0x0800588c   0x000006dc   Code   RO         2481    i._printf_core      mc_w.l(printfa.o)
    0x08005f68   0x08005f68   0x00000024   Code   RO         2482    i._printf_post_padding  mc_w.l(printfa.o)
    0x08005f8c   0x08005f8c   0x0000002e   Code   RO         2483    i._printf_pre_padding  mc_w.l(printfa.o)
    0x08005fba   0x08005fba   0x0000000a   Code   RO         2485    i._sputc            mc_w.l(printfa.o)
    0x08005fc4   0x08005fc4   0x00000081   Data   RO         2573    .constdata          mc_w.l(ctype_o.o)
    0x08006045   0x08006045   0x00000003   PAD
    0x08006048   0x08006048   0x00000004   Data   RO         2574    .constdata          mc_w.l(ctype_o.o)
    0x0800604c   0x0800604c   0x00000040   Data   RO         2390    .rodata.sine_table  control.o
    0x0800608c   0x0800608c   0x00000047   Data   RO          293    .rodata.str1.1      hf_systick.o
    0x080060d3   0x080060d3   0x00000016   Data   RO          413    .rodata.str1.1      dmx_tof400c.o
    0x080060e9   0x080060e9   0x00000105   Data   RO         2451    .rodata.str1.1      bluetooth_tuning.o
    0x080061ee   0x080061ee   0x00000002   PAD
    0x080061f0   0x080061f0   0x00000020   Data   RO         2616    Region$$Table       anon$$obj.o


    Execution Region RW_IRAM1 (Exec base: 0x20000000, Load base: 0x08006210, Size: 0x00000648, Max: 0x0000c000, ABSOLUTE)

    Exec Addr    Load Addr    Size         Type   Attr      Idx    E Section Name        Object

    0x20000000   0x08006210   0x00000004   Data   RW         2526    .data               mc_w.l(stdout.o)
    0x20000004   0x08006214   0x00000004   Data   RW         2545    .data               mc_w.l(errno.o)
    0x20000008   0x08006218   0x00000004   Data   RW           96    .data.SystemCoreClock  system_gd32f30x.o
    0x2000000c   0x0800621c   0x00000087   Data   RW          412    .data.VL51L1X_CONFIGURATION  dmx_tof400c.o
    0x20000093   0x080062a3   0x00000001   PAD
    0x20000094   0x080062a4   0x00000060   Data   RW         2146    .data.key_table     car_6keys.o
    0x200000f4   0x08006304   0x0000000c   Data   RW         2381    .data.pid_param     control.o
    0x20000100   0x08006310   0x00000002   Data   RW         2388    .data.sine_period_ticks  control.o
    0x20000102   0x08006312   0x00000001   Data   RW         2450    .data.waveform_enabled  bluetooth_tuning.o
    0x20000103   0x08006313   0x00000005   PAD
    0x20000108        -       0x00000001   Zero   RW         2454    .bss.ack_enabled    bluetooth_tuning.o
    0x20000109        -       0x00000030   Zero   RW         2452    .bss.bt_cmd_buffer  bluetooth_tuning.o
    0x20000139        -       0x00000001   Zero   RW         2446    .bss.bt_cmd_len     bluetooth_tuning.o
    0x2000013a   0x08006313   0x00000006   PAD
    0x20000140        -       0x00000008   Zero   RW         2449    .bss.bt_last_rx_time_us  bluetooth_tuning.o
    0x20000148        -       0x00000060   Zero   RW         2453    .bss.bt_rx_buffer   bluetooth_tuning.o
    0x200001a8        -       0x00000001   Zero   RW         2447    .bss.bt_rx_head     bluetooth_tuning.o
    0x200001a9        -       0x00000001   Zero   RW         2448    .bss.bt_rx_tail     bluetooth_tuning.o
    0x200001aa   0x08006313   0x00000002   PAD
    0x200001ac        -       0x00000018   Zero   RW         2383    .bss.control_data   control.o
    0x200001c4   0x08006313   0x00000004   PAD
    0x200001c8        -       0x00000008   Zero   RW           79    .bss.control_last_time_us  main.o
    0x200001d0        -       0x00000004   Zero   RW          288    .bss.g_millis       hf_systick.o
    0x200001d4        -       0x00000004   Zero   RW         2384    .bss.last_count_left  control.o
    0x200001d8        -       0x00000004   Zero   RW         2385    .bss.last_count_right  control.o
    0x200001dc        -       0x00000004   Zero   RW         2323    .bss.motor1_count   encoder.o
    0x200001e0        -       0x00000001   Zero   RW         2325    .bss.motor1_dir     encoder.o
    0x200001e1   0x08006313   0x00000003   PAD
    0x200001e4        -       0x00000004   Zero   RW         2324    .bss.motor2_count   encoder.o
    0x200001e8        -       0x00000001   Zero   RW         2326    .bss.motor2_dir     encoder.o
    0x200001e9   0x08006313   0x00000001   PAD
    0x200001ea        -       0x0000000c   Zero   RW          244    .bss.period         hf_pwm.o
    0x200001f6   0x08006313   0x00000002   PAD
    0x200001f8        -       0x00000018   Zero   RW         2380    .bss.pid_left       control.o
    0x20000210        -       0x00000018   Zero   RW         2382    .bss.pid_right      control.o
    0x20000228        -       0x00000001   Zero   RW         2209    .bss.rgb_auto_off_enabled  car_light.o
    0x20000229        -       0x00000003   Zero   RW         2211    .bss.rgb_off        car_light.o
    0x2000022c        -       0x00000002   Zero   RW         2387    .bss.sine_amplitude  control.o
    0x2000022e        -       0x00000002   Zero   RW         2386    .bss.sine_base      control.o
    0x20000230        -       0x00000002   Zero   RW         2389    .bss.sine_tick      control.o
    0x20000232   0x08006313   0x00000002   PAD
    0x20000234        -       0x00000004   Zero   RW          290    .bss.sysTick_clk    hf_systick.o
    0x20000238        -       0x00000004   Zero   RW          291    .bss.ticks_per_us   hf_systick.o
    0x2000023c        -       0x00000004   Zero   RW          292    .bss.ticks_per_us_frac  hf_systick.o
    0x20000240        -       0x00000002   Zero   RW         2328    .bss.update_encoder_values.last_cnt1  encoder.o
    0x20000242        -       0x00000002   Zero   RW         2329    .bss.update_encoder_values.last_cnt2  encoder.o
    0x20000244   0x08006313   0x00000004   PAD
    0x20000248        -       0x00000400   Zero   RW          104    STACK               startup_gd32f30x_hd.o


==============================================================================

Image component sizes


      Code (inc. data)   RO Data    RW Data    ZI Data      Debug   Object Name

      3280          4        261          1        156       9831   bluetooth_tuning.o
       100          0          0          0          0      11207   board.o
       126          0          0         96          0       1803   car_6keys.o
        24          0          0          0          0        809   car_adc.o
        86          0          0          0          0       1291   car_buzzer.o
       186          0          0          0          0        759   car_init.o
        54          0          0          0          4       2669   car_light.o
        20          0          0          0          0        984   car_reed.o
       108          0          0          0          0       1209   car_uart.o
      2116          8         64         14         86       5558   control.o
      1324          0         22        135          0       3825   dmx_tof400c.o
       504          0          0          0         14       6678   encoder.o
       580          0          0          0          0       8522   gd32f30x_adc.o
       462          0          0          0          0       5779   gd32f30x_gpio.o
        80          0          0          0          0       2911   gd32f30x_it.o
       324          0          0          0          0       3181   gd32f30x_misc.o
       902          4          0          0          0      12505   gd32f30x_rcu.o
      2686         28          0          0          0      16873   gd32f30x_timer.o
       654          0          0          0          0      10729   gd32f30x_usart.o
       486         32          0          0          0       3286   hf_adc.o
       800          0          0          0          0       1895   hf_double_dc_motor.o
       122         32          0          0          0       4203   hf_gpio.o
        60          0          0          0          0       2166   hf_hc-sr04.o
       804          0          0          0         12       3581   hf_pwm.o
       698          0         71          0         16       5245   hf_systick.o
       828          0          0          0          0       4592   hf_uart.o
       262          0          0          0          0       2240   hf_ws2812b.o
       164          0          0          0          8       1005   main.o
        36          8        304          0       1024        936   startup_gd32f30x_hd.o
       662          0          0          4          0       2872   system_gd32f30x.o

    ----------------------------------------------------------------------
     18752        116        756        252       1348     139144   Object Totals
         0          0         32          0          0          0   (incl. Generated)
       214          0          2          2         28          0   (incl. Padding)

    ----------------------------------------------------------------------

      Code (inc. data)   RO Data    RW Data    ZI Data      Debug   Library Member Name

        56         10          0          0          0        132   atof.o
        28          0          0          0          0         68   _chval.o
        64          0          0          0          0         84   _sgetc.o
       158          0          0          0          0         92   _strtoul.o
        26          0          0          0          0         80   atol.o
         8          4        133          0          0         68   ctype_o.o
         0          0          0          0          0          0   entry.o
         0          0          0          0          0          0   entry10a.o
         0          0          0          0          0          0   entry11a.o
         8          4          0          0          0          0   entry2.o
         4          0          0          0          0          0   entry5.o
         0          0          0          0          0          0   entry7b.o
         0          0          0          0          0          0   entry8b.o
         8          4          0          0          0          0   entry9a.o
        32         16          0          4          0        204   errno.o
        30          0          0          0          0          0   handlers.o
        48         10          0          0          0         68   init.o
        18          0          0          0          0         76   isspace_o.o
         0          0          0          0          0          0   iusefp.o
        30          0          0          0          0         68   llshl.o
        36          0          0          0          0         68   llsshr.o
        32          0          0          0          0         68   llushr.o
      2308         96          0          0          0        604   printfa.o
       878         12          0          0          0        216   scanf_fp.o
         0          0          0          4          0          0   stdout.o
       168         12          0          0          0        124   strtod.o
       112          0          0          0          0         88   strtol.o
        44          0          0          0          0         80   uidiv.o
        98          0          0          0          0         92   uldiv.o
        48          0          0          0          0         68   cdrcmple.o
        56          0          0          0          0         88   d2f.o
       334          0          0          0          0        148   dadd.o
       222          0          0          0          0        100   ddiv.o
       186          0          0          0          0        176   depilogue.o
        48          0          0          0          0         68   dfixul.o
        24          0          0          0          0         76   dfltul.o
       228          0          0          0          0         96   dmul.o
       110          0          0          0          0        168   fepilogue.o

    ----------------------------------------------------------------------
      5460        168        136          8          0       3268   Library Totals
        10          0          3          0          0          0   (incl. Padding)

    ----------------------------------------------------------------------

      Code (inc. data)   RO Data    RW Data    ZI Data      Debug   Library Name

        56         10          0          0          0        132   m_wm.l
      4138        158        133          8          0       2148   mc_w.l
      1256          0          0          0          0        988   mf_w.l

    ----------------------------------------------------------------------
      5460        168        136          8          0       3268   Library Totals

    ----------------------------------------------------------------------

==============================================================================


      Code (inc. data)   RO Data    RW Data    ZI Data      Debug   

     24212        284        892        260       1348     140444   Grand Totals
     24212        284        892        260       1348     140444   ELF Image Totals
     24212        284        892        260          0          0   ROM Totals

==============================================================================

    Total RO  Size (Code + RO Data)                25104 (  24.52kB)
    Total RW  Size (RW Data + ZI Data)              1608 (   1.57kB)
    Total ROM Size (Code + RO Data + RW Data)      25364 (  24.77kB)

==============================================================================

